[0.606s] DEBUG:colcon:Command line arguments: ['/usr/bin/colcon', 'build']
[0.607s] DEBUG:colcon:Parsed command line arguments: Namespace(log_base=None, log_level=None, verb_name='build', build_base='build', install_base='install', merge_install=False, symlink_install=False, test_result_base=None, continue_on_error=False, executor='parallel', parallel_workers=32, event_handlers=None, ignore_user_meta=False, metas=['./colcon.meta'], base_paths=['.'], packages_ignore=None, packages_ignore_regex=None, paths=None, packages_up_to=None, packages_up_to_regex=None, packages_above=None, packages_above_and_dependencies=None, packages_above_depth=None, packages_select_by_dep=None, packages_skip_by_dep=None, packages_skip_up_to=None, packages_select_build_failed=False, packages_skip_build_finished=False, packages_select_test_failures=False, packages_skip_test_passed=False, packages_select=None, packages_skip=None, packages_select_regex=None, packages_skip_regex=None, packages_start=None, packages_end=None, allow_overriding=[], cmake_args=None, cmake_target=None, cmake_target_skip_unavailable=False, cmake_clean_cache=False, cmake_clean_first=False, cmake_force_configure=False, ament_cmake_args=None, catkin_cmake_args=None, catkin_skip_building_tests=False, verb_parser=<colcon_defaults.argument_parser.defaults.DefaultArgumentsDecorator object at 0x759411826e60>, verb_extension=<colcon_core.verb.build.BuildVerb object at 0x759411826560>, main=<bound method BuildVerb.main of <colcon_core.verb.build.BuildVerb object at 0x759411826560>>)
[0.717s] Level 1:colcon.colcon_core.package_discovery:discover_packages(colcon_meta) check parameters
[0.717s] Level 1:colcon.colcon_core.package_discovery:discover_packages(recursive) check parameters
[0.717s] Level 1:colcon.colcon_core.package_discovery:discover_packages(ignore) check parameters
[0.717s] Level 1:colcon.colcon_core.package_discovery:discover_packages(path) check parameters
[0.717s] Level 1:colcon.colcon_core.package_discovery:discover_packages(colcon_meta) discover
[0.717s] Level 1:colcon.colcon_core.package_discovery:discover_packages(recursive) discover
[0.717s] INFO:colcon.colcon_core.package_discovery:Crawling recursively for packages in '/home/fyp/FYP/aerogripper_ws'
[0.717s] Level 1:colcon.colcon_core.package_identification:_identify(.) by extensions ['ignore', 'ignore_ament_install']
[0.718s] Level 1:colcon.colcon_core.package_identification:_identify(.) by extension 'ignore'
[0.718s] Level 1:colcon.colcon_core.package_identification:_identify(.) by extension 'ignore_ament_install'
[0.718s] Level 1:colcon.colcon_core.package_identification:_identify(.) by extensions ['colcon_pkg']
[0.718s] Level 1:colcon.colcon_core.package_identification:_identify(.) by extension 'colcon_pkg'
[0.718s] Level 1:colcon.colcon_core.package_identification:_identify(.) by extensions ['colcon_meta']
[0.718s] Level 1:colcon.colcon_core.package_identification:_identify(.) by extension 'colcon_meta'
[0.718s] Level 1:colcon.colcon_core.package_identification:_identify(.) by extensions ['ros']
[0.718s] Level 1:colcon.colcon_core.package_identification:_identify(.) by extension 'ros'
[0.727s] Level 1:colcon.colcon_core.package_identification:_identify(.) by extensions ['cmake', 'python']
[0.727s] Level 1:colcon.colcon_core.package_identification:_identify(.) by extension 'cmake'
[0.727s] Level 1:colcon.colcon_core.package_identification:_identify(.) by extension 'python'
[0.727s] Level 1:colcon.colcon_core.package_identification:_identify(.) by extensions ['python_setup_py']
[0.727s] Level 1:colcon.colcon_core.package_identification:_identify(.) by extension 'python_setup_py'
[0.727s] Level 1:colcon.colcon_core.package_identification:_identify(build) by extensions ['ignore', 'ignore_ament_install']
[0.727s] Level 1:colcon.colcon_core.package_identification:_identify(build) by extension 'ignore'
[0.727s] Level 1:colcon.colcon_core.package_identification:_identify(build) ignored
[0.727s] Level 1:colcon.colcon_core.package_identification:_identify(install) by extensions ['ignore', 'ignore_ament_install']
[0.727s] Level 1:colcon.colcon_core.package_identification:_identify(install) by extension 'ignore'
[0.727s] Level 1:colcon.colcon_core.package_identification:_identify(install) ignored
[0.728s] Level 1:colcon.colcon_core.package_identification:_identify(log) by extensions ['ignore', 'ignore_ament_install']
[0.728s] Level 1:colcon.colcon_core.package_identification:_identify(log) by extension 'ignore'
[0.728s] Level 1:colcon.colcon_core.package_identification:_identify(log) ignored
[0.728s] Level 1:colcon.colcon_core.package_identification:_identify(src) by extensions ['ignore', 'ignore_ament_install']
[0.728s] Level 1:colcon.colcon_core.package_identification:_identify(src) by extension 'ignore'
[0.728s] Level 1:colcon.colcon_core.package_identification:_identify(src) by extension 'ignore_ament_install'
[0.728s] Level 1:colcon.colcon_core.package_identification:_identify(src) by extensions ['colcon_pkg']
[0.728s] Level 1:colcon.colcon_core.package_identification:_identify(src) by extension 'colcon_pkg'
[0.728s] Level 1:colcon.colcon_core.package_identification:_identify(src) by extensions ['colcon_meta']
[0.728s] Level 1:colcon.colcon_core.package_identification:_identify(src) by extension 'colcon_meta'
[0.728s] Level 1:colcon.colcon_core.package_identification:_identify(src) by extensions ['ros']
[0.728s] Level 1:colcon.colcon_core.package_identification:_identify(src) by extension 'ros'
[0.728s] Level 1:colcon.colcon_core.package_identification:_identify(src) by extensions ['cmake', 'python']
[0.728s] Level 1:colcon.colcon_core.package_identification:_identify(src) by extension 'cmake'
[0.728s] Level 1:colcon.colcon_core.package_identification:_identify(src) by extension 'python'
[0.728s] Level 1:colcon.colcon_core.package_identification:_identify(src) by extensions ['python_setup_py']
[0.728s] Level 1:colcon.colcon_core.package_identification:_identify(src) by extension 'python_setup_py'
[0.728s] Level 1:colcon.colcon_core.package_identification:_identify(src/aerogripper_control) by extensions ['ignore', 'ignore_ament_install']
[0.728s] Level 1:colcon.colcon_core.package_identification:_identify(src/aerogripper_control) by extension 'ignore'
[0.728s] Level 1:colcon.colcon_core.package_identification:_identify(src/aerogripper_control) by extension 'ignore_ament_install'
[0.728s] Level 1:colcon.colcon_core.package_identification:_identify(src/aerogripper_control) by extensions ['colcon_pkg']
[0.728s] Level 1:colcon.colcon_core.package_identification:_identify(src/aerogripper_control) by extension 'colcon_pkg'
[0.728s] Level 1:colcon.colcon_core.package_identification:_identify(src/aerogripper_control) by extensions ['colcon_meta']
[0.728s] Level 1:colcon.colcon_core.package_identification:_identify(src/aerogripper_control) by extension 'colcon_meta'
[0.728s] Level 1:colcon.colcon_core.package_identification:_identify(src/aerogripper_control) by extensions ['ros']
[0.728s] Level 1:colcon.colcon_core.package_identification:_identify(src/aerogripper_control) by extension 'ros'
[0.730s] DEBUG:colcon.colcon_core.package_identification:Package 'src/aerogripper_control' with type 'ros.ament_cmake' and name 'aerogripper_control'
[0.730s] Level 1:colcon.colcon_core.package_identification:_identify(src/aerogripper_msgs) by extensions ['ignore', 'ignore_ament_install']
[0.730s] Level 1:colcon.colcon_core.package_identification:_identify(src/aerogripper_msgs) by extension 'ignore'
[0.731s] Level 1:colcon.colcon_core.package_identification:_identify(src/aerogripper_msgs) by extension 'ignore_ament_install'
[0.731s] Level 1:colcon.colcon_core.package_identification:_identify(src/aerogripper_msgs) by extensions ['colcon_pkg']
[0.731s] Level 1:colcon.colcon_core.package_identification:_identify(src/aerogripper_msgs) by extension 'colcon_pkg'
[0.731s] Level 1:colcon.colcon_core.package_identification:_identify(src/aerogripper_msgs) by extensions ['colcon_meta']
[0.731s] Level 1:colcon.colcon_core.package_identification:_identify(src/aerogripper_msgs) by extension 'colcon_meta'
[0.731s] Level 1:colcon.colcon_core.package_identification:_identify(src/aerogripper_msgs) by extensions ['ros']
[0.731s] Level 1:colcon.colcon_core.package_identification:_identify(src/aerogripper_msgs) by extension 'ros'
[0.731s] DEBUG:colcon.colcon_core.package_identification:Package 'src/aerogripper_msgs' with type 'ros.ament_cmake' and name 'aerogripper_msgs'
[0.731s] Level 1:colcon.colcon_core.package_identification:_identify(src/aerogripper_simulator) by extensions ['ignore', 'ignore_ament_install']
[0.731s] Level 1:colcon.colcon_core.package_identification:_identify(src/aerogripper_simulator) by extension 'ignore'
[0.731s] Level 1:colcon.colcon_core.package_identification:_identify(src/aerogripper_simulator) by extension 'ignore_ament_install'
[0.731s] Level 1:colcon.colcon_core.package_identification:_identify(src/aerogripper_simulator) by extensions ['colcon_pkg']
[0.731s] Level 1:colcon.colcon_core.package_identification:_identify(src/aerogripper_simulator) by extension 'colcon_pkg'
[0.731s] Level 1:colcon.colcon_core.package_identification:_identify(src/aerogripper_simulator) by extensions ['colcon_meta']
[0.731s] Level 1:colcon.colcon_core.package_identification:_identify(src/aerogripper_simulator) by extension 'colcon_meta'
[0.732s] Level 1:colcon.colcon_core.package_identification:_identify(src/aerogripper_simulator) by extensions ['ros']
[0.732s] Level 1:colcon.colcon_core.package_identification:_identify(src/aerogripper_simulator) by extension 'ros'
[0.732s] DEBUG:colcon.colcon_core.package_identification:Package 'src/aerogripper_simulator' with type 'ros.ament_cmake' and name 'aerogripper_simulator'
[0.732s] Level 1:colcon.colcon_core.package_identification:_identify(src/aerogripper_ws) by extensions ['ignore', 'ignore_ament_install']
[0.732s] Level 1:colcon.colcon_core.package_identification:_identify(src/aerogripper_ws) by extension 'ignore'
[0.732s] Level 1:colcon.colcon_core.package_identification:_identify(src/aerogripper_ws) by extension 'ignore_ament_install'
[0.732s] Level 1:colcon.colcon_core.package_identification:_identify(src/aerogripper_ws) by extensions ['colcon_pkg']
[0.732s] Level 1:colcon.colcon_core.package_identification:_identify(src/aerogripper_ws) by extension 'colcon_pkg'
[0.733s] Level 1:colcon.colcon_core.package_identification:_identify(src/aerogripper_ws) by extensions ['colcon_meta']
[0.733s] Level 1:colcon.colcon_core.package_identification:_identify(src/aerogripper_ws) by extension 'colcon_meta'
[0.733s] Level 1:colcon.colcon_core.package_identification:_identify(src/aerogripper_ws) by extensions ['ros']
[0.733s] Level 1:colcon.colcon_core.package_identification:_identify(src/aerogripper_ws) by extension 'ros'
[0.733s] Level 1:colcon.colcon_core.package_identification:_identify(src/aerogripper_ws) by extensions ['cmake', 'python']
[0.733s] Level 1:colcon.colcon_core.package_identification:_identify(src/aerogripper_ws) by extension 'cmake'
[0.733s] Level 1:colcon.colcon_core.package_identification:_identify(src/aerogripper_ws) by extension 'python'
[0.733s] Level 1:colcon.colcon_core.package_identification:_identify(src/aerogripper_ws) by extensions ['python_setup_py']
[0.733s] Level 1:colcon.colcon_core.package_identification:_identify(src/aerogripper_ws) by extension 'python_setup_py'
[0.733s] Level 1:colcon.colcon_core.package_identification:_identify(src/aerogripper_ws/src) by extensions ['ignore', 'ignore_ament_install']
[0.733s] Level 1:colcon.colcon_core.package_identification:_identify(src/aerogripper_ws/src) by extension 'ignore'
[0.733s] Level 1:colcon.colcon_core.package_identification:_identify(src/aerogripper_ws/src) by extension 'ignore_ament_install'
[0.733s] Level 1:colcon.colcon_core.package_identification:_identify(src/aerogripper_ws/src) by extensions ['colcon_pkg']
[0.733s] Level 1:colcon.colcon_core.package_identification:_identify(src/aerogripper_ws/src) by extension 'colcon_pkg'
[0.733s] Level 1:colcon.colcon_core.package_identification:_identify(src/aerogripper_ws/src) by extensions ['colcon_meta']
[0.733s] Level 1:colcon.colcon_core.package_identification:_identify(src/aerogripper_ws/src) by extension 'colcon_meta'
[0.733s] Level 1:colcon.colcon_core.package_identification:_identify(src/aerogripper_ws/src) by extensions ['ros']
[0.733s] Level 1:colcon.colcon_core.package_identification:_identify(src/aerogripper_ws/src) by extension 'ros'
[0.733s] Level 1:colcon.colcon_core.package_identification:_identify(src/aerogripper_ws/src) by extensions ['cmake', 'python']
[0.733s] Level 1:colcon.colcon_core.package_identification:_identify(src/aerogripper_ws/src) by extension 'cmake'
[0.733s] Level 1:colcon.colcon_core.package_identification:_identify(src/aerogripper_ws/src) by extension 'python'
[0.733s] Level 1:colcon.colcon_core.package_identification:_identify(src/aerogripper_ws/src) by extensions ['python_setup_py']
[0.733s] Level 1:colcon.colcon_core.package_identification:_identify(src/aerogripper_ws/src) by extension 'python_setup_py'
[0.733s] Level 1:colcon.colcon_core.package_identification:_identify(src/aerogripper_ws/src/aerogripper_control) by extensions ['ignore', 'ignore_ament_install']
[0.733s] Level 1:colcon.colcon_core.package_identification:_identify(src/aerogripper_ws/src/aerogripper_control) by extension 'ignore'
[0.733s] Level 1:colcon.colcon_core.package_identification:_identify(src/aerogripper_ws/src/aerogripper_control) by extension 'ignore_ament_install'
[0.733s] Level 1:colcon.colcon_core.package_identification:_identify(src/aerogripper_ws/src/aerogripper_control) by extensions ['colcon_pkg']
[0.733s] Level 1:colcon.colcon_core.package_identification:_identify(src/aerogripper_ws/src/aerogripper_control) by extension 'colcon_pkg'
[0.733s] Level 1:colcon.colcon_core.package_identification:_identify(src/aerogripper_ws/src/aerogripper_control) by extensions ['colcon_meta']
[0.734s] Level 1:colcon.colcon_core.package_identification:_identify(src/aerogripper_ws/src/aerogripper_control) by extension 'colcon_meta'
[0.734s] Level 1:colcon.colcon_core.package_identification:_identify(src/aerogripper_ws/src/aerogripper_control) by extensions ['ros']
[0.734s] Level 1:colcon.colcon_core.package_identification:_identify(src/aerogripper_ws/src/aerogripper_control) by extension 'ros'
[0.734s] Level 1:colcon.colcon_core.package_identification:_identify(src/aerogripper_ws/src/aerogripper_control) by extensions ['cmake', 'python']
[0.734s] Level 1:colcon.colcon_core.package_identification:_identify(src/aerogripper_ws/src/aerogripper_control) by extension 'cmake'
[0.734s] Level 1:colcon.colcon_core.package_identification:_identify(src/aerogripper_ws/src/aerogripper_control) by extension 'python'
[0.734s] Level 1:colcon.colcon_core.package_identification:_identify(src/aerogripper_ws/src/aerogripper_control) by extensions ['python_setup_py']
[0.734s] Level 1:colcon.colcon_core.package_identification:_identify(src/aerogripper_ws/src/aerogripper_control) by extension 'python_setup_py'
[0.734s] Level 1:colcon.colcon_core.package_identification:_identify(src/aerogripper_ws/src/aerogripper_control/config) by extensions ['ignore', 'ignore_ament_install']
[0.734s] Level 1:colcon.colcon_core.package_identification:_identify(src/aerogripper_ws/src/aerogripper_control/config) by extension 'ignore'
[0.734s] Level 1:colcon.colcon_core.package_identification:_identify(src/aerogripper_ws/src/aerogripper_control/config) by extension 'ignore_ament_install'
[0.734s] Level 1:colcon.colcon_core.package_identification:_identify(src/aerogripper_ws/src/aerogripper_control/config) by extensions ['colcon_pkg']
[0.734s] Level 1:colcon.colcon_core.package_identification:_identify(src/aerogripper_ws/src/aerogripper_control/config) by extension 'colcon_pkg'
[0.734s] Level 1:colcon.colcon_core.package_identification:_identify(src/aerogripper_ws/src/aerogripper_control/config) by extensions ['colcon_meta']
[0.734s] Level 1:colcon.colcon_core.package_identification:_identify(src/aerogripper_ws/src/aerogripper_control/config) by extension 'colcon_meta'
[0.734s] Level 1:colcon.colcon_core.package_identification:_identify(src/aerogripper_ws/src/aerogripper_control/config) by extensions ['ros']
[0.734s] Level 1:colcon.colcon_core.package_identification:_identify(src/aerogripper_ws/src/aerogripper_control/config) by extension 'ros'
[0.734s] Level 1:colcon.colcon_core.package_identification:_identify(src/aerogripper_ws/src/aerogripper_control/config) by extensions ['cmake', 'python']
[0.734s] Level 1:colcon.colcon_core.package_identification:_identify(src/aerogripper_ws/src/aerogripper_control/config) by extension 'cmake'
[0.734s] Level 1:colcon.colcon_core.package_identification:_identify(src/aerogripper_ws/src/aerogripper_control/config) by extension 'python'
[0.734s] Level 1:colcon.colcon_core.package_identification:_identify(src/aerogripper_ws/src/aerogripper_control/config) by extensions ['python_setup_py']
[0.734s] Level 1:colcon.colcon_core.package_identification:_identify(src/aerogripper_ws/src/aerogripper_control/config) by extension 'python_setup_py'
[0.734s] Level 1:colcon.colcon_core.package_identification:_identify(src/aerogripper_ws/src/aerogripper_control/include) by extensions ['ignore', 'ignore_ament_install']
[0.734s] Level 1:colcon.colcon_core.package_identification:_identify(src/aerogripper_ws/src/aerogripper_control/include) by extension 'ignore'
[0.734s] Level 1:colcon.colcon_core.package_identification:_identify(src/aerogripper_ws/src/aerogripper_control/include) by extension 'ignore_ament_install'
[0.734s] Level 1:colcon.colcon_core.package_identification:_identify(src/aerogripper_ws/src/aerogripper_control/include) by extensions ['colcon_pkg']
[0.734s] Level 1:colcon.colcon_core.package_identification:_identify(src/aerogripper_ws/src/aerogripper_control/include) by extension 'colcon_pkg'
[0.734s] Level 1:colcon.colcon_core.package_identification:_identify(src/aerogripper_ws/src/aerogripper_control/include) by extensions ['colcon_meta']
[0.734s] Level 1:colcon.colcon_core.package_identification:_identify(src/aerogripper_ws/src/aerogripper_control/include) by extension 'colcon_meta'
[0.734s] Level 1:colcon.colcon_core.package_identification:_identify(src/aerogripper_ws/src/aerogripper_control/include) by extensions ['ros']
[0.734s] Level 1:colcon.colcon_core.package_identification:_identify(src/aerogripper_ws/src/aerogripper_control/include) by extension 'ros'
[0.734s] Level 1:colcon.colcon_core.package_identification:_identify(src/aerogripper_ws/src/aerogripper_control/include) by extensions ['cmake', 'python']
[0.734s] Level 1:colcon.colcon_core.package_identification:_identify(src/aerogripper_ws/src/aerogripper_control/include) by extension 'cmake'
[0.735s] Level 1:colcon.colcon_core.package_identification:_identify(src/aerogripper_ws/src/aerogripper_control/include) by extension 'python'
[0.735s] Level 1:colcon.colcon_core.package_identification:_identify(src/aerogripper_ws/src/aerogripper_control/include) by extensions ['python_setup_py']
[0.735s] Level 1:colcon.colcon_core.package_identification:_identify(src/aerogripper_ws/src/aerogripper_control/include) by extension 'python_setup_py'
[0.735s] Level 1:colcon.colcon_core.package_identification:_identify(src/aerogripper_ws/src/aerogripper_control/src) by extensions ['ignore', 'ignore_ament_install']
[0.735s] Level 1:colcon.colcon_core.package_identification:_identify(src/aerogripper_ws/src/aerogripper_control/src) by extension 'ignore'
[0.735s] Level 1:colcon.colcon_core.package_identification:_identify(src/aerogripper_ws/src/aerogripper_control/src) by extension 'ignore_ament_install'
[0.735s] Level 1:colcon.colcon_core.package_identification:_identify(src/aerogripper_ws/src/aerogripper_control/src) by extensions ['colcon_pkg']
[0.735s] Level 1:colcon.colcon_core.package_identification:_identify(src/aerogripper_ws/src/aerogripper_control/src) by extension 'colcon_pkg'
[0.735s] Level 1:colcon.colcon_core.package_identification:_identify(src/aerogripper_ws/src/aerogripper_control/src) by extensions ['colcon_meta']
[0.735s] Level 1:colcon.colcon_core.package_identification:_identify(src/aerogripper_ws/src/aerogripper_control/src) by extension 'colcon_meta'
[0.735s] Level 1:colcon.colcon_core.package_identification:_identify(src/aerogripper_ws/src/aerogripper_control/src) by extensions ['ros']
[0.735s] Level 1:colcon.colcon_core.package_identification:_identify(src/aerogripper_ws/src/aerogripper_control/src) by extension 'ros'
[0.735s] Level 1:colcon.colcon_core.package_identification:_identify(src/aerogripper_ws/src/aerogripper_control/src) by extensions ['cmake', 'python']
[0.735s] Level 1:colcon.colcon_core.package_identification:_identify(src/aerogripper_ws/src/aerogripper_control/src) by extension 'cmake'
[0.735s] Level 1:colcon.colcon_core.package_identification:_identify(src/aerogripper_ws/src/aerogripper_control/src) by extension 'python'
[0.735s] Level 1:colcon.colcon_core.package_identification:_identify(src/aerogripper_ws/src/aerogripper_control/src) by extensions ['python_setup_py']
[0.735s] Level 1:colcon.colcon_core.package_identification:_identify(src/aerogripper_ws/src/aerogripper_control/src) by extension 'python_setup_py'
[0.735s] Level 1:colcon.colcon_core.package_identification:_identify(src/thrust_calibration) by extensions ['ignore', 'ignore_ament_install']
[0.735s] Level 1:colcon.colcon_core.package_identification:_identify(src/thrust_calibration) by extension 'ignore'
[0.735s] Level 1:colcon.colcon_core.package_identification:_identify(src/thrust_calibration) by extension 'ignore_ament_install'
[0.735s] Level 1:colcon.colcon_core.package_identification:_identify(src/thrust_calibration) by extensions ['colcon_pkg']
[0.735s] Level 1:colcon.colcon_core.package_identification:_identify(src/thrust_calibration) by extension 'colcon_pkg'
[0.735s] Level 1:colcon.colcon_core.package_identification:_identify(src/thrust_calibration) by extensions ['colcon_meta']
[0.735s] Level 1:colcon.colcon_core.package_identification:_identify(src/thrust_calibration) by extension 'colcon_meta'
[0.735s] Level 1:colcon.colcon_core.package_identification:_identify(src/thrust_calibration) by extensions ['ros']
[0.735s] Level 1:colcon.colcon_core.package_identification:_identify(src/thrust_calibration) by extension 'ros'
[0.735s] Level 1:colcon.colcon_core.package_identification:_identify(src/thrust_calibration) by extensions ['cmake', 'python']
[0.735s] Level 1:colcon.colcon_core.package_identification:_identify(src/thrust_calibration) by extension 'cmake'
[0.735s] Level 1:colcon.colcon_core.package_identification:_identify(src/thrust_calibration) by extension 'python'
[0.735s] Level 1:colcon.colcon_core.package_identification:_identify(src/thrust_calibration) by extensions ['python_setup_py']
[0.735s] Level 1:colcon.colcon_core.package_identification:_identify(src/thrust_calibration) by extension 'python_setup_py'
[0.735s] Level 1:colcon.colcon_core.package_discovery:discover_packages(recursive) using defaults
[0.736s] Level 1:colcon.colcon_core.package_discovery:discover_packages(ignore) discover
[0.736s] Level 1:colcon.colcon_core.package_discovery:discover_packages(ignore) using defaults
[0.736s] Level 1:colcon.colcon_core.package_discovery:discover_packages(path) discover
[0.736s] Level 1:colcon.colcon_core.package_discovery:discover_packages(path) using defaults
[0.751s] Level 1:colcon.colcon_core.package_discovery:discover_packages(prefix_path) check parameters
[0.751s] Level 1:colcon.colcon_core.package_discovery:discover_packages(prefix_path) discover
[0.753s] DEBUG:colcon.colcon_installed_package_information.package_discovery:Found 272 installed packages in /opt/ros/humble
[0.754s] Level 1:colcon.colcon_core.package_discovery:discover_packages(prefix_path) using defaults
[0.788s] Level 5:colcon.colcon_core.verb:set package 'aerogripper_msgs' build argument 'cmake_args' from command line to 'None'
[0.788s] Level 5:colcon.colcon_core.verb:set package 'aerogripper_msgs' build argument 'cmake_target' from command line to 'None'
[0.788s] Level 5:colcon.colcon_core.verb:set package 'aerogripper_msgs' build argument 'cmake_target_skip_unavailable' from command line to 'False'
[0.788s] Level 5:colcon.colcon_core.verb:set package 'aerogripper_msgs' build argument 'cmake_clean_cache' from command line to 'False'
[0.788s] Level 5:colcon.colcon_core.verb:set package 'aerogripper_msgs' build argument 'cmake_clean_first' from command line to 'False'
[0.788s] Level 5:colcon.colcon_core.verb:set package 'aerogripper_msgs' build argument 'cmake_force_configure' from command line to 'False'
[0.788s] Level 5:colcon.colcon_core.verb:set package 'aerogripper_msgs' build argument 'ament_cmake_args' from command line to 'None'
[0.788s] Level 5:colcon.colcon_core.verb:set package 'aerogripper_msgs' build argument 'catkin_cmake_args' from command line to 'None'
[0.788s] Level 5:colcon.colcon_core.verb:set package 'aerogripper_msgs' build argument 'catkin_skip_building_tests' from command line to 'False'
[0.788s] DEBUG:colcon.colcon_core.verb:Building package 'aerogripper_msgs' with the following arguments: {'ament_cmake_args': None, 'build_base': '/home/fyp/FYP/aerogripper_ws/build/aerogripper_msgs', 'catkin_cmake_args': None, 'catkin_skip_building_tests': False, 'cmake_args': None, 'cmake_clean_cache': False, 'cmake_clean_first': False, 'cmake_force_configure': False, 'cmake_target': None, 'cmake_target_skip_unavailable': False, 'install_base': '/home/fyp/FYP/aerogripper_ws/install/aerogripper_msgs', 'merge_install': False, 'path': '/home/fyp/FYP/aerogripper_ws/src/aerogripper_msgs', 'symlink_install': False, 'test_result_base': None}
[0.789s] Level 5:colcon.colcon_core.verb:set package 'aerogripper_simulator' build argument 'cmake_args' from command line to 'None'
[0.789s] Level 5:colcon.colcon_core.verb:set package 'aerogripper_simulator' build argument 'cmake_target' from command line to 'None'
[0.789s] Level 5:colcon.colcon_core.verb:set package 'aerogripper_simulator' build argument 'cmake_target_skip_unavailable' from command line to 'False'
[0.789s] Level 5:colcon.colcon_core.verb:set package 'aerogripper_simulator' build argument 'cmake_clean_cache' from command line to 'False'
[0.789s] Level 5:colcon.colcon_core.verb:set package 'aerogripper_simulator' build argument 'cmake_clean_first' from command line to 'False'
[0.789s] Level 5:colcon.colcon_core.verb:set package 'aerogripper_simulator' build argument 'cmake_force_configure' from command line to 'False'
[0.789s] Level 5:colcon.colcon_core.verb:set package 'aerogripper_simulator' build argument 'ament_cmake_args' from command line to 'None'
[0.789s] Level 5:colcon.colcon_core.verb:set package 'aerogripper_simulator' build argument 'catkin_cmake_args' from command line to 'None'
[0.789s] Level 5:colcon.colcon_core.verb:set package 'aerogripper_simulator' build argument 'catkin_skip_building_tests' from command line to 'False'
[0.789s] DEBUG:colcon.colcon_core.verb:Building package 'aerogripper_simulator' with the following arguments: {'ament_cmake_args': None, 'build_base': '/home/fyp/FYP/aerogripper_ws/build/aerogripper_simulator', 'catkin_cmake_args': None, 'catkin_skip_building_tests': False, 'cmake_args': None, 'cmake_clean_cache': False, 'cmake_clean_first': False, 'cmake_force_configure': False, 'cmake_target': None, 'cmake_target_skip_unavailable': False, 'install_base': '/home/fyp/FYP/aerogripper_ws/install/aerogripper_simulator', 'merge_install': False, 'path': '/home/fyp/FYP/aerogripper_ws/src/aerogripper_simulator', 'symlink_install': False, 'test_result_base': None}
[0.789s] Level 5:colcon.colcon_core.verb:set package 'aerogripper_control' build argument 'cmake_args' from command line to 'None'
[0.789s] Level 5:colcon.colcon_core.verb:set package 'aerogripper_control' build argument 'cmake_target' from command line to 'None'
[0.789s] Level 5:colcon.colcon_core.verb:set package 'aerogripper_control' build argument 'cmake_target_skip_unavailable' from command line to 'False'
[0.789s] Level 5:colcon.colcon_core.verb:set package 'aerogripper_control' build argument 'cmake_clean_cache' from command line to 'False'
[0.789s] Level 5:colcon.colcon_core.verb:set package 'aerogripper_control' build argument 'cmake_clean_first' from command line to 'False'
[0.789s] Level 5:colcon.colcon_core.verb:set package 'aerogripper_control' build argument 'cmake_force_configure' from command line to 'False'
[0.789s] Level 5:colcon.colcon_core.verb:set package 'aerogripper_control' build argument 'ament_cmake_args' from command line to 'None'
[0.789s] Level 5:colcon.colcon_core.verb:set package 'aerogripper_control' build argument 'catkin_cmake_args' from command line to 'None'
[0.789s] Level 5:colcon.colcon_core.verb:set package 'aerogripper_control' build argument 'catkin_skip_building_tests' from command line to 'False'
[0.789s] DEBUG:colcon.colcon_core.verb:Building package 'aerogripper_control' with the following arguments: {'ament_cmake_args': None, 'build_base': '/home/fyp/FYP/aerogripper_ws/build/aerogripper_control', 'catkin_cmake_args': None, 'catkin_skip_building_tests': False, 'cmake_args': None, 'cmake_clean_cache': False, 'cmake_clean_first': False, 'cmake_force_configure': False, 'cmake_target': None, 'cmake_target_skip_unavailable': False, 'install_base': '/home/fyp/FYP/aerogripper_ws/install/aerogripper_control', 'merge_install': False, 'path': '/home/fyp/FYP/aerogripper_ws/src/aerogripper_control', 'symlink_install': False, 'test_result_base': None}
[0.789s] INFO:colcon.colcon_core.executor:Executing jobs using 'parallel' executor
[0.790s] DEBUG:colcon.colcon_parallel_executor.executor.parallel:run_until_complete
[0.790s] INFO:colcon.colcon_ros.task.ament_cmake.build:Building ROS package in '/home/fyp/FYP/aerogripper_ws/src/aerogripper_msgs' with build type 'ament_cmake'
[0.791s] INFO:colcon.colcon_cmake.task.cmake.build:Building CMake package in '/home/fyp/FYP/aerogripper_ws/src/aerogripper_msgs'
[0.792s] INFO:colcon.colcon_core.plugin_system:Skipping extension 'colcon_core.shell.bat': Not used on non-Windows systems
[0.793s] INFO:colcon.colcon_core.shell:Skip shell extension 'powershell' for command environment: Not usable outside of PowerShell
[0.793s] DEBUG:colcon.colcon_core.shell:Skip shell extension 'dsv' for command environment
[0.795s] INFO:colcon.colcon_ros.task.ament_cmake.build:Building ROS package in '/home/fyp/FYP/aerogripper_ws/src/aerogripper_simulator' with build type 'ament_cmake'
[0.796s] INFO:colcon.colcon_cmake.task.cmake.build:Building CMake package in '/home/fyp/FYP/aerogripper_ws/src/aerogripper_simulator'
[0.796s] INFO:colcon.colcon_core.shell:Skip shell extension 'powershell' for command environment: Not usable outside of PowerShell
[0.796s] DEBUG:colcon.colcon_core.shell:Skip shell extension 'dsv' for command environment
[0.801s] DEBUG:colcon.colcon_core.event_handler.log_command:Invoking command in '/home/fyp/FYP/aerogripper_ws/build/aerogripper_msgs': CMAKE_PREFIX_PATH=/opt/ros/humble /usr/bin/cmake /home/fyp/FYP/aerogripper_ws/src/aerogripper_msgs -DCMAKE_INSTALL_PREFIX=/home/fyp/FYP/aerogripper_ws/install/aerogripper_msgs
[0.807s] DEBUG:colcon.colcon_core.event_handler.log_command:Invoking command in '/home/fyp/FYP/aerogripper_ws/build/aerogripper_simulator': CMAKE_PREFIX_PATH=/opt/ros/humble /usr/bin/cmake /home/fyp/FYP/aerogripper_ws/src/aerogripper_simulator -DCMAKE_INSTALL_PREFIX=/home/fyp/FYP/aerogripper_ws/install/aerogripper_simulator
[7.552s] DEBUG:colcon.colcon_core.event_handler.log_command:Invoked command in '/home/fyp/FYP/aerogripper_ws/build/aerogripper_simulator' returned '0': CMAKE_PREFIX_PATH=/opt/ros/humble /usr/bin/cmake /home/fyp/FYP/aerogripper_ws/src/aerogripper_simulator -DCMAKE_INSTALL_PREFIX=/home/fyp/FYP/aerogripper_ws/install/aerogripper_simulator
[7.553s] DEBUG:colcon.colcon_core.event_handler.log_command:Invoking command in '/home/fyp/FYP/aerogripper_ws/build/aerogripper_simulator': CMAKE_PREFIX_PATH=/opt/ros/humble /usr/bin/cmake --build /home/fyp/FYP/aerogripper_ws/build/aerogripper_simulator -- -j32 -l32
[7.797s] DEBUG:colcon.colcon_core.event_handler.log_command:Invoked command in '/home/fyp/FYP/aerogripper_ws/build/aerogripper_simulator' returned '0': CMAKE_PREFIX_PATH=/opt/ros/humble /usr/bin/cmake --build /home/fyp/FYP/aerogripper_ws/build/aerogripper_simulator -- -j32 -l32
[7.806s] DEBUG:colcon.colcon_core.event_handler.log_command:Invoking command in '/home/fyp/FYP/aerogripper_ws/build/aerogripper_simulator': CMAKE_PREFIX_PATH=/opt/ros/humble /usr/bin/cmake --install /home/fyp/FYP/aerogripper_ws/build/aerogripper_simulator
[7.851s] Level 1:colcon.colcon_core.environment:create_environment_scripts_only(aerogripper_simulator)
[7.852s] DEBUG:colcon.colcon_core.event_handler.log_command:Invoked command in '/home/fyp/FYP/aerogripper_ws/build/aerogripper_simulator' returned '0': CMAKE_PREFIX_PATH=/opt/ros/humble /usr/bin/cmake --install /home/fyp/FYP/aerogripper_ws/build/aerogripper_simulator
[7.854s] Level 1:colcon.colcon_core.environment:checking '/home/fyp/FYP/aerogripper_ws/install/aerogripper_simulator' for CMake module files
[7.854s] Level 1:colcon.colcon_core.environment:checking '/home/fyp/FYP/aerogripper_ws/install/aerogripper_simulator' for CMake config files
[7.854s] Level 1:colcon.colcon_core.shell:create_environment_hook('aerogripper_simulator', 'cmake_prefix_path')
[7.854s] INFO:colcon.colcon_core.shell:Creating environment hook '/home/fyp/FYP/aerogripper_ws/install/aerogripper_simulator/share/aerogripper_simulator/hook/cmake_prefix_path.ps1'
[7.855s] INFO:colcon.colcon_core.shell:Creating environment descriptor '/home/fyp/FYP/aerogripper_ws/install/aerogripper_simulator/share/aerogripper_simulator/hook/cmake_prefix_path.dsv'
[7.855s] INFO:colcon.colcon_core.shell:Creating environment hook '/home/fyp/FYP/aerogripper_ws/install/aerogripper_simulator/share/aerogripper_simulator/hook/cmake_prefix_path.sh'
[7.856s] Level 1:colcon.colcon_core.environment:checking '/home/fyp/FYP/aerogripper_ws/install/aerogripper_simulator/lib'
[7.856s] Level 1:colcon.colcon_core.environment:checking '/home/fyp/FYP/aerogripper_ws/install/aerogripper_simulator/bin'
[7.856s] Level 1:colcon.colcon_core.environment:checking '/home/fyp/FYP/aerogripper_ws/install/aerogripper_simulator/lib/pkgconfig/aerogripper_simulator.pc'
[7.856s] Level 1:colcon.colcon_core.environment:checking '/home/fyp/FYP/aerogripper_ws/install/aerogripper_simulator/lib/python3.10/site-packages'
[7.856s] Level 1:colcon.colcon_core.environment:checking '/home/fyp/FYP/aerogripper_ws/install/aerogripper_simulator/bin'
[7.857s] INFO:colcon.colcon_core.shell:Creating package script '/home/fyp/FYP/aerogripper_ws/install/aerogripper_simulator/share/aerogripper_simulator/package.ps1'
[7.857s] INFO:colcon.colcon_core.shell:Creating package descriptor '/home/fyp/FYP/aerogripper_ws/install/aerogripper_simulator/share/aerogripper_simulator/package.dsv'
[7.858s] INFO:colcon.colcon_core.shell:Creating package script '/home/fyp/FYP/aerogripper_ws/install/aerogripper_simulator/share/aerogripper_simulator/package.sh'
[7.858s] INFO:colcon.colcon_core.shell:Creating package script '/home/fyp/FYP/aerogripper_ws/install/aerogripper_simulator/share/aerogripper_simulator/package.bash'
[7.859s] INFO:colcon.colcon_core.shell:Creating package script '/home/fyp/FYP/aerogripper_ws/install/aerogripper_simulator/share/aerogripper_simulator/package.zsh'
[7.859s] Level 1:colcon.colcon_core.environment:create_file_with_runtime_dependencies(/home/fyp/FYP/aerogripper_ws/install/aerogripper_simulator/share/colcon-core/packages/aerogripper_simulator)
[7.860s] Level 1:colcon.colcon_core.environment:create_environment_scripts_only(aerogripper_simulator)
[7.860s] Level 1:colcon.colcon_core.environment:checking '/home/fyp/FYP/aerogripper_ws/install/aerogripper_simulator' for CMake module files
[7.860s] Level 1:colcon.colcon_core.environment:checking '/home/fyp/FYP/aerogripper_ws/install/aerogripper_simulator' for CMake config files
[7.860s] Level 1:colcon.colcon_core.shell:create_environment_hook('aerogripper_simulator', 'cmake_prefix_path')
[7.861s] INFO:colcon.colcon_core.shell:Creating environment hook '/home/fyp/FYP/aerogripper_ws/install/aerogripper_simulator/share/aerogripper_simulator/hook/cmake_prefix_path.ps1'
[7.861s] INFO:colcon.colcon_core.shell:Creating environment descriptor '/home/fyp/FYP/aerogripper_ws/install/aerogripper_simulator/share/aerogripper_simulator/hook/cmake_prefix_path.dsv'
[7.861s] INFO:colcon.colcon_core.shell:Creating environment hook '/home/fyp/FYP/aerogripper_ws/install/aerogripper_simulator/share/aerogripper_simulator/hook/cmake_prefix_path.sh'
[7.861s] Level 1:colcon.colcon_core.environment:checking '/home/fyp/FYP/aerogripper_ws/install/aerogripper_simulator/lib'
[7.862s] Level 1:colcon.colcon_core.environment:checking '/home/fyp/FYP/aerogripper_ws/install/aerogripper_simulator/bin'
[7.862s] Level 1:colcon.colcon_core.environment:checking '/home/fyp/FYP/aerogripper_ws/install/aerogripper_simulator/lib/pkgconfig/aerogripper_simulator.pc'
[7.862s] Level 1:colcon.colcon_core.environment:checking '/home/fyp/FYP/aerogripper_ws/install/aerogripper_simulator/lib/python3.10/site-packages'
[7.862s] Level 1:colcon.colcon_core.environment:checking '/home/fyp/FYP/aerogripper_ws/install/aerogripper_simulator/bin'
[7.862s] INFO:colcon.colcon_core.shell:Creating package script '/home/fyp/FYP/aerogripper_ws/install/aerogripper_simulator/share/aerogripper_simulator/package.ps1'
[7.863s] INFO:colcon.colcon_core.shell:Creating package descriptor '/home/fyp/FYP/aerogripper_ws/install/aerogripper_simulator/share/aerogripper_simulator/package.dsv'
[7.863s] INFO:colcon.colcon_core.shell:Creating package script '/home/fyp/FYP/aerogripper_ws/install/aerogripper_simulator/share/aerogripper_simulator/package.sh'
[7.863s] INFO:colcon.colcon_core.shell:Creating package script '/home/fyp/FYP/aerogripper_ws/install/aerogripper_simulator/share/aerogripper_simulator/package.bash'
[7.863s] INFO:colcon.colcon_core.shell:Creating package script '/home/fyp/FYP/aerogripper_ws/install/aerogripper_simulator/share/aerogripper_simulator/package.zsh'
[7.864s] Level 1:colcon.colcon_core.environment:create_file_with_runtime_dependencies(/home/fyp/FYP/aerogripper_ws/install/aerogripper_simulator/share/colcon-core/packages/aerogripper_simulator)
[58.605s] DEBUG:colcon.colcon_core.event_handler.log_command:Invoked command in '/home/fyp/FYP/aerogripper_ws/build/aerogripper_msgs' returned '0': CMAKE_PREFIX_PATH=/opt/ros/humble /usr/bin/cmake /home/fyp/FYP/aerogripper_ws/src/aerogripper_msgs -DCMAKE_INSTALL_PREFIX=/home/fyp/FYP/aerogripper_ws/install/aerogripper_msgs
[58.607s] DEBUG:colcon.colcon_core.event_handler.log_command:Invoking command in '/home/fyp/FYP/aerogripper_ws/build/aerogripper_msgs': CMAKE_PREFIX_PATH=/opt/ros/humble /usr/bin/cmake --build /home/fyp/FYP/aerogripper_ws/build/aerogripper_msgs -- -j32 -l32
[87.847s] DEBUG:colcon.colcon_core.event_handler.log_command:Invoked command in '/home/fyp/FYP/aerogripper_ws/build/aerogripper_msgs' returned '0': CMAKE_PREFIX_PATH=/opt/ros/humble /usr/bin/cmake --build /home/fyp/FYP/aerogripper_ws/build/aerogripper_msgs -- -j32 -l32
[87.848s] DEBUG:colcon.colcon_core.event_handler.log_command:Invoking command in '/home/fyp/FYP/aerogripper_ws/build/aerogripper_msgs': CMAKE_PREFIX_PATH=/opt/ros/humble /usr/bin/cmake --install /home/fyp/FYP/aerogripper_ws/build/aerogripper_msgs
[87.908s] Level 1:colcon.colcon_core.environment:create_environment_scripts_only(aerogripper_msgs)
[87.908s] DEBUG:colcon.colcon_core.event_handler.log_command:Invoked command in '/home/fyp/FYP/aerogripper_ws/build/aerogripper_msgs' returned '0': CMAKE_PREFIX_PATH=/opt/ros/humble /usr/bin/cmake --install /home/fyp/FYP/aerogripper_ws/build/aerogripper_msgs
[87.908s] Level 1:colcon.colcon_core.environment:checking '/home/fyp/FYP/aerogripper_ws/install/aerogripper_msgs' for CMake module files
[87.909s] Level 1:colcon.colcon_core.environment:checking '/home/fyp/FYP/aerogripper_ws/install/aerogripper_msgs' for CMake config files
[87.909s] Level 1:colcon.colcon_core.shell:create_environment_hook('aerogripper_msgs', 'cmake_prefix_path')
[87.910s] INFO:colcon.colcon_core.shell:Creating environment hook '/home/fyp/FYP/aerogripper_ws/install/aerogripper_msgs/share/aerogripper_msgs/hook/cmake_prefix_path.ps1'
[87.910s] INFO:colcon.colcon_core.shell:Creating environment descriptor '/home/fyp/FYP/aerogripper_ws/install/aerogripper_msgs/share/aerogripper_msgs/hook/cmake_prefix_path.dsv'
[87.910s] INFO:colcon.colcon_core.shell:Creating environment hook '/home/fyp/FYP/aerogripper_ws/install/aerogripper_msgs/share/aerogripper_msgs/hook/cmake_prefix_path.sh'
[87.911s] Level 1:colcon.colcon_core.environment:checking '/home/fyp/FYP/aerogripper_ws/install/aerogripper_msgs/lib'
[87.911s] Level 1:colcon.colcon_core.shell:create_environment_hook('aerogripper_msgs', 'ld_library_path_lib')
[87.911s] INFO:colcon.colcon_core.shell:Creating environment hook '/home/fyp/FYP/aerogripper_ws/install/aerogripper_msgs/share/aerogripper_msgs/hook/ld_library_path_lib.ps1'
[87.911s] INFO:colcon.colcon_core.shell:Creating environment descriptor '/home/fyp/FYP/aerogripper_ws/install/aerogripper_msgs/share/aerogripper_msgs/hook/ld_library_path_lib.dsv'
[87.911s] INFO:colcon.colcon_core.shell:Creating environment hook '/home/fyp/FYP/aerogripper_ws/install/aerogripper_msgs/share/aerogripper_msgs/hook/ld_library_path_lib.sh'
[87.912s] Level 1:colcon.colcon_core.environment:checking '/home/fyp/FYP/aerogripper_ws/install/aerogripper_msgs/bin'
[87.912s] Level 1:colcon.colcon_core.environment:checking '/home/fyp/FYP/aerogripper_ws/install/aerogripper_msgs/lib/pkgconfig/aerogripper_msgs.pc'
[87.912s] Level 1:colcon.colcon_core.environment:checking '/home/fyp/FYP/aerogripper_ws/install/aerogripper_msgs/lib/python3.10/site-packages'
[87.912s] Level 1:colcon.colcon_core.environment:checking '/home/fyp/FYP/aerogripper_ws/install/aerogripper_msgs/bin'
[87.912s] INFO:colcon.colcon_core.shell:Creating package script '/home/fyp/FYP/aerogripper_ws/install/aerogripper_msgs/share/aerogripper_msgs/package.ps1'
[87.913s] INFO:colcon.colcon_core.shell:Creating package descriptor '/home/fyp/FYP/aerogripper_ws/install/aerogripper_msgs/share/aerogripper_msgs/package.dsv'
[87.913s] INFO:colcon.colcon_core.shell:Creating package script '/home/fyp/FYP/aerogripper_ws/install/aerogripper_msgs/share/aerogripper_msgs/package.sh'
[87.913s] INFO:colcon.colcon_core.shell:Creating package script '/home/fyp/FYP/aerogripper_ws/install/aerogripper_msgs/share/aerogripper_msgs/package.bash'
[87.913s] INFO:colcon.colcon_core.shell:Creating package script '/home/fyp/FYP/aerogripper_ws/install/aerogripper_msgs/share/aerogripper_msgs/package.zsh'
[87.914s] Level 1:colcon.colcon_core.environment:create_file_with_runtime_dependencies(/home/fyp/FYP/aerogripper_ws/install/aerogripper_msgs/share/colcon-core/packages/aerogripper_msgs)
[87.914s] Level 1:colcon.colcon_core.environment:create_environment_scripts_only(aerogripper_msgs)
[87.914s] Level 1:colcon.colcon_core.environment:checking '/home/fyp/FYP/aerogripper_ws/install/aerogripper_msgs' for CMake module files
[87.915s] Level 1:colcon.colcon_core.environment:checking '/home/fyp/FYP/aerogripper_ws/install/aerogripper_msgs' for CMake config files
[87.915s] Level 1:colcon.colcon_core.shell:create_environment_hook('aerogripper_msgs', 'cmake_prefix_path')
[87.916s] INFO:colcon.colcon_core.shell:Creating environment hook '/home/fyp/FYP/aerogripper_ws/install/aerogripper_msgs/share/aerogripper_msgs/hook/cmake_prefix_path.ps1'
[87.916s] INFO:colcon.colcon_core.shell:Creating environment descriptor '/home/fyp/FYP/aerogripper_ws/install/aerogripper_msgs/share/aerogripper_msgs/hook/cmake_prefix_path.dsv'
[87.916s] INFO:colcon.colcon_core.shell:Creating environment hook '/home/fyp/FYP/aerogripper_ws/install/aerogripper_msgs/share/aerogripper_msgs/hook/cmake_prefix_path.sh'
[87.916s] Level 1:colcon.colcon_core.environment:checking '/home/fyp/FYP/aerogripper_ws/install/aerogripper_msgs/lib'
[87.916s] Level 1:colcon.colcon_core.shell:create_environment_hook('aerogripper_msgs', 'ld_library_path_lib')
[87.917s] INFO:colcon.colcon_core.shell:Creating environment hook '/home/fyp/FYP/aerogripper_ws/install/aerogripper_msgs/share/aerogripper_msgs/hook/ld_library_path_lib.ps1'
[87.917s] INFO:colcon.colcon_core.shell:Creating environment descriptor '/home/fyp/FYP/aerogripper_ws/install/aerogripper_msgs/share/aerogripper_msgs/hook/ld_library_path_lib.dsv'
[87.917s] INFO:colcon.colcon_core.shell:Creating environment hook '/home/fyp/FYP/aerogripper_ws/install/aerogripper_msgs/share/aerogripper_msgs/hook/ld_library_path_lib.sh'
[87.917s] Level 1:colcon.colcon_core.environment:checking '/home/fyp/FYP/aerogripper_ws/install/aerogripper_msgs/bin'
[87.917s] Level 1:colcon.colcon_core.environment:checking '/home/fyp/FYP/aerogripper_ws/install/aerogripper_msgs/lib/pkgconfig/aerogripper_msgs.pc'
[87.918s] Level 1:colcon.colcon_core.environment:checking '/home/fyp/FYP/aerogripper_ws/install/aerogripper_msgs/lib/python3.10/site-packages'
[87.918s] Level 1:colcon.colcon_core.environment:checking '/home/fyp/FYP/aerogripper_ws/install/aerogripper_msgs/bin'
[87.918s] INFO:colcon.colcon_core.shell:Creating package script '/home/fyp/FYP/aerogripper_ws/install/aerogripper_msgs/share/aerogripper_msgs/package.ps1'
[87.918s] INFO:colcon.colcon_core.shell:Creating package descriptor '/home/fyp/FYP/aerogripper_ws/install/aerogripper_msgs/share/aerogripper_msgs/package.dsv'
[87.919s] INFO:colcon.colcon_core.shell:Creating package script '/home/fyp/FYP/aerogripper_ws/install/aerogripper_msgs/share/aerogripper_msgs/package.sh'
[87.919s] INFO:colcon.colcon_core.shell:Creating package script '/home/fyp/FYP/aerogripper_ws/install/aerogripper_msgs/share/aerogripper_msgs/package.bash'
[87.919s] INFO:colcon.colcon_core.shell:Creating package script '/home/fyp/FYP/aerogripper_ws/install/aerogripper_msgs/share/aerogripper_msgs/package.zsh'
[87.920s] Level 1:colcon.colcon_core.environment:create_file_with_runtime_dependencies(/home/fyp/FYP/aerogripper_ws/install/aerogripper_msgs/share/colcon-core/packages/aerogripper_msgs)
[87.920s] INFO:colcon.colcon_ros.task.ament_cmake.build:Building ROS package in '/home/fyp/FYP/aerogripper_ws/src/aerogripper_control' with build type 'ament_cmake'
[87.920s] INFO:colcon.colcon_cmake.task.cmake.build:Building CMake package in '/home/fyp/FYP/aerogripper_ws/src/aerogripper_control'
[87.920s] INFO:colcon.colcon_core.shell:Skip shell extension 'powershell' for command environment: Not usable outside of PowerShell
[87.920s] DEBUG:colcon.colcon_core.shell:Skip shell extension 'dsv' for command environment
[88.610s] DEBUG:colcon.colcon_core.event_handler.log_command:Invoking command in '/home/fyp/FYP/aerogripper_ws/build/aerogripper_control': AMENT_PREFIX_PATH=/home/fyp/FYP/aerogripper_ws/install/aerogripper_msgs:${AMENT_PREFIX_PATH} CMAKE_PREFIX_PATH=/home/fyp/FYP/aerogripper_ws/install/aerogripper_msgs:/opt/ros/humble LD_LIBRARY_PATH=/home/fyp/FYP/aerogripper_ws/install/aerogripper_msgs/lib:${LD_LIBRARY_PATH} PYTHONPATH=/home/fyp/FYP/aerogripper_ws/install/aerogripper_msgs/local/lib/python3.10/dist-packages:${PYTHONPATH} /usr/bin/cmake /home/fyp/FYP/aerogripper_ws/src/aerogripper_control -DCMAKE_INSTALL_PREFIX=/home/fyp/FYP/aerogripper_ws/install/aerogripper_control
[125.549s] DEBUG:colcon.colcon_core.event_handler.log_command:Invoked command in '/home/fyp/FYP/aerogripper_ws/build/aerogripper_control' returned '1': AMENT_PREFIX_PATH=/home/fyp/FYP/aerogripper_ws/install/aerogripper_msgs:${AMENT_PREFIX_PATH} CMAKE_PREFIX_PATH=/home/fyp/FYP/aerogripper_ws/install/aerogripper_msgs:/opt/ros/humble LD_LIBRARY_PATH=/home/fyp/FYP/aerogripper_ws/install/aerogripper_msgs/lib:${LD_LIBRARY_PATH} PYTHONPATH=/home/fyp/FYP/aerogripper_ws/install/aerogripper_msgs/local/lib/python3.10/dist-packages:${PYTHONPATH} /usr/bin/cmake /home/fyp/FYP/aerogripper_ws/src/aerogripper_control -DCMAKE_INSTALL_PREFIX=/home/fyp/FYP/aerogripper_ws/install/aerogripper_control
[125.567s] Level 1:colcon.colcon_core.environment:create_environment_scripts_only(aerogripper_control)
[125.567s] Level 1:colcon.colcon_core.environment:checking '/home/fyp/FYP/aerogripper_ws/install/aerogripper_control' for CMake module files
[125.568s] Level 1:colcon.colcon_core.environment:checking '/home/fyp/FYP/aerogripper_ws/install/aerogripper_control' for CMake config files
[125.568s] Level 1:colcon.colcon_core.environment:checking '/home/fyp/FYP/aerogripper_ws/install/aerogripper_control/bin'
[125.568s] Level 1:colcon.colcon_core.environment:checking '/home/fyp/FYP/aerogripper_ws/install/aerogripper_control/lib/pkgconfig/aerogripper_control.pc'
[125.568s] Level 1:colcon.colcon_core.environment:checking '/home/fyp/FYP/aerogripper_ws/install/aerogripper_control/lib/python3.10/site-packages'
[125.569s] Level 1:colcon.colcon_core.environment:checking '/home/fyp/FYP/aerogripper_ws/install/aerogripper_control/bin'
[125.569s] INFO:colcon.colcon_core.shell:Creating package script '/home/fyp/FYP/aerogripper_ws/install/aerogripper_control/share/aerogripper_control/package.ps1'
[125.571s] INFO:colcon.colcon_core.shell:Creating package descriptor '/home/fyp/FYP/aerogripper_ws/install/aerogripper_control/share/aerogripper_control/package.dsv'
[125.571s] INFO:colcon.colcon_core.shell:Creating package script '/home/fyp/FYP/aerogripper_ws/install/aerogripper_control/share/aerogripper_control/package.sh'
[125.572s] INFO:colcon.colcon_core.shell:Creating package script '/home/fyp/FYP/aerogripper_ws/install/aerogripper_control/share/aerogripper_control/package.bash'
[125.572s] INFO:colcon.colcon_core.shell:Creating package script '/home/fyp/FYP/aerogripper_ws/install/aerogripper_control/share/aerogripper_control/package.zsh'
[125.572s] Level 1:colcon.colcon_core.environment:create_file_with_runtime_dependencies(/home/fyp/FYP/aerogripper_ws/install/aerogripper_control/share/colcon-core/packages/aerogripper_control)
[125.584s] DEBUG:colcon.colcon_parallel_executor.executor.parallel:closing loop
[125.584s] DEBUG:colcon.colcon_parallel_executor.executor.parallel:loop closed
[125.585s] DEBUG:colcon.colcon_parallel_executor.executor.parallel:run_until_complete finished with '1'
[125.585s] DEBUG:colcon.colcon_core.event_reactor:joining thread
[125.860s] INFO:colcon.colcon_core.plugin_system:Skipping extension 'colcon_notification.desktop_notification.notify_send': Could not find 'notify-send'
[125.860s] INFO:colcon.colcon_core.plugin_system:Skipping extension 'colcon_notification.desktop_notification.terminal_notifier': Not used on non-Darwin systems
[125.860s] INFO:colcon.colcon_core.plugin_system:Skipping extension 'colcon_notification.desktop_notification.win32': Not used on non-Windows systems
[125.860s] INFO:colcon.colcon_notification.desktop_notification:Sending desktop notification using 'notify2'
[125.861s] DEBUG:colcon.colcon_notification.desktop_notification.notify2:Failed to initialize notify2: org.freedesktop.DBus.Error.FileNotFound: Failed to connect to socket /run/user/1000/bus: No such file or directory
[125.861s] DEBUG:colcon.colcon_core.event_reactor:joined thread
[125.861s] INFO:colcon.colcon_core.shell:Creating prefix script '/home/fyp/FYP/aerogripper_ws/install/local_setup.ps1'
[125.863s] INFO:colcon.colcon_core.shell:Creating prefix util module '/home/fyp/FYP/aerogripper_ws/install/_local_setup_util_ps1.py'
[125.864s] INFO:colcon.colcon_core.shell:Creating prefix chain script '/home/fyp/FYP/aerogripper_ws/install/setup.ps1'
[125.865s] INFO:colcon.colcon_core.shell:Creating prefix script '/home/fyp/FYP/aerogripper_ws/install/local_setup.sh'
[125.865s] INFO:colcon.colcon_core.shell:Creating prefix util module '/home/fyp/FYP/aerogripper_ws/install/_local_setup_util_sh.py'
[125.866s] INFO:colcon.colcon_core.shell:Creating prefix chain script '/home/fyp/FYP/aerogripper_ws/install/setup.sh'
[125.867s] INFO:colcon.colcon_core.shell:Creating prefix script '/home/fyp/FYP/aerogripper_ws/install/local_setup.bash'
[125.868s] INFO:colcon.colcon_core.shell:Creating prefix chain script '/home/fyp/FYP/aerogripper_ws/install/setup.bash'
[125.869s] INFO:colcon.colcon_core.shell:Creating prefix script '/home/fyp/FYP/aerogripper_ws/install/local_setup.zsh'
[125.870s] INFO:colcon.colcon_core.shell:Creating prefix chain script '/home/fyp/FYP/aerogripper_ws/install/setup.zsh'
