[0.299s] Invoking command in '/home/fyp/FYP/aerogripper_ws/build/aerogripper_control': CMAKE_PREFIX_PATH=/home/fyp/FYP/aerogripper_ws/install/aerogripper_msgs:/home/fyp/FYP/aerogripper_ws/install/aerogripper_simulator:/home/fyp/FYP/aerogripper_ws/install/aerogripper_control:/home/fyp/FYP/px4_ws/install/px4_ros_com:/home/fyp/FYP/px4_ws/install/px4_msgs:/opt/ros/humble /usr/bin/cmake --build /home/fyp/FYP/aerogripper_ws/build/aerogripper_control -- -j32 -l32
[0.345s] [ 20%] Built target motor_test_node
[0.346s] [ 50%] Built target aerogripper_control_lib
[0.358s] [35m[1mConsolidate compiler generated dependencies of target aerogripper_control_node[0m
[0.369s] [ 70%] Built target test_integration
[0.383s] [ 80%] [32mBuilding CXX object CMakeFiles/aerogripper_control_node.dir/src/pose_controller.cpp.o[0m
[16.342s] [ 90%] [32m[1mLinking CXX executable aerogripper_control_node[0m
[17.773s] [100%] Built target aerogripper_control_node
[17.782s] Invoked command in '/home/fyp/FYP/aerogripper_ws/build/aerogripper_control' returned '0': CMAKE_PREFIX_PATH=/home/fyp/FYP/aerogripper_ws/install/aerogripper_msgs:/home/fyp/FYP/aerogripper_ws/install/aerogripper_simulator:/home/fyp/FYP/aerogripper_ws/install/aerogripper_control:/home/fyp/FYP/px4_ws/install/px4_ros_com:/home/fyp/FYP/px4_ws/install/px4_msgs:/opt/ros/humble /usr/bin/cmake --build /home/fyp/FYP/aerogripper_ws/build/aerogripper_control -- -j32 -l32
[17.784s] Invoking command in '/home/fyp/FYP/aerogripper_ws/build/aerogripper_control': CMAKE_PREFIX_PATH=/home/fyp/FYP/aerogripper_ws/install/aerogripper_msgs:/home/fyp/FYP/aerogripper_ws/install/aerogripper_simulator:/home/fyp/FYP/aerogripper_ws/install/aerogripper_control:/home/fyp/FYP/px4_ws/install/px4_ros_com:/home/fyp/FYP/px4_ws/install/px4_msgs:/opt/ros/humble /usr/bin/cmake --install /home/fyp/FYP/aerogripper_ws/build/aerogripper_control
[17.790s] -- Install configuration: ""
[17.790s] -- Installing: /home/fyp/FYP/aerogripper_ws/install/aerogripper_control/lib/aerogripper_control/aerogripper_control_node
[17.802s] -- Set runtime path of "/home/fyp/FYP/aerogripper_ws/install/aerogripper_control/lib/aerogripper_control/aerogripper_control_node" to ""
[17.802s] -- Up-to-date: /home/fyp/FYP/aerogripper_ws/install/aerogripper_control/lib/aerogripper_control/test_integration
[17.802s] -- Up-to-date: /home/fyp/FYP/aerogripper_ws/install/aerogripper_control/lib/aerogripper_control/libaerogripper_control_lib.a
[17.802s] -- Up-to-date: /home/fyp/FYP/aerogripper_ws/install/aerogripper_control/lib/aerogripper_control/motor_test_node
[17.803s] -- Up-to-date: /home/fyp/FYP/aerogripper_ws/install/aerogripper_control/share/aerogripper_control/launch
[17.803s] -- Up-to-date: /home/fyp/FYP/aerogripper_ws/install/aerogripper_control/share/aerogripper_control/launch/test.launch.py
[17.803s] -- Up-to-date: /home/fyp/FYP/aerogripper_ws/install/aerogripper_control/share/aerogripper_control/config
[17.803s] -- Up-to-date: /home/fyp/FYP/aerogripper_ws/install/aerogripper_control/share/aerogripper_control/config/config.yaml
[17.803s] -- Up-to-date: /home/fyp/FYP/aerogripper_ws/install/aerogripper_control/share/aerogripper_control/config/README_yaw_weight.md
[17.803s] -- Up-to-date: /home/fyp/FYP/aerogripper_ws/install/aerogripper_control/share/aerogripper_control/config/controller_params.yaml
[17.803s] -- Up-to-date: /home/fyp/FYP/aerogripper_ws/install/aerogripper_control/share/aerogripper_control/config/README_params.md
[17.803s] -- Up-to-date: /home/fyp/FYP/aerogripper_ws/install/aerogripper_control/share/ament_index/resource_index/package_run_dependencies/aerogripper_control
[17.803s] -- Up-to-date: /home/fyp/FYP/aerogripper_ws/install/aerogripper_control/share/ament_index/resource_index/parent_prefix_path/aerogripper_control
[17.803s] -- Up-to-date: /home/fyp/FYP/aerogripper_ws/install/aerogripper_control/share/aerogripper_control/environment/ament_prefix_path.sh
[17.803s] -- Up-to-date: /home/fyp/FYP/aerogripper_ws/install/aerogripper_control/share/aerogripper_control/environment/ament_prefix_path.dsv
[17.803s] -- Up-to-date: /home/fyp/FYP/aerogripper_ws/install/aerogripper_control/share/aerogripper_control/environment/path.sh
[17.803s] -- Up-to-date: /home/fyp/FYP/aerogripper_ws/install/aerogripper_control/share/aerogripper_control/environment/path.dsv
[17.803s] -- Up-to-date: /home/fyp/FYP/aerogripper_ws/install/aerogripper_control/share/aerogripper_control/local_setup.bash
[17.803s] -- Up-to-date: /home/fyp/FYP/aerogripper_ws/install/aerogripper_control/share/aerogripper_control/local_setup.sh
[17.803s] -- Up-to-date: /home/fyp/FYP/aerogripper_ws/install/aerogripper_control/share/aerogripper_control/local_setup.zsh
[17.804s] -- Up-to-date: /home/fyp/FYP/aerogripper_ws/install/aerogripper_control/share/aerogripper_control/local_setup.dsv
[17.804s] -- Installing: /home/fyp/FYP/aerogripper_ws/install/aerogripper_control/share/aerogripper_control/package.dsv
[17.804s] -- Up-to-date: /home/fyp/FYP/aerogripper_ws/install/aerogripper_control/share/ament_index/resource_index/packages/aerogripper_control
[17.804s] -- Up-to-date: /home/fyp/FYP/aerogripper_ws/install/aerogripper_control/share/aerogripper_control/cmake/aerogripper_controlConfig.cmake
[17.804s] -- Up-to-date: /home/fyp/FYP/aerogripper_ws/install/aerogripper_control/share/aerogripper_control/cmake/aerogripper_controlConfig-version.cmake
[17.804s] -- Up-to-date: /home/fyp/FYP/aerogripper_ws/install/aerogripper_control/share/aerogripper_control/package.xml
[17.806s] Invoked command in '/home/fyp/FYP/aerogripper_ws/build/aerogripper_control' returned '0': CMAKE_PREFIX_PATH=/home/fyp/FYP/aerogripper_ws/install/aerogripper_msgs:/home/fyp/FYP/aerogripper_ws/install/aerogripper_simulator:/home/fyp/FYP/aerogripper_ws/install/aerogripper_control:/home/fyp/FYP/px4_ws/install/px4_ros_com:/home/fyp/FYP/px4_ws/install/px4_msgs:/opt/ros/humble /usr/bin/cmake --install /home/fyp/FYP/aerogripper_ws/build/aerogripper_control
