[0.474s] DEBUG:colcon:Command line arguments: ['/usr/bin/colcon', 'build']
[0.474s] DEBUG:colcon:Parsed command line arguments: Namespace(log_base=None, log_level=None, verb_name='build', build_base='build', install_base='install', merge_install=False, symlink_install=False, test_result_base=None, continue_on_error=False, executor='parallel', parallel_workers=32, event_handlers=None, ignore_user_meta=False, metas=['./colcon.meta'], base_paths=['.'], packages_ignore=None, packages_ignore_regex=None, paths=None, packages_up_to=None, packages_up_to_regex=None, packages_above=None, packages_above_and_dependencies=None, packages_above_depth=None, packages_select_by_dep=None, packages_skip_by_dep=None, packages_skip_up_to=None, packages_select_build_failed=False, packages_skip_build_finished=False, packages_select_test_failures=False, packages_skip_test_passed=False, packages_select=None, packages_skip=None, packages_select_regex=None, packages_skip_regex=None, packages_start=None, packages_end=None, allow_overriding=[], cmake_args=None, cmake_target=None, cmake_target_skip_unavailable=False, cmake_clean_cache=False, cmake_clean_first=False, cmake_force_configure=False, ament_cmake_args=None, catkin_cmake_args=None, catkin_skip_building_tests=False, verb_parser=<colcon_defaults.argument_parser.defaults.DefaultArgumentsDecorator object at 0x7892a1c92e60>, verb_extension=<colcon_core.verb.build.BuildVerb object at 0x7892a1c92560>, main=<bound method BuildVerb.main of <colcon_core.verb.build.BuildVerb object at 0x7892a1c92560>>)
[0.589s] Level 1:colcon.colcon_core.package_discovery:discover_packages(colcon_meta) check parameters
[0.590s] Level 1:colcon.colcon_core.package_discovery:discover_packages(recursive) check parameters
[0.590s] Level 1:colcon.colcon_core.package_discovery:discover_packages(ignore) check parameters
[0.590s] Level 1:colcon.colcon_core.package_discovery:discover_packages(path) check parameters
[0.590s] Level 1:colcon.colcon_core.package_discovery:discover_packages(colcon_meta) discover
[0.590s] Level 1:colcon.colcon_core.package_discovery:discover_packages(recursive) discover
[0.590s] INFO:colcon.colcon_core.package_discovery:Crawling recursively for packages in '/home/fyp/FYP/px4_ws'
[0.590s] Level 1:colcon.colcon_core.package_identification:_identify(.) by extensions ['ignore', 'ignore_ament_install']
[0.590s] Level 1:colcon.colcon_core.package_identification:_identify(.) by extension 'ignore'
[0.590s] Level 1:colcon.colcon_core.package_identification:_identify(.) by extension 'ignore_ament_install'
[0.590s] Level 1:colcon.colcon_core.package_identification:_identify(.) by extensions ['colcon_pkg']
[0.590s] Level 1:colcon.colcon_core.package_identification:_identify(.) by extension 'colcon_pkg'
[0.590s] Level 1:colcon.colcon_core.package_identification:_identify(.) by extensions ['colcon_meta']
[0.590s] Level 1:colcon.colcon_core.package_identification:_identify(.) by extension 'colcon_meta'
[0.590s] Level 1:colcon.colcon_core.package_identification:_identify(.) by extensions ['ros']
[0.590s] Level 1:colcon.colcon_core.package_identification:_identify(.) by extension 'ros'
[0.600s] Level 1:colcon.colcon_core.package_identification:_identify(.) by extensions ['cmake', 'python']
[0.600s] Level 1:colcon.colcon_core.package_identification:_identify(.) by extension 'cmake'
[0.600s] Level 1:colcon.colcon_core.package_identification:_identify(.) by extension 'python'
[0.600s] Level 1:colcon.colcon_core.package_identification:_identify(.) by extensions ['python_setup_py']
[0.600s] Level 1:colcon.colcon_core.package_identification:_identify(.) by extension 'python_setup_py'
[0.600s] Level 1:colcon.colcon_core.package_identification:_identify(build) by extensions ['ignore', 'ignore_ament_install']
[0.600s] Level 1:colcon.colcon_core.package_identification:_identify(build) by extension 'ignore'
[0.600s] Level 1:colcon.colcon_core.package_identification:_identify(build) ignored
[0.600s] Level 1:colcon.colcon_core.package_identification:_identify(install) by extensions ['ignore', 'ignore_ament_install']
[0.600s] Level 1:colcon.colcon_core.package_identification:_identify(install) by extension 'ignore'
[0.600s] Level 1:colcon.colcon_core.package_identification:_identify(install) ignored
[0.601s] Level 1:colcon.colcon_core.package_identification:_identify(log) by extensions ['ignore', 'ignore_ament_install']
[0.601s] Level 1:colcon.colcon_core.package_identification:_identify(log) by extension 'ignore'
[0.601s] Level 1:colcon.colcon_core.package_identification:_identify(log) ignored
[0.601s] Level 1:colcon.colcon_core.package_identification:_identify(src) by extensions ['ignore', 'ignore_ament_install']
[0.601s] Level 1:colcon.colcon_core.package_identification:_identify(src) by extension 'ignore'
[0.601s] Level 1:colcon.colcon_core.package_identification:_identify(src) by extension 'ignore_ament_install'
[0.601s] Level 1:colcon.colcon_core.package_identification:_identify(src) by extensions ['colcon_pkg']
[0.601s] Level 1:colcon.colcon_core.package_identification:_identify(src) by extension 'colcon_pkg'
[0.601s] Level 1:colcon.colcon_core.package_identification:_identify(src) by extensions ['colcon_meta']
[0.601s] Level 1:colcon.colcon_core.package_identification:_identify(src) by extension 'colcon_meta'
[0.601s] Level 1:colcon.colcon_core.package_identification:_identify(src) by extensions ['ros']
[0.601s] Level 1:colcon.colcon_core.package_identification:_identify(src) by extension 'ros'
[0.601s] Level 1:colcon.colcon_core.package_identification:_identify(src) by extensions ['cmake', 'python']
[0.601s] Level 1:colcon.colcon_core.package_identification:_identify(src) by extension 'cmake'
[0.601s] Level 1:colcon.colcon_core.package_identification:_identify(src) by extension 'python'
[0.601s] Level 1:colcon.colcon_core.package_identification:_identify(src) by extensions ['python_setup_py']
[0.601s] Level 1:colcon.colcon_core.package_identification:_identify(src) by extension 'python_setup_py'
[0.601s] Level 1:colcon.colcon_core.package_identification:_identify(src/px4_msgs) by extensions ['ignore', 'ignore_ament_install']
[0.601s] Level 1:colcon.colcon_core.package_identification:_identify(src/px4_msgs) by extension 'ignore'
[0.601s] Level 1:colcon.colcon_core.package_identification:_identify(src/px4_msgs) by extension 'ignore_ament_install'
[0.601s] Level 1:colcon.colcon_core.package_identification:_identify(src/px4_msgs) by extensions ['colcon_pkg']
[0.601s] Level 1:colcon.colcon_core.package_identification:_identify(src/px4_msgs) by extension 'colcon_pkg'
[0.601s] Level 1:colcon.colcon_core.package_identification:_identify(src/px4_msgs) by extensions ['colcon_meta']
[0.601s] Level 1:colcon.colcon_core.package_identification:_identify(src/px4_msgs) by extension 'colcon_meta'
[0.601s] Level 1:colcon.colcon_core.package_identification:_identify(src/px4_msgs) by extensions ['ros']
[0.601s] Level 1:colcon.colcon_core.package_identification:_identify(src/px4_msgs) by extension 'ros'
[0.603s] DEBUG:colcon.colcon_core.package_identification:Package 'src/px4_msgs' with type 'ros.ament_cmake' and name 'px4_msgs'
[0.603s] Level 1:colcon.colcon_core.package_identification:_identify(src/px4_ros_com) by extensions ['ignore', 'ignore_ament_install']
[0.604s] Level 1:colcon.colcon_core.package_identification:_identify(src/px4_ros_com) by extension 'ignore'
[0.604s] Level 1:colcon.colcon_core.package_identification:_identify(src/px4_ros_com) by extension 'ignore_ament_install'
[0.604s] Level 1:colcon.colcon_core.package_identification:_identify(src/px4_ros_com) by extensions ['colcon_pkg']
[0.604s] Level 1:colcon.colcon_core.package_identification:_identify(src/px4_ros_com) by extension 'colcon_pkg'
[0.604s] Level 1:colcon.colcon_core.package_identification:_identify(src/px4_ros_com) by extensions ['colcon_meta']
[0.604s] Level 1:colcon.colcon_core.package_identification:_identify(src/px4_ros_com) by extension 'colcon_meta'
[0.604s] Level 1:colcon.colcon_core.package_identification:_identify(src/px4_ros_com) by extensions ['ros']
[0.604s] Level 1:colcon.colcon_core.package_identification:_identify(src/px4_ros_com) by extension 'ros'
[0.605s] DEBUG:colcon.colcon_core.package_identification:Package 'src/px4_ros_com' with type 'ros.ament_cmake' and name 'px4_ros_com'
[0.605s] Level 1:colcon.colcon_core.package_discovery:discover_packages(recursive) using defaults
[0.605s] Level 1:colcon.colcon_core.package_discovery:discover_packages(ignore) discover
[0.605s] Level 1:colcon.colcon_core.package_discovery:discover_packages(ignore) using defaults
[0.605s] Level 1:colcon.colcon_core.package_discovery:discover_packages(path) discover
[0.605s] Level 1:colcon.colcon_core.package_discovery:discover_packages(path) using defaults
[0.621s] Level 1:colcon.colcon_core.package_discovery:discover_packages(prefix_path) check parameters
[0.621s] Level 1:colcon.colcon_core.package_discovery:discover_packages(prefix_path) discover
[0.622s] DEBUG:colcon.colcon_installed_package_information.package_discovery:Found 272 installed packages in /opt/ros/humble
[0.624s] Level 1:colcon.colcon_core.package_discovery:discover_packages(prefix_path) using defaults
[0.659s] Level 5:colcon.colcon_core.verb:set package 'px4_msgs' build argument 'cmake_args' from command line to 'None'
[0.659s] Level 5:colcon.colcon_core.verb:set package 'px4_msgs' build argument 'cmake_target' from command line to 'None'
[0.659s] Level 5:colcon.colcon_core.verb:set package 'px4_msgs' build argument 'cmake_target_skip_unavailable' from command line to 'False'
[0.659s] Level 5:colcon.colcon_core.verb:set package 'px4_msgs' build argument 'cmake_clean_cache' from command line to 'False'
[0.659s] Level 5:colcon.colcon_core.verb:set package 'px4_msgs' build argument 'cmake_clean_first' from command line to 'False'
[0.659s] Level 5:colcon.colcon_core.verb:set package 'px4_msgs' build argument 'cmake_force_configure' from command line to 'False'
[0.659s] Level 5:colcon.colcon_core.verb:set package 'px4_msgs' build argument 'ament_cmake_args' from command line to 'None'
[0.659s] Level 5:colcon.colcon_core.verb:set package 'px4_msgs' build argument 'catkin_cmake_args' from command line to 'None'
[0.659s] Level 5:colcon.colcon_core.verb:set package 'px4_msgs' build argument 'catkin_skip_building_tests' from command line to 'False'
[0.659s] DEBUG:colcon.colcon_core.verb:Building package 'px4_msgs' with the following arguments: {'ament_cmake_args': None, 'build_base': '/home/fyp/FYP/px4_ws/build/px4_msgs', 'catkin_cmake_args': None, 'catkin_skip_building_tests': False, 'cmake_args': None, 'cmake_clean_cache': False, 'cmake_clean_first': False, 'cmake_force_configure': False, 'cmake_target': None, 'cmake_target_skip_unavailable': False, 'install_base': '/home/fyp/FYP/px4_ws/install/px4_msgs', 'merge_install': False, 'path': '/home/fyp/FYP/px4_ws/src/px4_msgs', 'symlink_install': False, 'test_result_base': None}
[0.660s] Level 5:colcon.colcon_core.verb:set package 'px4_ros_com' build argument 'cmake_args' from command line to 'None'
[0.660s] Level 5:colcon.colcon_core.verb:set package 'px4_ros_com' build argument 'cmake_target' from command line to 'None'
[0.660s] Level 5:colcon.colcon_core.verb:set package 'px4_ros_com' build argument 'cmake_target_skip_unavailable' from command line to 'False'
[0.660s] Level 5:colcon.colcon_core.verb:set package 'px4_ros_com' build argument 'cmake_clean_cache' from command line to 'False'
[0.660s] Level 5:colcon.colcon_core.verb:set package 'px4_ros_com' build argument 'cmake_clean_first' from command line to 'False'
[0.660s] Level 5:colcon.colcon_core.verb:set package 'px4_ros_com' build argument 'cmake_force_configure' from command line to 'False'
[0.660s] Level 5:colcon.colcon_core.verb:set package 'px4_ros_com' build argument 'ament_cmake_args' from command line to 'None'
[0.660s] Level 5:colcon.colcon_core.verb:set package 'px4_ros_com' build argument 'catkin_cmake_args' from command line to 'None'
[0.660s] Level 5:colcon.colcon_core.verb:set package 'px4_ros_com' build argument 'catkin_skip_building_tests' from command line to 'False'
[0.660s] DEBUG:colcon.colcon_core.verb:Building package 'px4_ros_com' with the following arguments: {'ament_cmake_args': None, 'build_base': '/home/fyp/FYP/px4_ws/build/px4_ros_com', 'catkin_cmake_args': None, 'catkin_skip_building_tests': False, 'cmake_args': None, 'cmake_clean_cache': False, 'cmake_clean_first': False, 'cmake_force_configure': False, 'cmake_target': None, 'cmake_target_skip_unavailable': False, 'install_base': '/home/fyp/FYP/px4_ws/install/px4_ros_com', 'merge_install': False, 'path': '/home/fyp/FYP/px4_ws/src/px4_ros_com', 'symlink_install': False, 'test_result_base': None}
[0.660s] INFO:colcon.colcon_core.executor:Executing jobs using 'parallel' executor
[0.661s] DEBUG:colcon.colcon_parallel_executor.executor.parallel:run_until_complete
[0.662s] INFO:colcon.colcon_ros.task.ament_cmake.build:Building ROS package in '/home/fyp/FYP/px4_ws/src/px4_msgs' with build type 'ament_cmake'
[0.662s] INFO:colcon.colcon_cmake.task.cmake.build:Building CMake package in '/home/fyp/FYP/px4_ws/src/px4_msgs'
[0.664s] INFO:colcon.colcon_core.plugin_system:Skipping extension 'colcon_core.shell.bat': Not used on non-Windows systems
[0.664s] INFO:colcon.colcon_core.shell:Skip shell extension 'powershell' for command environment: Not usable outside of PowerShell
[0.664s] DEBUG:colcon.colcon_core.shell:Skip shell extension 'dsv' for command environment
[0.671s] DEBUG:colcon.colcon_core.event_handler.log_command:Invoking command in '/home/fyp/FYP/px4_ws/build/px4_msgs': CMAKE_PREFIX_PATH=/opt/ros/humble /usr/bin/cmake /home/fyp/FYP/px4_ws/src/px4_msgs -DCMAKE_INSTALL_PREFIX=/home/fyp/FYP/px4_ws/install/px4_msgs
[17.052s] DEBUG:colcon.colcon_core.event_handler.log_command:Invoked command in '/home/fyp/FYP/px4_ws/build/px4_msgs' returned '0': CMAKE_PREFIX_PATH=/opt/ros/humble /usr/bin/cmake /home/fyp/FYP/px4_ws/src/px4_msgs -DCMAKE_INSTALL_PREFIX=/home/fyp/FYP/px4_ws/install/px4_msgs
[17.052s] DEBUG:colcon.colcon_core.event_handler.log_command:Invoking command in '/home/fyp/FYP/px4_ws/build/px4_msgs': CMAKE_PREFIX_PATH=/opt/ros/humble /usr/bin/cmake --build /home/fyp/FYP/px4_ws/build/px4_msgs -- -j32 -l32
[158.875s] DEBUG:colcon.colcon_core.event_handler.log_command:Invoked command in '/home/fyp/FYP/px4_ws/build/px4_msgs' returned '0': CMAKE_PREFIX_PATH=/opt/ros/humble /usr/bin/cmake --build /home/fyp/FYP/px4_ws/build/px4_msgs -- -j32 -l32
[158.881s] DEBUG:colcon.colcon_core.event_handler.log_command:Invoking command in '/home/fyp/FYP/px4_ws/build/px4_msgs': CMAKE_PREFIX_PATH=/opt/ros/humble /usr/bin/cmake --install /home/fyp/FYP/px4_ws/build/px4_msgs
[159.839s] Level 1:colcon.colcon_core.environment:create_environment_scripts_only(px4_msgs)
[159.840s] DEBUG:colcon.colcon_core.event_handler.log_command:Invoked command in '/home/fyp/FYP/px4_ws/build/px4_msgs' returned '0': CMAKE_PREFIX_PATH=/opt/ros/humble /usr/bin/cmake --install /home/fyp/FYP/px4_ws/build/px4_msgs
[159.842s] Level 1:colcon.colcon_core.environment:checking '/home/fyp/FYP/px4_ws/install/px4_msgs' for CMake module files
[159.842s] Level 1:colcon.colcon_core.environment:checking '/home/fyp/FYP/px4_ws/install/px4_msgs' for CMake config files
[159.846s] Level 1:colcon.colcon_core.shell:create_environment_hook('px4_msgs', 'cmake_prefix_path')
[159.846s] INFO:colcon.colcon_core.shell:Creating environment hook '/home/fyp/FYP/px4_ws/install/px4_msgs/share/px4_msgs/hook/cmake_prefix_path.ps1'
[159.847s] INFO:colcon.colcon_core.shell:Creating environment descriptor '/home/fyp/FYP/px4_ws/install/px4_msgs/share/px4_msgs/hook/cmake_prefix_path.dsv'
[159.847s] INFO:colcon.colcon_core.shell:Creating environment hook '/home/fyp/FYP/px4_ws/install/px4_msgs/share/px4_msgs/hook/cmake_prefix_path.sh'
[159.847s] Level 1:colcon.colcon_core.environment:checking '/home/fyp/FYP/px4_ws/install/px4_msgs/lib'
[159.848s] Level 1:colcon.colcon_core.shell:create_environment_hook('px4_msgs', 'ld_library_path_lib')
[159.848s] INFO:colcon.colcon_core.shell:Creating environment hook '/home/fyp/FYP/px4_ws/install/px4_msgs/share/px4_msgs/hook/ld_library_path_lib.ps1'
[159.848s] INFO:colcon.colcon_core.shell:Creating environment descriptor '/home/fyp/FYP/px4_ws/install/px4_msgs/share/px4_msgs/hook/ld_library_path_lib.dsv'
[159.848s] INFO:colcon.colcon_core.shell:Creating environment hook '/home/fyp/FYP/px4_ws/install/px4_msgs/share/px4_msgs/hook/ld_library_path_lib.sh'
[159.848s] Level 1:colcon.colcon_core.environment:checking '/home/fyp/FYP/px4_ws/install/px4_msgs/bin'
[159.848s] Level 1:colcon.colcon_core.environment:checking '/home/fyp/FYP/px4_ws/install/px4_msgs/lib/pkgconfig/px4_msgs.pc'
[159.849s] Level 1:colcon.colcon_core.environment:checking '/home/fyp/FYP/px4_ws/install/px4_msgs/lib/python3.10/site-packages'
[159.849s] Level 1:colcon.colcon_core.environment:checking '/home/fyp/FYP/px4_ws/install/px4_msgs/bin'
[159.849s] INFO:colcon.colcon_core.shell:Creating package script '/home/fyp/FYP/px4_ws/install/px4_msgs/share/px4_msgs/package.ps1'
[159.850s] INFO:colcon.colcon_core.shell:Creating package descriptor '/home/fyp/FYP/px4_ws/install/px4_msgs/share/px4_msgs/package.dsv'
[159.850s] INFO:colcon.colcon_core.shell:Creating package script '/home/fyp/FYP/px4_ws/install/px4_msgs/share/px4_msgs/package.sh'
[159.851s] INFO:colcon.colcon_core.shell:Creating package script '/home/fyp/FYP/px4_ws/install/px4_msgs/share/px4_msgs/package.bash'
[159.851s] INFO:colcon.colcon_core.shell:Creating package script '/home/fyp/FYP/px4_ws/install/px4_msgs/share/px4_msgs/package.zsh'
[159.852s] Level 1:colcon.colcon_core.environment:create_file_with_runtime_dependencies(/home/fyp/FYP/px4_ws/install/px4_msgs/share/colcon-core/packages/px4_msgs)
[159.852s] Level 1:colcon.colcon_core.environment:create_environment_scripts_only(px4_msgs)
[159.853s] Level 1:colcon.colcon_core.environment:checking '/home/fyp/FYP/px4_ws/install/px4_msgs' for CMake module files
[159.853s] Level 1:colcon.colcon_core.environment:checking '/home/fyp/FYP/px4_ws/install/px4_msgs' for CMake config files
[159.856s] Level 1:colcon.colcon_core.shell:create_environment_hook('px4_msgs', 'cmake_prefix_path')
[159.856s] INFO:colcon.colcon_core.shell:Creating environment hook '/home/fyp/FYP/px4_ws/install/px4_msgs/share/px4_msgs/hook/cmake_prefix_path.ps1'
[159.857s] INFO:colcon.colcon_core.shell:Creating environment descriptor '/home/fyp/FYP/px4_ws/install/px4_msgs/share/px4_msgs/hook/cmake_prefix_path.dsv'
[159.857s] INFO:colcon.colcon_core.shell:Creating environment hook '/home/fyp/FYP/px4_ws/install/px4_msgs/share/px4_msgs/hook/cmake_prefix_path.sh'
[159.857s] Level 1:colcon.colcon_core.environment:checking '/home/fyp/FYP/px4_ws/install/px4_msgs/lib'
[159.858s] Level 1:colcon.colcon_core.shell:create_environment_hook('px4_msgs', 'ld_library_path_lib')
[159.858s] INFO:colcon.colcon_core.shell:Creating environment hook '/home/fyp/FYP/px4_ws/install/px4_msgs/share/px4_msgs/hook/ld_library_path_lib.ps1'
[159.858s] INFO:colcon.colcon_core.shell:Creating environment descriptor '/home/fyp/FYP/px4_ws/install/px4_msgs/share/px4_msgs/hook/ld_library_path_lib.dsv'
[159.858s] INFO:colcon.colcon_core.shell:Creating environment hook '/home/fyp/FYP/px4_ws/install/px4_msgs/share/px4_msgs/hook/ld_library_path_lib.sh'
[159.858s] Level 1:colcon.colcon_core.environment:checking '/home/fyp/FYP/px4_ws/install/px4_msgs/bin'
[159.858s] Level 1:colcon.colcon_core.environment:checking '/home/fyp/FYP/px4_ws/install/px4_msgs/lib/pkgconfig/px4_msgs.pc'
[159.859s] Level 1:colcon.colcon_core.environment:checking '/home/fyp/FYP/px4_ws/install/px4_msgs/lib/python3.10/site-packages'
[159.859s] Level 1:colcon.colcon_core.environment:checking '/home/fyp/FYP/px4_ws/install/px4_msgs/bin'
[159.859s] INFO:colcon.colcon_core.shell:Creating package script '/home/fyp/FYP/px4_ws/install/px4_msgs/share/px4_msgs/package.ps1'
[159.859s] INFO:colcon.colcon_core.shell:Creating package descriptor '/home/fyp/FYP/px4_ws/install/px4_msgs/share/px4_msgs/package.dsv'
[159.860s] INFO:colcon.colcon_core.shell:Creating package script '/home/fyp/FYP/px4_ws/install/px4_msgs/share/px4_msgs/package.sh'
[159.861s] INFO:colcon.colcon_core.shell:Creating package script '/home/fyp/FYP/px4_ws/install/px4_msgs/share/px4_msgs/package.bash'
[159.861s] INFO:colcon.colcon_core.shell:Creating package script '/home/fyp/FYP/px4_ws/install/px4_msgs/share/px4_msgs/package.zsh'
[159.861s] Level 1:colcon.colcon_core.environment:create_file_with_runtime_dependencies(/home/fyp/FYP/px4_ws/install/px4_msgs/share/colcon-core/packages/px4_msgs)
[159.861s] INFO:colcon.colcon_ros.task.ament_cmake.build:Building ROS package in '/home/fyp/FYP/px4_ws/src/px4_ros_com' with build type 'ament_cmake'
[159.862s] INFO:colcon.colcon_cmake.task.cmake.build:Building CMake package in '/home/fyp/FYP/px4_ws/src/px4_ros_com'
[159.862s] INFO:colcon.colcon_core.shell:Skip shell extension 'powershell' for command environment: Not usable outside of PowerShell
[159.862s] DEBUG:colcon.colcon_core.shell:Skip shell extension 'dsv' for command environment
[160.425s] DEBUG:colcon.colcon_core.event_handler.log_command:Invoking command in '/home/fyp/FYP/px4_ws/build/px4_ros_com': AMENT_PREFIX_PATH=/home/fyp/FYP/px4_ws/install/px4_msgs:${AMENT_PREFIX_PATH} CMAKE_PREFIX_PATH=/home/fyp/FYP/px4_ws/install/px4_msgs:/opt/ros/humble LD_LIBRARY_PATH=/home/fyp/FYP/px4_ws/install/px4_msgs/lib:${LD_LIBRARY_PATH} PYTHONPATH=/home/fyp/FYP/px4_ws/install/px4_msgs/local/lib/python3.10/dist-packages:${PYTHONPATH} /usr/bin/cmake /home/fyp/FYP/px4_ws/src/px4_ros_com -DCMAKE_INSTALL_PREFIX=/home/fyp/FYP/px4_ws/install/px4_ros_com
[207.764s] DEBUG:colcon.colcon_core.event_handler.log_command:Invoked command in '/home/fyp/FYP/px4_ws/build/px4_ros_com' returned '0': AMENT_PREFIX_PATH=/home/fyp/FYP/px4_ws/install/px4_msgs:${AMENT_PREFIX_PATH} CMAKE_PREFIX_PATH=/home/fyp/FYP/px4_ws/install/px4_msgs:/opt/ros/humble LD_LIBRARY_PATH=/home/fyp/FYP/px4_ws/install/px4_msgs/lib:${LD_LIBRARY_PATH} PYTHONPATH=/home/fyp/FYP/px4_ws/install/px4_msgs/local/lib/python3.10/dist-packages:${PYTHONPATH} /usr/bin/cmake /home/fyp/FYP/px4_ws/src/px4_ros_com -DCMAKE_INSTALL_PREFIX=/home/fyp/FYP/px4_ws/install/px4_ros_com
[207.766s] DEBUG:colcon.colcon_core.event_handler.log_command:Invoking command in '/home/fyp/FYP/px4_ws/build/px4_ros_com': AMENT_PREFIX_PATH=/home/fyp/FYP/px4_ws/install/px4_msgs:${AMENT_PREFIX_PATH} CMAKE_PREFIX_PATH=/home/fyp/FYP/px4_ws/install/px4_msgs:/opt/ros/humble LD_LIBRARY_PATH=/home/fyp/FYP/px4_ws/install/px4_msgs/lib:${LD_LIBRARY_PATH} PYTHONPATH=/home/fyp/FYP/px4_ws/install/px4_msgs/local/lib/python3.10/dist-packages:${PYTHONPATH} /usr/bin/cmake --build /home/fyp/FYP/px4_ws/build/px4_ros_com -- -j32 -l32
[215.467s] DEBUG:colcon.colcon_core.event_handler.log_command:Invoked command in '/home/fyp/FYP/px4_ws/build/px4_ros_com' returned '0': AMENT_PREFIX_PATH=/home/fyp/FYP/px4_ws/install/px4_msgs:${AMENT_PREFIX_PATH} CMAKE_PREFIX_PATH=/home/fyp/FYP/px4_ws/install/px4_msgs:/opt/ros/humble LD_LIBRARY_PATH=/home/fyp/FYP/px4_ws/install/px4_msgs/lib:${LD_LIBRARY_PATH} PYTHONPATH=/home/fyp/FYP/px4_ws/install/px4_msgs/local/lib/python3.10/dist-packages:${PYTHONPATH} /usr/bin/cmake --build /home/fyp/FYP/px4_ws/build/px4_ros_com -- -j32 -l32
[215.469s] DEBUG:colcon.colcon_core.event_handler.log_command:Invoking command in '/home/fyp/FYP/px4_ws/build/px4_ros_com': AMENT_PREFIX_PATH=/home/fyp/FYP/px4_ws/install/px4_msgs:${AMENT_PREFIX_PATH} CMAKE_PREFIX_PATH=/home/fyp/FYP/px4_ws/install/px4_msgs:/opt/ros/humble LD_LIBRARY_PATH=/home/fyp/FYP/px4_ws/install/px4_msgs/lib:${LD_LIBRARY_PATH} PYTHONPATH=/home/fyp/FYP/px4_ws/install/px4_msgs/local/lib/python3.10/dist-packages:${PYTHONPATH} /usr/bin/cmake --install /home/fyp/FYP/px4_ws/build/px4_ros_com
[215.525s] Level 1:colcon.colcon_core.environment:create_environment_scripts_only(px4_ros_com)
[215.525s] Level 1:colcon.colcon_core.environment:checking '/home/fyp/FYP/px4_ws/install/px4_ros_com' for CMake module files
[215.526s] DEBUG:colcon.colcon_core.event_handler.log_command:Invoked command in '/home/fyp/FYP/px4_ws/build/px4_ros_com' returned '0': AMENT_PREFIX_PATH=/home/fyp/FYP/px4_ws/install/px4_msgs:${AMENT_PREFIX_PATH} CMAKE_PREFIX_PATH=/home/fyp/FYP/px4_ws/install/px4_msgs:/opt/ros/humble LD_LIBRARY_PATH=/home/fyp/FYP/px4_ws/install/px4_msgs/lib:${LD_LIBRARY_PATH} PYTHONPATH=/home/fyp/FYP/px4_ws/install/px4_msgs/local/lib/python3.10/dist-packages:${PYTHONPATH} /usr/bin/cmake --install /home/fyp/FYP/px4_ws/build/px4_ros_com
[215.526s] Level 1:colcon.colcon_core.environment:checking '/home/fyp/FYP/px4_ws/install/px4_ros_com' for CMake config files
[215.526s] Level 1:colcon.colcon_core.shell:create_environment_hook('px4_ros_com', 'cmake_prefix_path')
[215.526s] INFO:colcon.colcon_core.shell:Creating environment hook '/home/fyp/FYP/px4_ws/install/px4_ros_com/share/px4_ros_com/hook/cmake_prefix_path.ps1'
[215.527s] INFO:colcon.colcon_core.shell:Creating environment descriptor '/home/fyp/FYP/px4_ws/install/px4_ros_com/share/px4_ros_com/hook/cmake_prefix_path.dsv'
[215.527s] INFO:colcon.colcon_core.shell:Creating environment hook '/home/fyp/FYP/px4_ws/install/px4_ros_com/share/px4_ros_com/hook/cmake_prefix_path.sh'
[215.527s] Level 1:colcon.colcon_core.environment:checking '/home/fyp/FYP/px4_ws/install/px4_ros_com/lib'
[215.527s] Level 1:colcon.colcon_core.shell:create_environment_hook('px4_ros_com', 'ld_library_path_lib')
[215.527s] INFO:colcon.colcon_core.shell:Creating environment hook '/home/fyp/FYP/px4_ws/install/px4_ros_com/share/px4_ros_com/hook/ld_library_path_lib.ps1'
[215.528s] INFO:colcon.colcon_core.shell:Creating environment descriptor '/home/fyp/FYP/px4_ws/install/px4_ros_com/share/px4_ros_com/hook/ld_library_path_lib.dsv'
[215.528s] INFO:colcon.colcon_core.shell:Creating environment hook '/home/fyp/FYP/px4_ws/install/px4_ros_com/share/px4_ros_com/hook/ld_library_path_lib.sh'
[215.528s] Level 1:colcon.colcon_core.environment:checking '/home/fyp/FYP/px4_ws/install/px4_ros_com/bin'
[215.528s] Level 1:colcon.colcon_core.environment:checking '/home/fyp/FYP/px4_ws/install/px4_ros_com/lib/pkgconfig/px4_ros_com.pc'
[215.528s] Level 1:colcon.colcon_core.environment:checking '/home/fyp/FYP/px4_ws/install/px4_ros_com/lib/python3.10/site-packages'
[215.529s] Level 1:colcon.colcon_core.environment:checking '/home/fyp/FYP/px4_ws/install/px4_ros_com/bin'
[215.529s] INFO:colcon.colcon_core.shell:Creating package script '/home/fyp/FYP/px4_ws/install/px4_ros_com/share/px4_ros_com/package.ps1'
[215.529s] INFO:colcon.colcon_core.shell:Creating package descriptor '/home/fyp/FYP/px4_ws/install/px4_ros_com/share/px4_ros_com/package.dsv'
[215.530s] INFO:colcon.colcon_core.shell:Creating package script '/home/fyp/FYP/px4_ws/install/px4_ros_com/share/px4_ros_com/package.sh'
[215.530s] INFO:colcon.colcon_core.shell:Creating package script '/home/fyp/FYP/px4_ws/install/px4_ros_com/share/px4_ros_com/package.bash'
[215.530s] INFO:colcon.colcon_core.shell:Creating package script '/home/fyp/FYP/px4_ws/install/px4_ros_com/share/px4_ros_com/package.zsh'
[215.530s] Level 1:colcon.colcon_core.environment:create_file_with_runtime_dependencies(/home/fyp/FYP/px4_ws/install/px4_ros_com/share/colcon-core/packages/px4_ros_com)
[215.531s] Level 1:colcon.colcon_core.environment:create_environment_scripts_only(px4_ros_com)
[215.531s] Level 1:colcon.colcon_core.environment:checking '/home/fyp/FYP/px4_ws/install/px4_ros_com' for CMake module files
[215.531s] Level 1:colcon.colcon_core.environment:checking '/home/fyp/FYP/px4_ws/install/px4_ros_com' for CMake config files
[215.532s] Level 1:colcon.colcon_core.shell:create_environment_hook('px4_ros_com', 'cmake_prefix_path')
[215.532s] INFO:colcon.colcon_core.shell:Creating environment hook '/home/fyp/FYP/px4_ws/install/px4_ros_com/share/px4_ros_com/hook/cmake_prefix_path.ps1'
[215.532s] INFO:colcon.colcon_core.shell:Creating environment descriptor '/home/fyp/FYP/px4_ws/install/px4_ros_com/share/px4_ros_com/hook/cmake_prefix_path.dsv'
[215.532s] INFO:colcon.colcon_core.shell:Creating environment hook '/home/fyp/FYP/px4_ws/install/px4_ros_com/share/px4_ros_com/hook/cmake_prefix_path.sh'
[215.533s] Level 1:colcon.colcon_core.environment:checking '/home/fyp/FYP/px4_ws/install/px4_ros_com/lib'
[215.533s] Level 1:colcon.colcon_core.shell:create_environment_hook('px4_ros_com', 'ld_library_path_lib')
[215.533s] INFO:colcon.colcon_core.shell:Creating environment hook '/home/fyp/FYP/px4_ws/install/px4_ros_com/share/px4_ros_com/hook/ld_library_path_lib.ps1'
[215.533s] INFO:colcon.colcon_core.shell:Creating environment descriptor '/home/fyp/FYP/px4_ws/install/px4_ros_com/share/px4_ros_com/hook/ld_library_path_lib.dsv'
[215.533s] INFO:colcon.colcon_core.shell:Creating environment hook '/home/fyp/FYP/px4_ws/install/px4_ros_com/share/px4_ros_com/hook/ld_library_path_lib.sh'
[215.534s] Level 1:colcon.colcon_core.environment:checking '/home/fyp/FYP/px4_ws/install/px4_ros_com/bin'
[215.534s] Level 1:colcon.colcon_core.environment:checking '/home/fyp/FYP/px4_ws/install/px4_ros_com/lib/pkgconfig/px4_ros_com.pc'
[215.534s] Level 1:colcon.colcon_core.environment:checking '/home/fyp/FYP/px4_ws/install/px4_ros_com/lib/python3.10/site-packages'
[215.534s] Level 1:colcon.colcon_core.environment:checking '/home/fyp/FYP/px4_ws/install/px4_ros_com/bin'
[215.534s] INFO:colcon.colcon_core.shell:Creating package script '/home/fyp/FYP/px4_ws/install/px4_ros_com/share/px4_ros_com/package.ps1'
[215.535s] INFO:colcon.colcon_core.shell:Creating package descriptor '/home/fyp/FYP/px4_ws/install/px4_ros_com/share/px4_ros_com/package.dsv'
[215.535s] INFO:colcon.colcon_core.shell:Creating package script '/home/fyp/FYP/px4_ws/install/px4_ros_com/share/px4_ros_com/package.sh'
[215.535s] INFO:colcon.colcon_core.shell:Creating package script '/home/fyp/FYP/px4_ws/install/px4_ros_com/share/px4_ros_com/package.bash'
[215.536s] INFO:colcon.colcon_core.shell:Creating package script '/home/fyp/FYP/px4_ws/install/px4_ros_com/share/px4_ros_com/package.zsh'
[215.536s] Level 1:colcon.colcon_core.environment:create_file_with_runtime_dependencies(/home/fyp/FYP/px4_ws/install/px4_ros_com/share/colcon-core/packages/px4_ros_com)
[215.536s] DEBUG:colcon.colcon_parallel_executor.executor.parallel:closing loop
[215.536s] DEBUG:colcon.colcon_parallel_executor.executor.parallel:loop closed
[215.536s] DEBUG:colcon.colcon_parallel_executor.executor.parallel:run_until_complete finished with '0'
[215.536s] DEBUG:colcon.colcon_core.event_reactor:joining thread
[215.808s] INFO:colcon.colcon_core.plugin_system:Skipping extension 'colcon_notification.desktop_notification.notify_send': Could not find 'notify-send'
[215.808s] INFO:colcon.colcon_core.plugin_system:Skipping extension 'colcon_notification.desktop_notification.terminal_notifier': Not used on non-Darwin systems
[215.808s] INFO:colcon.colcon_core.plugin_system:Skipping extension 'colcon_notification.desktop_notification.win32': Not used on non-Windows systems
[215.808s] INFO:colcon.colcon_notification.desktop_notification:Sending desktop notification using 'notify2'
[215.808s] DEBUG:colcon.colcon_notification.desktop_notification.notify2:Failed to initialize notify2: org.freedesktop.DBus.Error.FileNotFound: Failed to connect to socket /run/user/1000/bus: No such file or directory
[215.809s] DEBUG:colcon.colcon_core.event_reactor:joined thread
[215.809s] INFO:colcon.colcon_core.shell:Creating prefix script '/home/fyp/FYP/px4_ws/install/local_setup.ps1'
[215.810s] INFO:colcon.colcon_core.shell:Creating prefix util module '/home/fyp/FYP/px4_ws/install/_local_setup_util_ps1.py'
[215.812s] INFO:colcon.colcon_core.shell:Creating prefix chain script '/home/fyp/FYP/px4_ws/install/setup.ps1'
[215.813s] INFO:colcon.colcon_core.shell:Creating prefix script '/home/fyp/FYP/px4_ws/install/local_setup.sh'
[215.814s] INFO:colcon.colcon_core.shell:Creating prefix util module '/home/fyp/FYP/px4_ws/install/_local_setup_util_sh.py'
[215.815s] INFO:colcon.colcon_core.shell:Creating prefix chain script '/home/fyp/FYP/px4_ws/install/setup.sh'
[215.816s] INFO:colcon.colcon_core.shell:Creating prefix script '/home/fyp/FYP/px4_ws/install/local_setup.bash'
[215.816s] INFO:colcon.colcon_core.shell:Creating prefix chain script '/home/fyp/FYP/px4_ws/install/setup.bash'
[215.817s] INFO:colcon.colcon_core.shell:Creating prefix script '/home/fyp/FYP/px4_ws/install/local_setup.zsh'
[215.818s] INFO:colcon.colcon_core.shell:Creating prefix chain script '/home/fyp/FYP/px4_ws/install/setup.zsh'
