[0.831s] DEBUG:colcon:Command line arguments: ['/usr/bin/colcon', 'build']
[0.831s] DEBUG:colcon:Parsed command line arguments: Namespace(log_base=None, log_level=None, verb_name='build', build_base='build', install_base='install', merge_install=False, symlink_install=False, test_result_base=None, continue_on_error=False, executor='parallel', parallel_workers=32, event_handlers=None, ignore_user_meta=False, metas=['./colcon.meta'], base_paths=['.'], packages_ignore=None, packages_ignore_regex=None, paths=None, packages_up_to=None, packages_up_to_regex=None, packages_above=None, packages_above_and_dependencies=None, packages_above_depth=None, packages_select_by_dep=None, packages_skip_by_dep=None, packages_skip_up_to=None, packages_select_build_failed=False, packages_skip_build_finished=False, packages_select_test_failures=False, packages_skip_test_passed=False, packages_select=None, packages_skip=None, packages_select_regex=None, packages_skip_regex=None, packages_start=None, packages_end=None, allow_overriding=[], cmake_args=None, cmake_target=None, cmake_target_skip_unavailable=False, cmake_clean_cache=False, cmake_clean_first=False, cmake_force_configure=False, ament_cmake_args=None, catkin_cmake_args=None, catkin_skip_building_tests=False, verb_parser=<colcon_defaults.argument_parser.defaults.DefaultArgumentsDecorator object at 0x7316457efdf0>, verb_extension=<colcon_core.verb.build.BuildVerb object at 0x7316457ef4f0>, main=<bound method BuildVerb.main of <colcon_core.verb.build.BuildVerb object at 0x7316457ef4f0>>)
[0.946s] Level 1:colcon.colcon_core.package_discovery:discover_packages(colcon_meta) check parameters
[0.946s] Level 1:colcon.colcon_core.package_discovery:discover_packages(recursive) check parameters
[0.946s] Level 1:colcon.colcon_core.package_discovery:discover_packages(ignore) check parameters
[0.946s] Level 1:colcon.colcon_core.package_discovery:discover_packages(path) check parameters
[0.946s] Level 1:colcon.colcon_core.package_discovery:discover_packages(colcon_meta) discover
[0.946s] Level 1:colcon.colcon_core.package_discovery:discover_packages(recursive) discover
[0.946s] INFO:colcon.colcon_core.package_discovery:Crawling recursively for packages in '/home/fyp/FYP/aerogripper_ws'
[0.946s] Level 1:colcon.colcon_core.package_identification:_identify(.) by extensions ['ignore', 'ignore_ament_install']
[0.946s] Level 1:colcon.colcon_core.package_identification:_identify(.) by extension 'ignore'
[0.946s] Level 1:colcon.colcon_core.package_identification:_identify(.) by extension 'ignore_ament_install'
[0.946s] Level 1:colcon.colcon_core.package_identification:_identify(.) by extensions ['colcon_pkg']
[0.946s] Level 1:colcon.colcon_core.package_identification:_identify(.) by extension 'colcon_pkg'
[0.946s] Level 1:colcon.colcon_core.package_identification:_identify(.) by extensions ['colcon_meta']
[0.946s] Level 1:colcon.colcon_core.package_identification:_identify(.) by extension 'colcon_meta'
[0.946s] Level 1:colcon.colcon_core.package_identification:_identify(.) by extensions ['ros']
[0.946s] Level 1:colcon.colcon_core.package_identification:_identify(.) by extension 'ros'
[0.956s] Level 1:colcon.colcon_core.package_identification:_identify(.) by extensions ['cmake', 'python']
[0.956s] Level 1:colcon.colcon_core.package_identification:_identify(.) by extension 'cmake'
[0.956s] Level 1:colcon.colcon_core.package_identification:_identify(.) by extension 'python'
[0.956s] Level 1:colcon.colcon_core.package_identification:_identify(.) by extensions ['python_setup_py']
[0.956s] Level 1:colcon.colcon_core.package_identification:_identify(.) by extension 'python_setup_py'
[0.956s] Level 1:colcon.colcon_core.package_identification:_identify(build) by extensions ['ignore', 'ignore_ament_install']
[0.956s] Level 1:colcon.colcon_core.package_identification:_identify(build) by extension 'ignore'
[0.956s] Level 1:colcon.colcon_core.package_identification:_identify(build) ignored
[0.956s] Level 1:colcon.colcon_core.package_identification:_identify(install) by extensions ['ignore', 'ignore_ament_install']
[0.956s] Level 1:colcon.colcon_core.package_identification:_identify(install) by extension 'ignore'
[0.956s] Level 1:colcon.colcon_core.package_identification:_identify(install) ignored
[0.956s] Level 1:colcon.colcon_core.package_identification:_identify(log) by extensions ['ignore', 'ignore_ament_install']
[0.956s] Level 1:colcon.colcon_core.package_identification:_identify(log) by extension 'ignore'
[0.956s] Level 1:colcon.colcon_core.package_identification:_identify(log) ignored
[0.956s] Level 1:colcon.colcon_core.package_identification:_identify(src) by extensions ['ignore', 'ignore_ament_install']
[0.956s] Level 1:colcon.colcon_core.package_identification:_identify(src) by extension 'ignore'
[0.957s] Level 1:colcon.colcon_core.package_identification:_identify(src) by extension 'ignore_ament_install'
[0.957s] Level 1:colcon.colcon_core.package_identification:_identify(src) by extensions ['colcon_pkg']
[0.957s] Level 1:colcon.colcon_core.package_identification:_identify(src) by extension 'colcon_pkg'
[0.957s] Level 1:colcon.colcon_core.package_identification:_identify(src) by extensions ['colcon_meta']
[0.957s] Level 1:colcon.colcon_core.package_identification:_identify(src) by extension 'colcon_meta'
[0.957s] Level 1:colcon.colcon_core.package_identification:_identify(src) by extensions ['ros']
[0.957s] Level 1:colcon.colcon_core.package_identification:_identify(src) by extension 'ros'
[0.957s] Level 1:colcon.colcon_core.package_identification:_identify(src) by extensions ['cmake', 'python']
[0.957s] Level 1:colcon.colcon_core.package_identification:_identify(src) by extension 'cmake'
[0.957s] Level 1:colcon.colcon_core.package_identification:_identify(src) by extension 'python'
[0.957s] Level 1:colcon.colcon_core.package_identification:_identify(src) by extensions ['python_setup_py']
[0.957s] Level 1:colcon.colcon_core.package_identification:_identify(src) by extension 'python_setup_py'
[0.957s] Level 1:colcon.colcon_core.package_identification:_identify(src/aerogripper_control) by extensions ['ignore', 'ignore_ament_install']
[0.957s] Level 1:colcon.colcon_core.package_identification:_identify(src/aerogripper_control) by extension 'ignore'
[0.957s] Level 1:colcon.colcon_core.package_identification:_identify(src/aerogripper_control) by extension 'ignore_ament_install'
[0.957s] Level 1:colcon.colcon_core.package_identification:_identify(src/aerogripper_control) by extensions ['colcon_pkg']
[0.957s] Level 1:colcon.colcon_core.package_identification:_identify(src/aerogripper_control) by extension 'colcon_pkg'
[0.957s] Level 1:colcon.colcon_core.package_identification:_identify(src/aerogripper_control) by extensions ['colcon_meta']
[0.957s] Level 1:colcon.colcon_core.package_identification:_identify(src/aerogripper_control) by extension 'colcon_meta'
[0.957s] Level 1:colcon.colcon_core.package_identification:_identify(src/aerogripper_control) by extensions ['ros']
[0.957s] Level 1:colcon.colcon_core.package_identification:_identify(src/aerogripper_control) by extension 'ros'
[0.959s] DEBUG:colcon.colcon_core.package_identification:Package 'src/aerogripper_control' with type 'ros.ament_cmake' and name 'aerogripper_control'
[0.959s] Level 1:colcon.colcon_core.package_identification:_identify(src/aerogripper_msgs) by extensions ['ignore', 'ignore_ament_install']
[0.959s] Level 1:colcon.colcon_core.package_identification:_identify(src/aerogripper_msgs) by extension 'ignore'
[0.959s] Level 1:colcon.colcon_core.package_identification:_identify(src/aerogripper_msgs) by extension 'ignore_ament_install'
[0.959s] Level 1:colcon.colcon_core.package_identification:_identify(src/aerogripper_msgs) by extensions ['colcon_pkg']
[0.959s] Level 1:colcon.colcon_core.package_identification:_identify(src/aerogripper_msgs) by extension 'colcon_pkg'
[0.959s] Level 1:colcon.colcon_core.package_identification:_identify(src/aerogripper_msgs) by extensions ['colcon_meta']
[0.959s] Level 1:colcon.colcon_core.package_identification:_identify(src/aerogripper_msgs) by extension 'colcon_meta'
[0.959s] Level 1:colcon.colcon_core.package_identification:_identify(src/aerogripper_msgs) by extensions ['ros']
[0.959s] Level 1:colcon.colcon_core.package_identification:_identify(src/aerogripper_msgs) by extension 'ros'
[0.960s] DEBUG:colcon.colcon_core.package_identification:Package 'src/aerogripper_msgs' with type 'ros.ament_cmake' and name 'aerogripper_msgs'
[0.960s] Level 1:colcon.colcon_core.package_identification:_identify(src/aerogripper_simulator) by extensions ['ignore', 'ignore_ament_install']
[0.960s] Level 1:colcon.colcon_core.package_identification:_identify(src/aerogripper_simulator) by extension 'ignore'
[0.960s] Level 1:colcon.colcon_core.package_identification:_identify(src/aerogripper_simulator) by extension 'ignore_ament_install'
[0.960s] Level 1:colcon.colcon_core.package_identification:_identify(src/aerogripper_simulator) by extensions ['colcon_pkg']
[0.960s] Level 1:colcon.colcon_core.package_identification:_identify(src/aerogripper_simulator) by extension 'colcon_pkg'
[0.960s] Level 1:colcon.colcon_core.package_identification:_identify(src/aerogripper_simulator) by extensions ['colcon_meta']
[0.960s] Level 1:colcon.colcon_core.package_identification:_identify(src/aerogripper_simulator) by extension 'colcon_meta'
[0.960s] Level 1:colcon.colcon_core.package_identification:_identify(src/aerogripper_simulator) by extensions ['ros']
[0.960s] Level 1:colcon.colcon_core.package_identification:_identify(src/aerogripper_simulator) by extension 'ros'
[0.961s] DEBUG:colcon.colcon_core.package_identification:Package 'src/aerogripper_simulator' with type 'ros.ament_cmake' and name 'aerogripper_simulator'
[0.961s] Level 1:colcon.colcon_core.package_identification:_identify(src/aerogripper_ws) by extensions ['ignore', 'ignore_ament_install']
[0.961s] Level 1:colcon.colcon_core.package_identification:_identify(src/aerogripper_ws) by extension 'ignore'
[0.961s] Level 1:colcon.colcon_core.package_identification:_identify(src/aerogripper_ws) by extension 'ignore_ament_install'
[0.961s] Level 1:colcon.colcon_core.package_identification:_identify(src/aerogripper_ws) by extensions ['colcon_pkg']
[0.961s] Level 1:colcon.colcon_core.package_identification:_identify(src/aerogripper_ws) by extension 'colcon_pkg'
[0.961s] Level 1:colcon.colcon_core.package_identification:_identify(src/aerogripper_ws) by extensions ['colcon_meta']
[0.961s] Level 1:colcon.colcon_core.package_identification:_identify(src/aerogripper_ws) by extension 'colcon_meta'
[0.961s] Level 1:colcon.colcon_core.package_identification:_identify(src/aerogripper_ws) by extensions ['ros']
[0.961s] Level 1:colcon.colcon_core.package_identification:_identify(src/aerogripper_ws) by extension 'ros'
[0.961s] Level 1:colcon.colcon_core.package_identification:_identify(src/aerogripper_ws) by extensions ['cmake', 'python']
[0.961s] Level 1:colcon.colcon_core.package_identification:_identify(src/aerogripper_ws) by extension 'cmake'
[0.961s] Level 1:colcon.colcon_core.package_identification:_identify(src/aerogripper_ws) by extension 'python'
[0.961s] Level 1:colcon.colcon_core.package_identification:_identify(src/aerogripper_ws) by extensions ['python_setup_py']
[0.961s] Level 1:colcon.colcon_core.package_identification:_identify(src/aerogripper_ws) by extension 'python_setup_py'
[0.962s] Level 1:colcon.colcon_core.package_identification:_identify(src/aerogripper_ws/src) by extensions ['ignore', 'ignore_ament_install']
[0.962s] Level 1:colcon.colcon_core.package_identification:_identify(src/aerogripper_ws/src) by extension 'ignore'
[0.962s] Level 1:colcon.colcon_core.package_identification:_identify(src/aerogripper_ws/src) by extension 'ignore_ament_install'
[0.962s] Level 1:colcon.colcon_core.package_identification:_identify(src/aerogripper_ws/src) by extensions ['colcon_pkg']
[0.962s] Level 1:colcon.colcon_core.package_identification:_identify(src/aerogripper_ws/src) by extension 'colcon_pkg'
[0.962s] Level 1:colcon.colcon_core.package_identification:_identify(src/aerogripper_ws/src) by extensions ['colcon_meta']
[0.962s] Level 1:colcon.colcon_core.package_identification:_identify(src/aerogripper_ws/src) by extension 'colcon_meta'
[0.962s] Level 1:colcon.colcon_core.package_identification:_identify(src/aerogripper_ws/src) by extensions ['ros']
[0.962s] Level 1:colcon.colcon_core.package_identification:_identify(src/aerogripper_ws/src) by extension 'ros'
[0.962s] Level 1:colcon.colcon_core.package_identification:_identify(src/aerogripper_ws/src) by extensions ['cmake', 'python']
[0.962s] Level 1:colcon.colcon_core.package_identification:_identify(src/aerogripper_ws/src) by extension 'cmake'
[0.962s] Level 1:colcon.colcon_core.package_identification:_identify(src/aerogripper_ws/src) by extension 'python'
[0.962s] Level 1:colcon.colcon_core.package_identification:_identify(src/aerogripper_ws/src) by extensions ['python_setup_py']
[0.962s] Level 1:colcon.colcon_core.package_identification:_identify(src/aerogripper_ws/src) by extension 'python_setup_py'
[0.962s] Level 1:colcon.colcon_core.package_identification:_identify(src/aerogripper_ws/src/aerogripper_control) by extensions ['ignore', 'ignore_ament_install']
[0.962s] Level 1:colcon.colcon_core.package_identification:_identify(src/aerogripper_ws/src/aerogripper_control) by extension 'ignore'
[0.962s] Level 1:colcon.colcon_core.package_identification:_identify(src/aerogripper_ws/src/aerogripper_control) by extension 'ignore_ament_install'
[0.962s] Level 1:colcon.colcon_core.package_identification:_identify(src/aerogripper_ws/src/aerogripper_control) by extensions ['colcon_pkg']
[0.962s] Level 1:colcon.colcon_core.package_identification:_identify(src/aerogripper_ws/src/aerogripper_control) by extension 'colcon_pkg'
[0.962s] Level 1:colcon.colcon_core.package_identification:_identify(src/aerogripper_ws/src/aerogripper_control) by extensions ['colcon_meta']
[0.962s] Level 1:colcon.colcon_core.package_identification:_identify(src/aerogripper_ws/src/aerogripper_control) by extension 'colcon_meta'
[0.962s] Level 1:colcon.colcon_core.package_identification:_identify(src/aerogripper_ws/src/aerogripper_control) by extensions ['ros']
[0.962s] Level 1:colcon.colcon_core.package_identification:_identify(src/aerogripper_ws/src/aerogripper_control) by extension 'ros'
[0.962s] Level 1:colcon.colcon_core.package_identification:_identify(src/aerogripper_ws/src/aerogripper_control) by extensions ['cmake', 'python']
[0.962s] Level 1:colcon.colcon_core.package_identification:_identify(src/aerogripper_ws/src/aerogripper_control) by extension 'cmake'
[0.962s] Level 1:colcon.colcon_core.package_identification:_identify(src/aerogripper_ws/src/aerogripper_control) by extension 'python'
[0.962s] Level 1:colcon.colcon_core.package_identification:_identify(src/aerogripper_ws/src/aerogripper_control) by extensions ['python_setup_py']
[0.962s] Level 1:colcon.colcon_core.package_identification:_identify(src/aerogripper_ws/src/aerogripper_control) by extension 'python_setup_py'
[0.962s] Level 1:colcon.colcon_core.package_identification:_identify(src/aerogripper_ws/src/aerogripper_control/config) by extensions ['ignore', 'ignore_ament_install']
[0.962s] Level 1:colcon.colcon_core.package_identification:_identify(src/aerogripper_ws/src/aerogripper_control/config) by extension 'ignore'
[0.963s] Level 1:colcon.colcon_core.package_identification:_identify(src/aerogripper_ws/src/aerogripper_control/config) by extension 'ignore_ament_install'
[0.963s] Level 1:colcon.colcon_core.package_identification:_identify(src/aerogripper_ws/src/aerogripper_control/config) by extensions ['colcon_pkg']
[0.963s] Level 1:colcon.colcon_core.package_identification:_identify(src/aerogripper_ws/src/aerogripper_control/config) by extension 'colcon_pkg'
[0.963s] Level 1:colcon.colcon_core.package_identification:_identify(src/aerogripper_ws/src/aerogripper_control/config) by extensions ['colcon_meta']
[0.963s] Level 1:colcon.colcon_core.package_identification:_identify(src/aerogripper_ws/src/aerogripper_control/config) by extension 'colcon_meta'
[0.963s] Level 1:colcon.colcon_core.package_identification:_identify(src/aerogripper_ws/src/aerogripper_control/config) by extensions ['ros']
[0.963s] Level 1:colcon.colcon_core.package_identification:_identify(src/aerogripper_ws/src/aerogripper_control/config) by extension 'ros'
[0.963s] Level 1:colcon.colcon_core.package_identification:_identify(src/aerogripper_ws/src/aerogripper_control/config) by extensions ['cmake', 'python']
[0.963s] Level 1:colcon.colcon_core.package_identification:_identify(src/aerogripper_ws/src/aerogripper_control/config) by extension 'cmake'
[0.963s] Level 1:colcon.colcon_core.package_identification:_identify(src/aerogripper_ws/src/aerogripper_control/config) by extension 'python'
[0.963s] Level 1:colcon.colcon_core.package_identification:_identify(src/aerogripper_ws/src/aerogripper_control/config) by extensions ['python_setup_py']
[0.963s] Level 1:colcon.colcon_core.package_identification:_identify(src/aerogripper_ws/src/aerogripper_control/config) by extension 'python_setup_py'
[0.963s] Level 1:colcon.colcon_core.package_identification:_identify(src/aerogripper_ws/src/aerogripper_control/include) by extensions ['ignore', 'ignore_ament_install']
[0.963s] Level 1:colcon.colcon_core.package_identification:_identify(src/aerogripper_ws/src/aerogripper_control/include) by extension 'ignore'
[0.963s] Level 1:colcon.colcon_core.package_identification:_identify(src/aerogripper_ws/src/aerogripper_control/include) by extension 'ignore_ament_install'
[0.963s] Level 1:colcon.colcon_core.package_identification:_identify(src/aerogripper_ws/src/aerogripper_control/include) by extensions ['colcon_pkg']
[0.963s] Level 1:colcon.colcon_core.package_identification:_identify(src/aerogripper_ws/src/aerogripper_control/include) by extension 'colcon_pkg'
[0.963s] Level 1:colcon.colcon_core.package_identification:_identify(src/aerogripper_ws/src/aerogripper_control/include) by extensions ['colcon_meta']
[0.963s] Level 1:colcon.colcon_core.package_identification:_identify(src/aerogripper_ws/src/aerogripper_control/include) by extension 'colcon_meta'
[0.963s] Level 1:colcon.colcon_core.package_identification:_identify(src/aerogripper_ws/src/aerogripper_control/include) by extensions ['ros']
[0.963s] Level 1:colcon.colcon_core.package_identification:_identify(src/aerogripper_ws/src/aerogripper_control/include) by extension 'ros'
[0.963s] Level 1:colcon.colcon_core.package_identification:_identify(src/aerogripper_ws/src/aerogripper_control/include) by extensions ['cmake', 'python']
[0.963s] Level 1:colcon.colcon_core.package_identification:_identify(src/aerogripper_ws/src/aerogripper_control/include) by extension 'cmake'
[0.963s] Level 1:colcon.colcon_core.package_identification:_identify(src/aerogripper_ws/src/aerogripper_control/include) by extension 'python'
[0.963s] Level 1:colcon.colcon_core.package_identification:_identify(src/aerogripper_ws/src/aerogripper_control/include) by extensions ['python_setup_py']
[0.963s] Level 1:colcon.colcon_core.package_identification:_identify(src/aerogripper_ws/src/aerogripper_control/include) by extension 'python_setup_py'
[0.963s] Level 1:colcon.colcon_core.package_identification:_identify(src/aerogripper_ws/src/aerogripper_control/src) by extensions ['ignore', 'ignore_ament_install']
[0.963s] Level 1:colcon.colcon_core.package_identification:_identify(src/aerogripper_ws/src/aerogripper_control/src) by extension 'ignore'
[0.963s] Level 1:colcon.colcon_core.package_identification:_identify(src/aerogripper_ws/src/aerogripper_control/src) by extension 'ignore_ament_install'
[0.963s] Level 1:colcon.colcon_core.package_identification:_identify(src/aerogripper_ws/src/aerogripper_control/src) by extensions ['colcon_pkg']
[0.963s] Level 1:colcon.colcon_core.package_identification:_identify(src/aerogripper_ws/src/aerogripper_control/src) by extension 'colcon_pkg'
[0.963s] Level 1:colcon.colcon_core.package_identification:_identify(src/aerogripper_ws/src/aerogripper_control/src) by extensions ['colcon_meta']
[0.963s] Level 1:colcon.colcon_core.package_identification:_identify(src/aerogripper_ws/src/aerogripper_control/src) by extension 'colcon_meta'
[0.963s] Level 1:colcon.colcon_core.package_identification:_identify(src/aerogripper_ws/src/aerogripper_control/src) by extensions ['ros']
[0.963s] Level 1:colcon.colcon_core.package_identification:_identify(src/aerogripper_ws/src/aerogripper_control/src) by extension 'ros'
[0.964s] Level 1:colcon.colcon_core.package_identification:_identify(src/aerogripper_ws/src/aerogripper_control/src) by extensions ['cmake', 'python']
[0.964s] Level 1:colcon.colcon_core.package_identification:_identify(src/aerogripper_ws/src/aerogripper_control/src) by extension 'cmake'
[0.964s] Level 1:colcon.colcon_core.package_identification:_identify(src/aerogripper_ws/src/aerogripper_control/src) by extension 'python'
[0.964s] Level 1:colcon.colcon_core.package_identification:_identify(src/aerogripper_ws/src/aerogripper_control/src) by extensions ['python_setup_py']
[0.964s] Level 1:colcon.colcon_core.package_identification:_identify(src/aerogripper_ws/src/aerogripper_control/src) by extension 'python_setup_py'
[0.964s] Level 1:colcon.colcon_core.package_identification:_identify(src/thrust_calibration) by extensions ['ignore', 'ignore_ament_install']
[0.964s] Level 1:colcon.colcon_core.package_identification:_identify(src/thrust_calibration) by extension 'ignore'
[0.964s] Level 1:colcon.colcon_core.package_identification:_identify(src/thrust_calibration) by extension 'ignore_ament_install'
[0.964s] Level 1:colcon.colcon_core.package_identification:_identify(src/thrust_calibration) by extensions ['colcon_pkg']
[0.964s] Level 1:colcon.colcon_core.package_identification:_identify(src/thrust_calibration) by extension 'colcon_pkg'
[0.964s] Level 1:colcon.colcon_core.package_identification:_identify(src/thrust_calibration) by extensions ['colcon_meta']
[0.964s] Level 1:colcon.colcon_core.package_identification:_identify(src/thrust_calibration) by extension 'colcon_meta'
[0.964s] Level 1:colcon.colcon_core.package_identification:_identify(src/thrust_calibration) by extensions ['ros']
[0.964s] Level 1:colcon.colcon_core.package_identification:_identify(src/thrust_calibration) by extension 'ros'
[0.964s] Level 1:colcon.colcon_core.package_identification:_identify(src/thrust_calibration) by extensions ['cmake', 'python']
[0.964s] Level 1:colcon.colcon_core.package_identification:_identify(src/thrust_calibration) by extension 'cmake'
[0.964s] Level 1:colcon.colcon_core.package_identification:_identify(src/thrust_calibration) by extension 'python'
[0.964s] Level 1:colcon.colcon_core.package_identification:_identify(src/thrust_calibration) by extensions ['python_setup_py']
[0.964s] Level 1:colcon.colcon_core.package_identification:_identify(src/thrust_calibration) by extension 'python_setup_py'
[0.964s] Level 1:colcon.colcon_core.package_discovery:discover_packages(recursive) using defaults
[0.964s] Level 1:colcon.colcon_core.package_discovery:discover_packages(ignore) discover
[0.964s] Level 1:colcon.colcon_core.package_discovery:discover_packages(ignore) using defaults
[0.964s] Level 1:colcon.colcon_core.package_discovery:discover_packages(path) discover
[0.964s] Level 1:colcon.colcon_core.package_discovery:discover_packages(path) using defaults
[0.980s] Level 1:colcon.colcon_core.package_discovery:discover_packages(prefix_path) check parameters
[0.980s] Level 1:colcon.colcon_core.package_discovery:discover_packages(prefix_path) discover
[0.982s] DEBUG:colcon.colcon_installed_package_information.package_discovery:Found 3 installed packages in /home/fyp/FYP/aerogripper_ws/install
[0.982s] DEBUG:colcon.colcon_installed_package_information.package_discovery:Found 2 installed packages in /home/fyp/FYP/px4_ws/install
[0.983s] DEBUG:colcon.colcon_installed_package_information.package_discovery:Found 272 installed packages in /opt/ros/humble
[0.984s] Level 1:colcon.colcon_core.package_discovery:discover_packages(prefix_path) using defaults
[1.017s] Level 5:colcon.colcon_core.verb:set package 'aerogripper_msgs' build argument 'cmake_args' from command line to 'None'
[1.017s] Level 5:colcon.colcon_core.verb:set package 'aerogripper_msgs' build argument 'cmake_target' from command line to 'None'
[1.017s] Level 5:colcon.colcon_core.verb:set package 'aerogripper_msgs' build argument 'cmake_target_skip_unavailable' from command line to 'False'
[1.017s] Level 5:colcon.colcon_core.verb:set package 'aerogripper_msgs' build argument 'cmake_clean_cache' from command line to 'False'
[1.017s] Level 5:colcon.colcon_core.verb:set package 'aerogripper_msgs' build argument 'cmake_clean_first' from command line to 'False'
[1.017s] Level 5:colcon.colcon_core.verb:set package 'aerogripper_msgs' build argument 'cmake_force_configure' from command line to 'False'
[1.018s] Level 5:colcon.colcon_core.verb:set package 'aerogripper_msgs' build argument 'ament_cmake_args' from command line to 'None'
[1.018s] Level 5:colcon.colcon_core.verb:set package 'aerogripper_msgs' build argument 'catkin_cmake_args' from command line to 'None'
[1.018s] Level 5:colcon.colcon_core.verb:set package 'aerogripper_msgs' build argument 'catkin_skip_building_tests' from command line to 'False'
[1.018s] DEBUG:colcon.colcon_core.verb:Building package 'aerogripper_msgs' with the following arguments: {'ament_cmake_args': None, 'build_base': '/home/fyp/FYP/aerogripper_ws/build/aerogripper_msgs', 'catkin_cmake_args': None, 'catkin_skip_building_tests': False, 'cmake_args': None, 'cmake_clean_cache': False, 'cmake_clean_first': False, 'cmake_force_configure': False, 'cmake_target': None, 'cmake_target_skip_unavailable': False, 'install_base': '/home/fyp/FYP/aerogripper_ws/install/aerogripper_msgs', 'merge_install': False, 'path': '/home/fyp/FYP/aerogripper_ws/src/aerogripper_msgs', 'symlink_install': False, 'test_result_base': None}
[1.018s] Level 5:colcon.colcon_core.verb:set package 'aerogripper_simulator' build argument 'cmake_args' from command line to 'None'
[1.018s] Level 5:colcon.colcon_core.verb:set package 'aerogripper_simulator' build argument 'cmake_target' from command line to 'None'
[1.018s] Level 5:colcon.colcon_core.verb:set package 'aerogripper_simulator' build argument 'cmake_target_skip_unavailable' from command line to 'False'
[1.018s] Level 5:colcon.colcon_core.verb:set package 'aerogripper_simulator' build argument 'cmake_clean_cache' from command line to 'False'
[1.018s] Level 5:colcon.colcon_core.verb:set package 'aerogripper_simulator' build argument 'cmake_clean_first' from command line to 'False'
[1.018s] Level 5:colcon.colcon_core.verb:set package 'aerogripper_simulator' build argument 'cmake_force_configure' from command line to 'False'
[1.018s] Level 5:colcon.colcon_core.verb:set package 'aerogripper_simulator' build argument 'ament_cmake_args' from command line to 'None'
[1.018s] Level 5:colcon.colcon_core.verb:set package 'aerogripper_simulator' build argument 'catkin_cmake_args' from command line to 'None'
[1.018s] Level 5:colcon.colcon_core.verb:set package 'aerogripper_simulator' build argument 'catkin_skip_building_tests' from command line to 'False'
[1.018s] DEBUG:colcon.colcon_core.verb:Building package 'aerogripper_simulator' with the following arguments: {'ament_cmake_args': None, 'build_base': '/home/fyp/FYP/aerogripper_ws/build/aerogripper_simulator', 'catkin_cmake_args': None, 'catkin_skip_building_tests': False, 'cmake_args': None, 'cmake_clean_cache': False, 'cmake_clean_first': False, 'cmake_force_configure': False, 'cmake_target': None, 'cmake_target_skip_unavailable': False, 'install_base': '/home/fyp/FYP/aerogripper_ws/install/aerogripper_simulator', 'merge_install': False, 'path': '/home/fyp/FYP/aerogripper_ws/src/aerogripper_simulator', 'symlink_install': False, 'test_result_base': None}
[1.018s] Level 5:colcon.colcon_core.verb:set package 'aerogripper_control' build argument 'cmake_args' from command line to 'None'
[1.018s] Level 5:colcon.colcon_core.verb:set package 'aerogripper_control' build argument 'cmake_target' from command line to 'None'
[1.018s] Level 5:colcon.colcon_core.verb:set package 'aerogripper_control' build argument 'cmake_target_skip_unavailable' from command line to 'False'
[1.018s] Level 5:colcon.colcon_core.verb:set package 'aerogripper_control' build argument 'cmake_clean_cache' from command line to 'False'
[1.018s] Level 5:colcon.colcon_core.verb:set package 'aerogripper_control' build argument 'cmake_clean_first' from command line to 'False'
[1.018s] Level 5:colcon.colcon_core.verb:set package 'aerogripper_control' build argument 'cmake_force_configure' from command line to 'False'
[1.018s] Level 5:colcon.colcon_core.verb:set package 'aerogripper_control' build argument 'ament_cmake_args' from command line to 'None'
[1.018s] Level 5:colcon.colcon_core.verb:set package 'aerogripper_control' build argument 'catkin_cmake_args' from command line to 'None'
[1.018s] Level 5:colcon.colcon_core.verb:set package 'aerogripper_control' build argument 'catkin_skip_building_tests' from command line to 'False'
[1.018s] DEBUG:colcon.colcon_core.verb:Building package 'aerogripper_control' with the following arguments: {'ament_cmake_args': None, 'build_base': '/home/fyp/FYP/aerogripper_ws/build/aerogripper_control', 'catkin_cmake_args': None, 'catkin_skip_building_tests': False, 'cmake_args': None, 'cmake_clean_cache': False, 'cmake_clean_first': False, 'cmake_force_configure': False, 'cmake_target': None, 'cmake_target_skip_unavailable': False, 'install_base': '/home/fyp/FYP/aerogripper_ws/install/aerogripper_control', 'merge_install': False, 'path': '/home/fyp/FYP/aerogripper_ws/src/aerogripper_control', 'symlink_install': False, 'test_result_base': None}
[1.018s] INFO:colcon.colcon_core.executor:Executing jobs using 'parallel' executor
[1.019s] DEBUG:colcon.colcon_parallel_executor.executor.parallel:run_until_complete
[1.020s] INFO:colcon.colcon_ros.task.ament_cmake.build:Building ROS package in '/home/fyp/FYP/aerogripper_ws/src/aerogripper_msgs' with build type 'ament_cmake'
[1.020s] INFO:colcon.colcon_cmake.task.cmake.build:Building CMake package in '/home/fyp/FYP/aerogripper_ws/src/aerogripper_msgs'
[1.022s] INFO:colcon.colcon_core.plugin_system:Skipping extension 'colcon_core.shell.bat': Not used on non-Windows systems
[1.022s] INFO:colcon.colcon_core.shell:Skip shell extension 'powershell' for command environment: Not usable outside of PowerShell
[1.022s] DEBUG:colcon.colcon_core.shell:Skip shell extension 'dsv' for command environment
[1.026s] INFO:colcon.colcon_ros.task.ament_cmake.build:Building ROS package in '/home/fyp/FYP/aerogripper_ws/src/aerogripper_simulator' with build type 'ament_cmake'
[1.026s] INFO:colcon.colcon_cmake.task.cmake.build:Building CMake package in '/home/fyp/FYP/aerogripper_ws/src/aerogripper_simulator'
[1.026s] INFO:colcon.colcon_core.shell:Skip shell extension 'powershell' for command environment: Not usable outside of PowerShell
[1.026s] DEBUG:colcon.colcon_core.shell:Skip shell extension 'dsv' for command environment
[1.034s] DEBUG:colcon.colcon_core.event_handler.log_command:Invoking command in '/home/fyp/FYP/aerogripper_ws/build/aerogripper_msgs': CMAKE_PREFIX_PATH=${CMAKE_PREFIX_PATH}:/opt/ros/humble /usr/bin/cmake --build /home/fyp/FYP/aerogripper_ws/build/aerogripper_msgs -- -j32 -l32
[1.038s] DEBUG:colcon.colcon_core.event_handler.log_command:Invoking command in '/home/fyp/FYP/aerogripper_ws/build/aerogripper_simulator': CMAKE_PREFIX_PATH=${CMAKE_PREFIX_PATH}:/opt/ros/humble /usr/bin/cmake --build /home/fyp/FYP/aerogripper_ws/build/aerogripper_simulator -- -j32 -l32
[1.293s] DEBUG:colcon.colcon_core.event_handler.log_command:Invoked command in '/home/fyp/FYP/aerogripper_ws/build/aerogripper_simulator' returned '0': CMAKE_PREFIX_PATH=${CMAKE_PREFIX_PATH}:/opt/ros/humble /usr/bin/cmake --build /home/fyp/FYP/aerogripper_ws/build/aerogripper_simulator -- -j32 -l32
[1.305s] DEBUG:colcon.colcon_core.event_handler.log_command:Invoking command in '/home/fyp/FYP/aerogripper_ws/build/aerogripper_simulator': CMAKE_PREFIX_PATH=${CMAKE_PREFIX_PATH}:/opt/ros/humble /usr/bin/cmake --install /home/fyp/FYP/aerogripper_ws/build/aerogripper_simulator
[1.305s] DEBUG:colcon.colcon_core.event_handler.log_command:Invoked command in '/home/fyp/FYP/aerogripper_ws/build/aerogripper_msgs' returned '0': CMAKE_PREFIX_PATH=${CMAKE_PREFIX_PATH}:/opt/ros/humble /usr/bin/cmake --build /home/fyp/FYP/aerogripper_ws/build/aerogripper_msgs -- -j32 -l32
[1.305s] DEBUG:colcon.colcon_core.event_handler.log_command:Invoking command in '/home/fyp/FYP/aerogripper_ws/build/aerogripper_msgs': CMAKE_PREFIX_PATH=${CMAKE_PREFIX_PATH}:/opt/ros/humble /usr/bin/cmake --install /home/fyp/FYP/aerogripper_ws/build/aerogripper_msgs
[1.342s] Level 1:colcon.colcon_core.environment:create_environment_scripts_only(aerogripper_simulator)
[1.343s] DEBUG:colcon.colcon_core.event_handler.log_command:Invoked command in '/home/fyp/FYP/aerogripper_ws/build/aerogripper_simulator' returned '0': CMAKE_PREFIX_PATH=${CMAKE_PREFIX_PATH}:/opt/ros/humble /usr/bin/cmake --install /home/fyp/FYP/aerogripper_ws/build/aerogripper_simulator
[1.345s] Level 1:colcon.colcon_core.environment:checking '/home/fyp/FYP/aerogripper_ws/install/aerogripper_simulator' for CMake module files
[1.353s] Level 1:colcon.colcon_core.environment:checking '/home/fyp/FYP/aerogripper_ws/install/aerogripper_simulator' for CMake config files
[1.354s] Level 1:colcon.colcon_core.shell:create_environment_hook('aerogripper_simulator', 'cmake_prefix_path')
[1.354s] INFO:colcon.colcon_core.shell:Creating environment hook '/home/fyp/FYP/aerogripper_ws/install/aerogripper_simulator/share/aerogripper_simulator/hook/cmake_prefix_path.ps1'
[1.354s] INFO:colcon.colcon_core.shell:Creating environment descriptor '/home/fyp/FYP/aerogripper_ws/install/aerogripper_simulator/share/aerogripper_simulator/hook/cmake_prefix_path.dsv'
[1.355s] INFO:colcon.colcon_core.shell:Creating environment hook '/home/fyp/FYP/aerogripper_ws/install/aerogripper_simulator/share/aerogripper_simulator/hook/cmake_prefix_path.sh'
[1.355s] Level 1:colcon.colcon_core.environment:checking '/home/fyp/FYP/aerogripper_ws/install/aerogripper_simulator/lib'
[1.356s] Level 1:colcon.colcon_core.environment:checking '/home/fyp/FYP/aerogripper_ws/install/aerogripper_simulator/bin'
[1.356s] Level 1:colcon.colcon_core.environment:checking '/home/fyp/FYP/aerogripper_ws/install/aerogripper_simulator/lib/pkgconfig/aerogripper_simulator.pc'
[1.356s] Level 1:colcon.colcon_core.environment:checking '/home/fyp/FYP/aerogripper_ws/install/aerogripper_simulator/lib/python3.10/site-packages'
[1.356s] Level 1:colcon.colcon_core.environment:checking '/home/fyp/FYP/aerogripper_ws/install/aerogripper_simulator/bin'
[1.356s] INFO:colcon.colcon_core.shell:Creating package script '/home/fyp/FYP/aerogripper_ws/install/aerogripper_simulator/share/aerogripper_simulator/package.ps1'
[1.357s] INFO:colcon.colcon_core.shell:Creating package descriptor '/home/fyp/FYP/aerogripper_ws/install/aerogripper_simulator/share/aerogripper_simulator/package.dsv'
[1.357s] INFO:colcon.colcon_core.shell:Creating package script '/home/fyp/FYP/aerogripper_ws/install/aerogripper_simulator/share/aerogripper_simulator/package.sh'
[1.358s] INFO:colcon.colcon_core.shell:Creating package script '/home/fyp/FYP/aerogripper_ws/install/aerogripper_simulator/share/aerogripper_simulator/package.bash'
[1.358s] INFO:colcon.colcon_core.shell:Creating package script '/home/fyp/FYP/aerogripper_ws/install/aerogripper_simulator/share/aerogripper_simulator/package.zsh'
[1.359s] Level 1:colcon.colcon_core.environment:create_file_with_runtime_dependencies(/home/fyp/FYP/aerogripper_ws/install/aerogripper_simulator/share/colcon-core/packages/aerogripper_simulator)
[1.359s] Level 1:colcon.colcon_core.environment:create_environment_scripts_only(aerogripper_simulator)
[1.359s] Level 1:colcon.colcon_core.environment:checking '/home/fyp/FYP/aerogripper_ws/install/aerogripper_simulator' for CMake module files
[1.360s] Level 1:colcon.colcon_core.environment:checking '/home/fyp/FYP/aerogripper_ws/install/aerogripper_simulator' for CMake config files
[1.360s] Level 1:colcon.colcon_core.shell:create_environment_hook('aerogripper_simulator', 'cmake_prefix_path')
[1.360s] INFO:colcon.colcon_core.shell:Creating environment hook '/home/fyp/FYP/aerogripper_ws/install/aerogripper_simulator/share/aerogripper_simulator/hook/cmake_prefix_path.ps1'
[1.360s] INFO:colcon.colcon_core.shell:Creating environment descriptor '/home/fyp/FYP/aerogripper_ws/install/aerogripper_simulator/share/aerogripper_simulator/hook/cmake_prefix_path.dsv'
[1.361s] INFO:colcon.colcon_core.shell:Creating environment hook '/home/fyp/FYP/aerogripper_ws/install/aerogripper_simulator/share/aerogripper_simulator/hook/cmake_prefix_path.sh'
[1.361s] Level 1:colcon.colcon_core.environment:checking '/home/fyp/FYP/aerogripper_ws/install/aerogripper_simulator/lib'
[1.361s] Level 1:colcon.colcon_core.environment:checking '/home/fyp/FYP/aerogripper_ws/install/aerogripper_simulator/bin'
[1.361s] Level 1:colcon.colcon_core.environment:checking '/home/fyp/FYP/aerogripper_ws/install/aerogripper_simulator/lib/pkgconfig/aerogripper_simulator.pc'
[1.361s] Level 1:colcon.colcon_core.environment:checking '/home/fyp/FYP/aerogripper_ws/install/aerogripper_simulator/lib/python3.10/site-packages'
[1.361s] Level 1:colcon.colcon_core.environment:checking '/home/fyp/FYP/aerogripper_ws/install/aerogripper_simulator/bin'
[1.362s] INFO:colcon.colcon_core.shell:Creating package script '/home/fyp/FYP/aerogripper_ws/install/aerogripper_simulator/share/aerogripper_simulator/package.ps1'
[1.362s] INFO:colcon.colcon_core.shell:Creating package descriptor '/home/fyp/FYP/aerogripper_ws/install/aerogripper_simulator/share/aerogripper_simulator/package.dsv'
[1.362s] INFO:colcon.colcon_core.shell:Creating package script '/home/fyp/FYP/aerogripper_ws/install/aerogripper_simulator/share/aerogripper_simulator/package.sh'
[1.363s] INFO:colcon.colcon_core.shell:Creating package script '/home/fyp/FYP/aerogripper_ws/install/aerogripper_simulator/share/aerogripper_simulator/package.bash'
[1.363s] INFO:colcon.colcon_core.shell:Creating package script '/home/fyp/FYP/aerogripper_ws/install/aerogripper_simulator/share/aerogripper_simulator/package.zsh'
[1.363s] Level 1:colcon.colcon_core.environment:create_file_with_runtime_dependencies(/home/fyp/FYP/aerogripper_ws/install/aerogripper_simulator/share/colcon-core/packages/aerogripper_simulator)
[1.365s] Level 1:colcon.colcon_core.environment:create_environment_scripts_only(aerogripper_msgs)
[1.365s] Level 1:colcon.colcon_core.environment:checking '/home/fyp/FYP/aerogripper_ws/install/aerogripper_msgs' for CMake module files
[1.366s] DEBUG:colcon.colcon_core.event_handler.log_command:Invoked command in '/home/fyp/FYP/aerogripper_ws/build/aerogripper_msgs' returned '0': CMAKE_PREFIX_PATH=${CMAKE_PREFIX_PATH}:/opt/ros/humble /usr/bin/cmake --install /home/fyp/FYP/aerogripper_ws/build/aerogripper_msgs
[1.366s] Level 1:colcon.colcon_core.environment:checking '/home/fyp/FYP/aerogripper_ws/install/aerogripper_msgs' for CMake config files
[1.366s] Level 1:colcon.colcon_core.shell:create_environment_hook('aerogripper_msgs', 'cmake_prefix_path')
[1.367s] INFO:colcon.colcon_core.shell:Creating environment hook '/home/fyp/FYP/aerogripper_ws/install/aerogripper_msgs/share/aerogripper_msgs/hook/cmake_prefix_path.ps1'
[1.367s] INFO:colcon.colcon_core.shell:Creating environment descriptor '/home/fyp/FYP/aerogripper_ws/install/aerogripper_msgs/share/aerogripper_msgs/hook/cmake_prefix_path.dsv'
[1.367s] INFO:colcon.colcon_core.shell:Creating environment hook '/home/fyp/FYP/aerogripper_ws/install/aerogripper_msgs/share/aerogripper_msgs/hook/cmake_prefix_path.sh'
[1.368s] Level 1:colcon.colcon_core.environment:checking '/home/fyp/FYP/aerogripper_ws/install/aerogripper_msgs/lib'
[1.368s] Level 1:colcon.colcon_core.shell:create_environment_hook('aerogripper_msgs', 'ld_library_path_lib')
[1.368s] INFO:colcon.colcon_core.shell:Creating environment hook '/home/fyp/FYP/aerogripper_ws/install/aerogripper_msgs/share/aerogripper_msgs/hook/ld_library_path_lib.ps1'
[1.368s] INFO:colcon.colcon_core.shell:Creating environment descriptor '/home/fyp/FYP/aerogripper_ws/install/aerogripper_msgs/share/aerogripper_msgs/hook/ld_library_path_lib.dsv'
[1.368s] INFO:colcon.colcon_core.shell:Creating environment hook '/home/fyp/FYP/aerogripper_ws/install/aerogripper_msgs/share/aerogripper_msgs/hook/ld_library_path_lib.sh'
[1.369s] Level 1:colcon.colcon_core.environment:checking '/home/fyp/FYP/aerogripper_ws/install/aerogripper_msgs/bin'
[1.369s] Level 1:colcon.colcon_core.environment:checking '/home/fyp/FYP/aerogripper_ws/install/aerogripper_msgs/lib/pkgconfig/aerogripper_msgs.pc'
[1.369s] Level 1:colcon.colcon_core.environment:checking '/home/fyp/FYP/aerogripper_ws/install/aerogripper_msgs/lib/python3.10/site-packages'
[1.369s] Level 1:colcon.colcon_core.environment:checking '/home/fyp/FYP/aerogripper_ws/install/aerogripper_msgs/bin'
[1.369s] INFO:colcon.colcon_core.shell:Creating package script '/home/fyp/FYP/aerogripper_ws/install/aerogripper_msgs/share/aerogripper_msgs/package.ps1'
[1.370s] INFO:colcon.colcon_core.shell:Creating package descriptor '/home/fyp/FYP/aerogripper_ws/install/aerogripper_msgs/share/aerogripper_msgs/package.dsv'
[1.370s] INFO:colcon.colcon_core.shell:Creating package script '/home/fyp/FYP/aerogripper_ws/install/aerogripper_msgs/share/aerogripper_msgs/package.sh'
[1.370s] INFO:colcon.colcon_core.shell:Creating package script '/home/fyp/FYP/aerogripper_ws/install/aerogripper_msgs/share/aerogripper_msgs/package.bash'
[1.370s] INFO:colcon.colcon_core.shell:Creating package script '/home/fyp/FYP/aerogripper_ws/install/aerogripper_msgs/share/aerogripper_msgs/package.zsh'
[1.371s] Level 1:colcon.colcon_core.environment:create_file_with_runtime_dependencies(/home/fyp/FYP/aerogripper_ws/install/aerogripper_msgs/share/colcon-core/packages/aerogripper_msgs)
[1.371s] Level 1:colcon.colcon_core.environment:create_environment_scripts_only(aerogripper_msgs)
[1.371s] Level 1:colcon.colcon_core.environment:checking '/home/fyp/FYP/aerogripper_ws/install/aerogripper_msgs' for CMake module files
[1.372s] Level 1:colcon.colcon_core.environment:checking '/home/fyp/FYP/aerogripper_ws/install/aerogripper_msgs' for CMake config files
[1.372s] Level 1:colcon.colcon_core.shell:create_environment_hook('aerogripper_msgs', 'cmake_prefix_path')
[1.372s] INFO:colcon.colcon_core.shell:Creating environment hook '/home/fyp/FYP/aerogripper_ws/install/aerogripper_msgs/share/aerogripper_msgs/hook/cmake_prefix_path.ps1'
[1.372s] INFO:colcon.colcon_core.shell:Creating environment descriptor '/home/fyp/FYP/aerogripper_ws/install/aerogripper_msgs/share/aerogripper_msgs/hook/cmake_prefix_path.dsv'
[1.373s] INFO:colcon.colcon_core.shell:Creating environment hook '/home/fyp/FYP/aerogripper_ws/install/aerogripper_msgs/share/aerogripper_msgs/hook/cmake_prefix_path.sh'
[1.373s] Level 1:colcon.colcon_core.environment:checking '/home/fyp/FYP/aerogripper_ws/install/aerogripper_msgs/lib'
[1.373s] Level 1:colcon.colcon_core.shell:create_environment_hook('aerogripper_msgs', 'ld_library_path_lib')
[1.373s] INFO:colcon.colcon_core.shell:Creating environment hook '/home/fyp/FYP/aerogripper_ws/install/aerogripper_msgs/share/aerogripper_msgs/hook/ld_library_path_lib.ps1'
[1.373s] INFO:colcon.colcon_core.shell:Creating environment descriptor '/home/fyp/FYP/aerogripper_ws/install/aerogripper_msgs/share/aerogripper_msgs/hook/ld_library_path_lib.dsv'
[1.374s] INFO:colcon.colcon_core.shell:Creating environment hook '/home/fyp/FYP/aerogripper_ws/install/aerogripper_msgs/share/aerogripper_msgs/hook/ld_library_path_lib.sh'
[1.374s] Level 1:colcon.colcon_core.environment:checking '/home/fyp/FYP/aerogripper_ws/install/aerogripper_msgs/bin'
[1.374s] Level 1:colcon.colcon_core.environment:checking '/home/fyp/FYP/aerogripper_ws/install/aerogripper_msgs/lib/pkgconfig/aerogripper_msgs.pc'
[1.374s] Level 1:colcon.colcon_core.environment:checking '/home/fyp/FYP/aerogripper_ws/install/aerogripper_msgs/lib/python3.10/site-packages'
[1.374s] Level 1:colcon.colcon_core.environment:checking '/home/fyp/FYP/aerogripper_ws/install/aerogripper_msgs/bin'
[1.375s] INFO:colcon.colcon_core.shell:Creating package script '/home/fyp/FYP/aerogripper_ws/install/aerogripper_msgs/share/aerogripper_msgs/package.ps1'
[1.375s] INFO:colcon.colcon_core.shell:Creating package descriptor '/home/fyp/FYP/aerogripper_ws/install/aerogripper_msgs/share/aerogripper_msgs/package.dsv'
[1.375s] INFO:colcon.colcon_core.shell:Creating package script '/home/fyp/FYP/aerogripper_ws/install/aerogripper_msgs/share/aerogripper_msgs/package.sh'
[1.375s] INFO:colcon.colcon_core.shell:Creating package script '/home/fyp/FYP/aerogripper_ws/install/aerogripper_msgs/share/aerogripper_msgs/package.bash'
[1.376s] INFO:colcon.colcon_core.shell:Creating package script '/home/fyp/FYP/aerogripper_ws/install/aerogripper_msgs/share/aerogripper_msgs/package.zsh'
[1.376s] Level 1:colcon.colcon_core.environment:create_file_with_runtime_dependencies(/home/fyp/FYP/aerogripper_ws/install/aerogripper_msgs/share/colcon-core/packages/aerogripper_msgs)
[1.376s] INFO:colcon.colcon_ros.task.ament_cmake.build:Building ROS package in '/home/fyp/FYP/aerogripper_ws/src/aerogripper_control' with build type 'ament_cmake'
[1.376s] INFO:colcon.colcon_cmake.task.cmake.build:Building CMake package in '/home/fyp/FYP/aerogripper_ws/src/aerogripper_control'
[1.377s] INFO:colcon.colcon_core.shell:Skip shell extension 'powershell' for command environment: Not usable outside of PowerShell
[1.377s] DEBUG:colcon.colcon_core.shell:Skip shell extension 'dsv' for command environment
[2.044s] DEBUG:colcon.colcon_core.event_handler.log_command:Invoking command in '/home/fyp/FYP/aerogripper_ws/build/aerogripper_control': CMAKE_PREFIX_PATH=/home/fyp/FYP/aerogripper_ws/install/aerogripper_msgs:/home/fyp/FYP/aerogripper_ws/install/aerogripper_simulator:/home/fyp/FYP/aerogripper_ws/install/aerogripper_control:/home/fyp/FYP/px4_ws/install/px4_ros_com:/home/fyp/FYP/px4_ws/install/px4_msgs:/opt/ros/humble /usr/bin/cmake --build /home/fyp/FYP/aerogripper_ws/build/aerogripper_control -- -j32 -l32
[3.152s] DEBUG:colcon.colcon_core.event_handler.log_command:Invoked command in '/home/fyp/FYP/aerogripper_ws/build/aerogripper_control' returned '2': CMAKE_PREFIX_PATH=/home/fyp/FYP/aerogripper_ws/install/aerogripper_msgs:/home/fyp/FYP/aerogripper_ws/install/aerogripper_simulator:/home/fyp/FYP/aerogripper_ws/install/aerogripper_control:/home/fyp/FYP/px4_ws/install/px4_ros_com:/home/fyp/FYP/px4_ws/install/px4_msgs:/opt/ros/humble /usr/bin/cmake --build /home/fyp/FYP/aerogripper_ws/build/aerogripper_control -- -j32 -l32
[3.152s] Level 1:colcon.colcon_core.environment:create_environment_scripts_only(aerogripper_control)
[3.152s] Level 1:colcon.colcon_core.environment:checking '/home/fyp/FYP/aerogripper_ws/install/aerogripper_control' for CMake module files
[3.153s] Level 1:colcon.colcon_core.environment:checking '/home/fyp/FYP/aerogripper_ws/install/aerogripper_control' for CMake config files
[3.153s] Level 1:colcon.colcon_core.shell:create_environment_hook('aerogripper_control', 'cmake_prefix_path')
[3.153s] INFO:colcon.colcon_core.shell:Creating environment hook '/home/fyp/FYP/aerogripper_ws/install/aerogripper_control/share/aerogripper_control/hook/cmake_prefix_path.ps1'
[3.153s] INFO:colcon.colcon_core.shell:Creating environment descriptor '/home/fyp/FYP/aerogripper_ws/install/aerogripper_control/share/aerogripper_control/hook/cmake_prefix_path.dsv'
[3.154s] INFO:colcon.colcon_core.shell:Creating environment hook '/home/fyp/FYP/aerogripper_ws/install/aerogripper_control/share/aerogripper_control/hook/cmake_prefix_path.sh'
[3.154s] Level 1:colcon.colcon_core.environment:checking '/home/fyp/FYP/aerogripper_ws/install/aerogripper_control/lib'
[3.154s] Level 1:colcon.colcon_core.environment:checking '/home/fyp/FYP/aerogripper_ws/install/aerogripper_control/bin'
[3.154s] Level 1:colcon.colcon_core.environment:checking '/home/fyp/FYP/aerogripper_ws/install/aerogripper_control/lib/pkgconfig/aerogripper_control.pc'
[3.154s] Level 1:colcon.colcon_core.environment:checking '/home/fyp/FYP/aerogripper_ws/install/aerogripper_control/lib/python3.10/site-packages'
[3.155s] Level 1:colcon.colcon_core.environment:checking '/home/fyp/FYP/aerogripper_ws/install/aerogripper_control/bin'
[3.155s] INFO:colcon.colcon_core.shell:Creating package script '/home/fyp/FYP/aerogripper_ws/install/aerogripper_control/share/aerogripper_control/package.ps1'
[3.155s] INFO:colcon.colcon_core.shell:Creating package descriptor '/home/fyp/FYP/aerogripper_ws/install/aerogripper_control/share/aerogripper_control/package.dsv'
[3.155s] INFO:colcon.colcon_core.shell:Creating package script '/home/fyp/FYP/aerogripper_ws/install/aerogripper_control/share/aerogripper_control/package.sh'
[3.156s] INFO:colcon.colcon_core.shell:Creating package script '/home/fyp/FYP/aerogripper_ws/install/aerogripper_control/share/aerogripper_control/package.bash'
[3.156s] INFO:colcon.colcon_core.shell:Creating package script '/home/fyp/FYP/aerogripper_ws/install/aerogripper_control/share/aerogripper_control/package.zsh'
[3.156s] Level 1:colcon.colcon_core.environment:create_file_with_runtime_dependencies(/home/fyp/FYP/aerogripper_ws/install/aerogripper_control/share/colcon-core/packages/aerogripper_control)
[3.167s] DEBUG:colcon.colcon_parallel_executor.executor.parallel:closing loop
[3.167s] DEBUG:colcon.colcon_parallel_executor.executor.parallel:loop closed
[3.167s] DEBUG:colcon.colcon_parallel_executor.executor.parallel:run_until_complete finished with '2'
[3.167s] DEBUG:colcon.colcon_core.event_reactor:joining thread
[3.457s] INFO:colcon.colcon_core.plugin_system:Skipping extension 'colcon_notification.desktop_notification.notify_send': Could not find 'notify-send'
[3.457s] INFO:colcon.colcon_core.plugin_system:Skipping extension 'colcon_notification.desktop_notification.terminal_notifier': Not used on non-Darwin systems
[3.458s] INFO:colcon.colcon_core.plugin_system:Skipping extension 'colcon_notification.desktop_notification.win32': Not used on non-Windows systems
[3.458s] INFO:colcon.colcon_notification.desktop_notification:Sending desktop notification using 'notify2'
[3.458s] DEBUG:colcon.colcon_notification.desktop_notification.notify2:Failed to initialize notify2: org.freedesktop.DBus.Error.FileNotFound: Failed to connect to socket /run/user/1000/bus: No such file or directory
[3.458s] DEBUG:colcon.colcon_core.event_reactor:joined thread
[3.459s] INFO:colcon.colcon_core.shell:Creating prefix script '/home/fyp/FYP/aerogripper_ws/install/local_setup.ps1'
[3.460s] INFO:colcon.colcon_core.shell:Creating prefix util module '/home/fyp/FYP/aerogripper_ws/install/_local_setup_util_ps1.py'
[3.462s] INFO:colcon.colcon_core.shell:Creating prefix chain script '/home/fyp/FYP/aerogripper_ws/install/setup.ps1'
[3.463s] INFO:colcon.colcon_core.shell:Creating prefix script '/home/fyp/FYP/aerogripper_ws/install/local_setup.sh'
[3.464s] INFO:colcon.colcon_core.shell:Creating prefix util module '/home/fyp/FYP/aerogripper_ws/install/_local_setup_util_sh.py'
[3.464s] INFO:colcon.colcon_core.shell:Creating prefix chain script '/home/fyp/FYP/aerogripper_ws/install/setup.sh'
[3.466s] INFO:colcon.colcon_core.shell:Creating prefix script '/home/fyp/FYP/aerogripper_ws/install/local_setup.bash'
[3.466s] INFO:colcon.colcon_core.shell:Creating prefix chain script '/home/fyp/FYP/aerogripper_ws/install/setup.bash'
[3.467s] INFO:colcon.colcon_core.shell:Creating prefix script '/home/fyp/FYP/aerogripper_ws/install/local_setup.zsh'
[3.468s] INFO:colcon.colcon_core.shell:Creating prefix chain script '/home/fyp/FYP/aerogripper_ws/install/setup.zsh'
