[0.553s] Invoking command in '/home/fyp/FYP/aerogripper_ws/build/aerogripper_control': CMAKE_PREFIX_PATH=/home/fyp/FYP/aerogripper_ws/install/aerogripper_msgs:/home/fyp/FYP/aerogripper_ws/install/aerogripper_simulator:/home/fyp/FYP/aerogripper_ws/install/aerogripper_control:/home/fyp/FYP/px4_ws/install/px4_ros_com:/home/fyp/FYP/px4_ws/install/px4_msgs:/opt/ros/humble /usr/bin/cmake --build /home/fyp/FYP/aerogripper_ws/build/aerogripper_control -- -j32 -l32
[0.599s] [35m[1mConsolidate compiler generated dependencies of target aerogripper_control_lib[0m
[0.610s] [ 20%] Built target motor_test_node
[0.614s] [ 30%] [32mBuilding CXX object CMakeFiles/aerogripper_control_lib.dir/src/mixer.cpp.o[0m
[12.997s] [ 40%] [32m[1mLinking CXX static library libaerogripper_control_lib.a[0m
[13.142s] [ 50%] Built target aerogripper_control_lib
[13.166s] [ 70%] [32m[1mLinking CXX executable aerogripper_control_node[0m
[13.166s] [ 70%] [32m[1mLinking CXX executable test_integration[0m
[13.850s] [ 80%] Built target test_integration
[14.406s] [100%] Built target aerogripper_control_node
[14.416s] Invoked command in '/home/fyp/FYP/aerogripper_ws/build/aerogripper_control' returned '0': CMAKE_PREFIX_PATH=/home/fyp/FYP/aerogripper_ws/install/aerogripper_msgs:/home/fyp/FYP/aerogripper_ws/install/aerogripper_simulator:/home/fyp/FYP/aerogripper_ws/install/aerogripper_control:/home/fyp/FYP/px4_ws/install/px4_ros_com:/home/fyp/FYP/px4_ws/install/px4_msgs:/opt/ros/humble /usr/bin/cmake --build /home/fyp/FYP/aerogripper_ws/build/aerogripper_control -- -j32 -l32
[14.418s] Invoking command in '/home/fyp/FYP/aerogripper_ws/build/aerogripper_control': CMAKE_PREFIX_PATH=/home/fyp/FYP/aerogripper_ws/install/aerogripper_msgs:/home/fyp/FYP/aerogripper_ws/install/aerogripper_simulator:/home/fyp/FYP/aerogripper_ws/install/aerogripper_control:/home/fyp/FYP/px4_ws/install/px4_ros_com:/home/fyp/FYP/px4_ws/install/px4_msgs:/opt/ros/humble /usr/bin/cmake --install /home/fyp/FYP/aerogripper_ws/build/aerogripper_control
[14.423s] -- Install configuration: ""
[14.423s] -- Installing: /home/fyp/FYP/aerogripper_ws/install/aerogripper_control/lib/aerogripper_control/aerogripper_control_node
[14.433s] -- Set runtime path of "/home/fyp/FYP/aerogripper_ws/install/aerogripper_control/lib/aerogripper_control/aerogripper_control_node" to ""
[14.433s] -- Installing: /home/fyp/FYP/aerogripper_ws/install/aerogripper_control/lib/aerogripper_control/test_integration
[14.437s] -- Set runtime path of "/home/fyp/FYP/aerogripper_ws/install/aerogripper_control/lib/aerogripper_control/test_integration" to ""
[14.437s] -- Installing: /home/fyp/FYP/aerogripper_ws/install/aerogripper_control/lib/aerogripper_control/libaerogripper_control_lib.a
[14.447s] -- Up-to-date: /home/fyp/FYP/aerogripper_ws/install/aerogripper_control/lib/aerogripper_control/motor_test_node
[14.447s] -- Up-to-date: /home/fyp/FYP/aerogripper_ws/install/aerogripper_control/share/aerogripper_control/launch
[14.447s] -- Up-to-date: /home/fyp/FYP/aerogripper_ws/install/aerogripper_control/share/aerogripper_control/launch/test.launch.py
[14.447s] -- Up-to-date: /home/fyp/FYP/aerogripper_ws/install/aerogripper_control/share/aerogripper_control/config
[14.447s] -- Up-to-date: /home/fyp/FYP/aerogripper_ws/install/aerogripper_control/share/aerogripper_control/config/config.yaml
[14.448s] -- Up-to-date: /home/fyp/FYP/aerogripper_ws/install/aerogripper_control/share/aerogripper_control/config/README_yaw_weight.md
[14.448s] -- Up-to-date: /home/fyp/FYP/aerogripper_ws/install/aerogripper_control/share/aerogripper_control/config/controller_params.yaml
[14.448s] -- Up-to-date: /home/fyp/FYP/aerogripper_ws/install/aerogripper_control/share/aerogripper_control/config/README_params.md
[14.448s] -- Up-to-date: /home/fyp/FYP/aerogripper_ws/install/aerogripper_control/share/ament_index/resource_index/package_run_dependencies/aerogripper_control
[14.448s] -- Up-to-date: /home/fyp/FYP/aerogripper_ws/install/aerogripper_control/share/ament_index/resource_index/parent_prefix_path/aerogripper_control
[14.448s] -- Up-to-date: /home/fyp/FYP/aerogripper_ws/install/aerogripper_control/share/aerogripper_control/environment/ament_prefix_path.sh
[14.448s] -- Up-to-date: /home/fyp/FYP/aerogripper_ws/install/aerogripper_control/share/aerogripper_control/environment/ament_prefix_path.dsv
[14.448s] -- Up-to-date: /home/fyp/FYP/aerogripper_ws/install/aerogripper_control/share/aerogripper_control/environment/path.sh
[14.448s] -- Up-to-date: /home/fyp/FYP/aerogripper_ws/install/aerogripper_control/share/aerogripper_control/environment/path.dsv
[14.448s] -- Up-to-date: /home/fyp/FYP/aerogripper_ws/install/aerogripper_control/share/aerogripper_control/local_setup.bash
[14.448s] -- Up-to-date: /home/fyp/FYP/aerogripper_ws/install/aerogripper_control/share/aerogripper_control/local_setup.sh
[14.448s] -- Up-to-date: /home/fyp/FYP/aerogripper_ws/install/aerogripper_control/share/aerogripper_control/local_setup.zsh
[14.448s] -- Up-to-date: /home/fyp/FYP/aerogripper_ws/install/aerogripper_control/share/aerogripper_control/local_setup.dsv
[14.448s] -- Installing: /home/fyp/FYP/aerogripper_ws/install/aerogripper_control/share/aerogripper_control/package.dsv
[14.449s] -- Up-to-date: /home/fyp/FYP/aerogripper_ws/install/aerogripper_control/share/ament_index/resource_index/packages/aerogripper_control
[14.449s] -- Up-to-date: /home/fyp/FYP/aerogripper_ws/install/aerogripper_control/share/aerogripper_control/cmake/aerogripper_controlConfig.cmake
[14.449s] -- Up-to-date: /home/fyp/FYP/aerogripper_ws/install/aerogripper_control/share/aerogripper_control/cmake/aerogripper_controlConfig-version.cmake
[14.450s] -- Up-to-date: /home/fyp/FYP/aerogripper_ws/install/aerogripper_control/share/aerogripper_control/package.xml
[14.450s] Invoked command in '/home/fyp/FYP/aerogripper_ws/build/aerogripper_control' returned '0': CMAKE_PREFIX_PATH=/home/fyp/FYP/aerogripper_ws/install/aerogripper_msgs:/home/fyp/FYP/aerogripper_ws/install/aerogripper_simulator:/home/fyp/FYP/aerogripper_ws/install/aerogripper_control:/home/fyp/FYP/px4_ws/install/px4_ros_com:/home/fyp/FYP/px4_ws/install/px4_msgs:/opt/ros/humble /usr/bin/cmake --install /home/fyp/FYP/aerogripper_ws/build/aerogripper_control
