[0.562s] Invoking command in '/home/fyp/FYP/px4_ws/build/px4_ros_com': AMENT_PREFIX_PATH=/home/fyp/FYP/px4_ws/install/px4_msgs:${AMENT_PREFIX_PATH} CMAKE_PREFIX_PATH=/home/fyp/FYP/px4_ws/install/px4_msgs:/opt/ros/humble LD_LIBRARY_PATH=/home/fyp/FYP/px4_ws/install/px4_msgs/lib:${LD_LIBRARY_PATH} PYTHONPATH=/home/fyp/FYP/px4_ws/install/px4_msgs/local/lib/python3.10/dist-packages:${PYTHONPATH} /usr/bin/cmake /home/fyp/FYP/px4_ws/src/px4_ros_com -DCMAKE_INSTALL_PREFIX=/home/fyp/FYP/px4_ws/install/px4_ros_com
[1.131s] -- The C compiler identification is GNU 11.4.0
[4.766s] -- The CXX compiler identification is GNU 11.4.0
[7.631s] -- Detecting C compiler ABI info
[8.337s] -- Detecting C compiler ABI info - done
[8.343s] -- Check for working C compiler: /usr/bin/cc - skipped
[8.343s] -- Detecting C compile features
[8.343s] -- Detecting C compile features - done
[8.345s] -- Detecting CXX compiler ABI info
[8.908s] -- Detecting CXX compiler ABI info - done
[8.914s] -- Check for working CXX compiler: /usr/bin/c++ - skipped
[8.914s] -- Detecting CXX compile features
[8.915s] -- Detecting CXX compile features - done
[8.916s] -- Found ament_cmake: 1.3.13 (/opt/ros/humble/share/ament_cmake/cmake)
[9.043s] -- Found Python3: /usr/bin/python3 (found version "3.10.12") found components: Interpreter 
[9.113s] -- Found builtin_interfaces: 1.2.2 (/opt/ros/humble/share/builtin_interfaces/cmake)
[9.838s] -- Found rosidl_generator_c: 3.1.8 (/opt/ros/humble/share/rosidl_generator_c/cmake)
[9.841s] -- Found rosidl_adapter: 3.1.8 (/opt/ros/humble/share/rosidl_adapter/cmake)
[9.848s] -- Found rosidl_generator_cpp: 3.1.8 (/opt/ros/humble/share/rosidl_generator_cpp/cmake)
[9.857s] -- Using all available rosidl_typesupport_c: rosidl_typesupport_fastrtps_c;rosidl_typesupport_introspection_c
[9.868s] -- Using all available rosidl_typesupport_cpp: rosidl_typesupport_fastrtps_cpp;rosidl_typesupport_introspection_cpp
[9.879s] -- Found eigen3_cmake_module: 0.1.1 (/opt/ros/humble/share/eigen3_cmake_module/cmake)
[9.883s] -- Found Eigen3: TRUE (found version "3.4.0") 
[9.884s] -- Found geometry_msgs: 4.9.1 (/opt/ros/humble/share/geometry_msgs/cmake)
[9.905s] -- Found px4_msgs: 2.0.1 (/home/fyp/FYP/px4_ws/install/px4_msgs/share/px4_msgs/cmake)
[9.915s] -- Found rclcpp: 16.0.18 (/opt/ros/humble/share/rclcpp/cmake)
[9.942s] -- Found rmw_implementation_cmake: 6.1.2 (/opt/ros/humble/share/rmw_implementation_cmake/cmake)
[9.944s] -- Found rmw_fastrtps_cpp: 6.2.10 (/opt/ros/humble/share/rmw_fastrtps_cpp/cmake)
[18.322s] -- Found OpenSSL: /usr/lib/x86_64-linux-gnu/libcrypto.so (found version "3.0.2")  
[28.370s] -- Found FastRTPS: /opt/ros/humble/include  
[46.684s] -- Using RMW implementation 'rmw_fastrtps_cpp' as default
[46.702s] -- Looking for pthread.h
[47.191s] -- Looking for pthread.h - found
[47.191s] -- Performing Test CMAKE_HAVE_LIBC_PTHREAD
[47.729s] -- Performing Test CMAKE_HAVE_LIBC_PTHREAD - Success
[47.730s] -- Found Threads: TRUE  
[47.761s] -- Found sensor_msgs: 4.9.1 (/opt/ros/humble/share/sensor_msgs/cmake)
[47.776s] -- Found rclpy: 3.3.20 (/opt/ros/humble/share/rclpy/cmake)
[47.783s] -- Found ament_lint_auto: 0.12.15 (/opt/ros/humble/share/ament_lint_auto/cmake)
[47.864s] -- Added test 'copyright' to check source files copyright and LICENSE
[47.867s] -- Added test 'cppcheck' to perform static code analysis on C / C++ code
[47.867s] -- Configured cppcheck include dirs: /home/fyp/FYP/px4_ws/src/px4_ros_com/include;$<BUILD_INTERFACE:/home/fyp/FYP/px4_ws/src/px4_ros_com/include/px4_ros_com>
[47.867s] -- Configured cppcheck exclude dirs and/or files: 
[47.870s] -- Added test 'cpplint' to check C / C++ code against the Google style
[47.870s] -- Configured cpplint exclude dirs and/or files: 
[47.871s] -- Added test 'flake8' to check Python code syntax and style conventions
[47.872s] -- Added test 'lint_cmake' to check CMake code style
[47.873s] -- Added test 'pep257' to check Python code against some of the docstring style conventions in PEP 257
[47.875s] -- Added test 'uncrustify' to check C / C++ code style
[47.875s] -- Configured uncrustify additional arguments: 
[47.876s] -- Added test 'xmllint' to check XML markup files
[47.878s] -- Configuring done
[47.900s] -- Generating done
[47.908s] -- Build files have been written to: /home/fyp/FYP/px4_ws/build/px4_ros_com
[47.918s] Invoked command in '/home/fyp/FYP/px4_ws/build/px4_ros_com' returned '0': AMENT_PREFIX_PATH=/home/fyp/FYP/px4_ws/install/px4_msgs:${AMENT_PREFIX_PATH} CMAKE_PREFIX_PATH=/home/fyp/FYP/px4_ws/install/px4_msgs:/opt/ros/humble LD_LIBRARY_PATH=/home/fyp/FYP/px4_ws/install/px4_msgs/lib:${LD_LIBRARY_PATH} PYTHONPATH=/home/fyp/FYP/px4_ws/install/px4_msgs/local/lib/python3.10/dist-packages:${PYTHONPATH} /usr/bin/cmake /home/fyp/FYP/px4_ws/src/px4_ros_com -DCMAKE_INSTALL_PREFIX=/home/fyp/FYP/px4_ws/install/px4_ros_com
[47.920s] Invoking command in '/home/fyp/FYP/px4_ws/build/px4_ros_com': AMENT_PREFIX_PATH=/home/fyp/FYP/px4_ws/install/px4_msgs:${AMENT_PREFIX_PATH} CMAKE_PREFIX_PATH=/home/fyp/FYP/px4_ws/install/px4_msgs:/opt/ros/humble LD_LIBRARY_PATH=/home/fyp/FYP/px4_ws/install/px4_msgs/lib:${LD_LIBRARY_PATH} PYTHONPATH=/home/fyp/FYP/px4_ws/install/px4_msgs/local/lib/python3.10/dist-packages:${PYTHONPATH} /usr/bin/cmake --build /home/fyp/FYP/px4_ws/build/px4_ros_com -- -j32 -l32
[47.959s] [  8%] [32mBuilding CXX object CMakeFiles/frame_transforms.dir/src/lib/frame_transforms.cpp.o[0m
[47.959s] [ 16%] [32mBuilding CXX object CMakeFiles/sensor_combined_listener.dir/src/examples/listeners/sensor_combined_listener.cpp.o[0m
[47.961s] [ 25%] [32mBuilding CXX object CMakeFiles/offboard_control.dir/src/examples/offboard/offboard_control.cpp.o[0m
[47.961s] [ 33%] [32mBuilding CXX object CMakeFiles/debug_vect_advertiser.dir/src/examples/advertisers/debug_vect_advertiser.cpp.o[0m
[47.961s] [ 41%] [32mBuilding CXX object CMakeFiles/offboard_control_srv.dir/src/examples/offboard/offboard_control_srv.cpp.o[0m
[47.965s] [ 50%] [32mBuilding CXX object CMakeFiles/vehicle_gps_position_listener.dir/src/examples/listeners/vehicle_gps_position_listener.cpp.o[0m
[47.969s] [ 50%] Built target ament_cmake_python_copy_px4_ros_com
[48.151s] running egg_info
[48.152s] creating px4_ros_com.egg-info
[48.152s] writing px4_ros_com.egg-info/PKG-INFO
[48.152s] writing dependency_links to px4_ros_com.egg-info/dependency_links.txt
[48.152s] writing top-level names to px4_ros_com.egg-info/top_level.txt
[48.152s] writing manifest file 'px4_ros_com.egg-info/SOURCES.txt'
[48.154s] reading manifest file 'px4_ros_com.egg-info/SOURCES.txt'
[48.154s] writing manifest file 'px4_ros_com.egg-info/SOURCES.txt'
[48.174s] [ 50%] Built target ament_cmake_python_build_px4_ros_com_egg
[51.663s] [ 58%] [32m[1mLinking CXX executable debug_vect_advertiser[0m
[52.252s] [ 58%] Built target debug_vect_advertiser
[52.343s] [ 66%] [32m[1mLinking CXX executable offboard_control[0m
[52.921s] [ 66%] Built target offboard_control
[53.021s] [ 75%] [32m[1mLinking CXX executable offboard_control_srv[0m
[53.759s] [ 75%] Built target offboard_control_srv
[53.779s] [ 83%] [32m[1mLinking CXX shared library libframe_transforms.so[0m
[54.526s] [ 83%] Built target frame_transforms
[54.756s] [ 91%] [32m[1mLinking CXX executable vehicle_gps_position_listener[0m
[54.835s] [100%] [32m[1mLinking CXX executable sensor_combined_listener[0m
[55.574s] [100%] Built target vehicle_gps_position_listener
[55.637s] [100%] Built target sensor_combined_listener
[55.646s] Invoked command in '/home/fyp/FYP/px4_ws/build/px4_ros_com' returned '0': AMENT_PREFIX_PATH=/home/fyp/FYP/px4_ws/install/px4_msgs:${AMENT_PREFIX_PATH} CMAKE_PREFIX_PATH=/home/fyp/FYP/px4_ws/install/px4_msgs:/opt/ros/humble LD_LIBRARY_PATH=/home/fyp/FYP/px4_ws/install/px4_msgs/lib:${LD_LIBRARY_PATH} PYTHONPATH=/home/fyp/FYP/px4_ws/install/px4_msgs/local/lib/python3.10/dist-packages:${PYTHONPATH} /usr/bin/cmake --build /home/fyp/FYP/px4_ws/build/px4_ros_com -- -j32 -l32
[55.648s] Invoking command in '/home/fyp/FYP/px4_ws/build/px4_ros_com': AMENT_PREFIX_PATH=/home/fyp/FYP/px4_ws/install/px4_msgs:${AMENT_PREFIX_PATH} CMAKE_PREFIX_PATH=/home/fyp/FYP/px4_ws/install/px4_msgs:/opt/ros/humble LD_LIBRARY_PATH=/home/fyp/FYP/px4_ws/install/px4_msgs/lib:${LD_LIBRARY_PATH} PYTHONPATH=/home/fyp/FYP/px4_ws/install/px4_msgs/local/lib/python3.10/dist-packages:${PYTHONPATH} /usr/bin/cmake --install /home/fyp/FYP/px4_ws/build/px4_ros_com
[55.653s] -- Install configuration: ""
[55.654s] -- Installing: /home/fyp/FYP/px4_ws/install/px4_ros_com/lib/px4_ros_com/sensor_combined_listener
[55.656s] -- Set runtime path of "/home/fyp/FYP/px4_ws/install/px4_ros_com/lib/px4_ros_com/sensor_combined_listener" to ""
[55.656s] -- Installing: /home/fyp/FYP/px4_ws/install/px4_ros_com/lib/px4_ros_com/vehicle_gps_position_listener
[55.659s] -- Set runtime path of "/home/fyp/FYP/px4_ws/install/px4_ros_com/lib/px4_ros_com/vehicle_gps_position_listener" to ""
[55.659s] -- Installing: /home/fyp/FYP/px4_ws/install/px4_ros_com/lib/px4_ros_com/debug_vect_advertiser
[55.659s] -- Set runtime path of "/home/fyp/FYP/px4_ws/install/px4_ros_com/lib/px4_ros_com/debug_vect_advertiser" to ""
[55.660s] -- Installing: /home/fyp/FYP/px4_ws/install/px4_ros_com/lib/px4_ros_com/offboard_control
[55.661s] -- Set runtime path of "/home/fyp/FYP/px4_ws/install/px4_ros_com/lib/px4_ros_com/offboard_control" to ""
[55.661s] -- Installing: /home/fyp/FYP/px4_ws/install/px4_ros_com/lib/px4_ros_com/offboard_control_srv
[55.662s] -- Set runtime path of "/home/fyp/FYP/px4_ws/install/px4_ros_com/lib/px4_ros_com/offboard_control_srv" to ""
[55.663s] -- Installing: /home/fyp/FYP/px4_ws/install/px4_ros_com/share/px4_ros_com/environment/library_path.sh
[55.663s] -- Installing: /home/fyp/FYP/px4_ws/install/px4_ros_com/share/px4_ros_com/environment/library_path.dsv
[55.663s] -- Installing: /home/fyp/FYP/px4_ws/install/px4_ros_com/include/px4_ros_com
[55.663s] -- Installing: /home/fyp/FYP/px4_ws/install/px4_ros_com/include/px4_ros_com/frame_transforms.h
[55.663s] -- Installing: /home/fyp/FYP/px4_ws/install/px4_ros_com/lib/libframe_transforms.so
[55.666s] -- Set runtime path of "/home/fyp/FYP/px4_ws/install/px4_ros_com/lib/libframe_transforms.so" to ""
[55.666s] -- Installing: /home/fyp/FYP/px4_ws/install/px4_ros_com/share/px4_ros_com//launch
[55.666s] -- Installing: /home/fyp/FYP/px4_ws/install/px4_ros_com/share/px4_ros_com//launch/offboard_control_launch.yaml
[55.666s] -- Installing: /home/fyp/FYP/px4_ws/install/px4_ros_com/share/px4_ros_com//launch/sensor_combined_listener.launch.py
[55.666s] -- Installing: /home/fyp/FYP/px4_ws/install/px4_ros_com/share/px4_ros_com//test
[55.666s] -- Installing: /home/fyp/FYP/px4_ws/install/px4_ros_com/share/px4_ros_com//test/__init__.py
[55.666s] -- Installing: /home/fyp/FYP/px4_ws/install/px4_ros_com/share/px4_ros_com//test/test_input.py
[55.667s] -- Installing: /home/fyp/FYP/px4_ws/install/px4_ros_com/share/px4_ros_com//test/pipeline_io_test.py
[55.667s] -- Installing: /home/fyp/FYP/px4_ws/install/px4_ros_com/share/px4_ros_com//test/test_output.py
[55.667s] -- Installing: /home/fyp/FYP/px4_ws/install/px4_ros_com/share/px4_ros_com/environment/pythonpath.sh
[55.667s] -- Installing: /home/fyp/FYP/px4_ws/install/px4_ros_com/share/px4_ros_com/environment/pythonpath.dsv
[55.667s] -- Installing: /home/fyp/FYP/px4_ws/install/px4_ros_com/local/lib/python3.10/dist-packages/px4_ros_com-0.1.0-py3.10.egg-info
[55.667s] -- Installing: /home/fyp/FYP/px4_ws/install/px4_ros_com/local/lib/python3.10/dist-packages/px4_ros_com-0.1.0-py3.10.egg-info/PKG-INFO
[55.668s] -- Installing: /home/fyp/FYP/px4_ws/install/px4_ros_com/local/lib/python3.10/dist-packages/px4_ros_com-0.1.0-py3.10.egg-info/SOURCES.txt
[55.668s] -- Installing: /home/fyp/FYP/px4_ws/install/px4_ros_com/local/lib/python3.10/dist-packages/px4_ros_com-0.1.0-py3.10.egg-info/top_level.txt
[55.668s] -- Installing: /home/fyp/FYP/px4_ws/install/px4_ros_com/local/lib/python3.10/dist-packages/px4_ros_com-0.1.0-py3.10.egg-info/dependency_links.txt
[55.668s] -- Installing: /home/fyp/FYP/px4_ws/install/px4_ros_com/local/lib/python3.10/dist-packages/px4_ros_com
[55.668s] -- Installing: /home/fyp/FYP/px4_ws/install/px4_ros_com/local/lib/python3.10/dist-packages/px4_ros_com/__init__.py
[55.668s] -- Installing: /home/fyp/FYP/px4_ws/install/px4_ros_com/local/lib/python3.10/dist-packages/px4_ros_com/module_to_import.py
[55.696s] Listing '/home/fyp/FYP/px4_ws/install/px4_ros_com/local/lib/python3.10/dist-packages/px4_ros_com'...
[55.696s] Compiling '/home/fyp/FYP/px4_ws/install/px4_ros_com/local/lib/python3.10/dist-packages/px4_ros_com/__init__.py'...
[55.696s] Compiling '/home/fyp/FYP/px4_ws/install/px4_ros_com/local/lib/python3.10/dist-packages/px4_ros_com/module_to_import.py'...
[55.699s] -- Installing: /home/fyp/FYP/px4_ws/install/px4_ros_com/lib/px4_ros_com/offboard_control.py
[55.700s] -- Installing: /home/fyp/FYP/px4_ws/install/px4_ros_com/share/ament_index/resource_index/package_run_dependencies/px4_ros_com
[55.700s] -- Installing: /home/fyp/FYP/px4_ws/install/px4_ros_com/share/ament_index/resource_index/parent_prefix_path/px4_ros_com
[55.700s] -- Installing: /home/fyp/FYP/px4_ws/install/px4_ros_com/share/px4_ros_com/environment/ament_prefix_path.sh
[55.700s] -- Installing: /home/fyp/FYP/px4_ws/install/px4_ros_com/share/px4_ros_com/environment/ament_prefix_path.dsv
[55.700s] -- Installing: /home/fyp/FYP/px4_ws/install/px4_ros_com/share/px4_ros_com/environment/path.sh
[55.700s] -- Installing: /home/fyp/FYP/px4_ws/install/px4_ros_com/share/px4_ros_com/environment/path.dsv
[55.701s] -- Installing: /home/fyp/FYP/px4_ws/install/px4_ros_com/share/px4_ros_com/local_setup.bash
[55.701s] -- Installing: /home/fyp/FYP/px4_ws/install/px4_ros_com/share/px4_ros_com/local_setup.sh
[55.701s] -- Installing: /home/fyp/FYP/px4_ws/install/px4_ros_com/share/px4_ros_com/local_setup.zsh
[55.701s] -- Installing: /home/fyp/FYP/px4_ws/install/px4_ros_com/share/px4_ros_com/local_setup.dsv
[55.701s] -- Installing: /home/fyp/FYP/px4_ws/install/px4_ros_com/share/px4_ros_com/package.dsv
[55.701s] -- Installing: /home/fyp/FYP/px4_ws/install/px4_ros_com/share/ament_index/resource_index/packages/px4_ros_com
[55.702s] -- Installing: /home/fyp/FYP/px4_ws/install/px4_ros_com/share/px4_ros_com/cmake/export_frame_transformsExport.cmake
[55.702s] -- Installing: /home/fyp/FYP/px4_ws/install/px4_ros_com/share/px4_ros_com/cmake/export_frame_transformsExport-noconfig.cmake
[55.702s] -- Installing: /home/fyp/FYP/px4_ws/install/px4_ros_com/share/px4_ros_com/cmake/ament_cmake_export_dependencies-extras.cmake
[55.702s] -- Installing: /home/fyp/FYP/px4_ws/install/px4_ros_com/share/px4_ros_com/cmake/ament_cmake_export_targets-extras.cmake
[55.702s] -- Installing: /home/fyp/FYP/px4_ws/install/px4_ros_com/share/px4_ros_com/cmake/ament_cmake_export_include_directories-extras.cmake
[55.702s] -- Installing: /home/fyp/FYP/px4_ws/install/px4_ros_com/share/px4_ros_com/cmake/ament_cmake_export_libraries-extras.cmake
[55.702s] -- Installing: /home/fyp/FYP/px4_ws/install/px4_ros_com/share/px4_ros_com/cmake/px4_ros_comConfig.cmake
[55.702s] -- Installing: /home/fyp/FYP/px4_ws/install/px4_ros_com/share/px4_ros_com/cmake/px4_ros_comConfig-version.cmake
[55.702s] -- Installing: /home/fyp/FYP/px4_ws/install/px4_ros_com/share/px4_ros_com/package.xml
[55.704s] Invoked command in '/home/fyp/FYP/px4_ws/build/px4_ros_com' returned '0': AMENT_PREFIX_PATH=/home/fyp/FYP/px4_ws/install/px4_msgs:${AMENT_PREFIX_PATH} CMAKE_PREFIX_PATH=/home/fyp/FYP/px4_ws/install/px4_msgs:/opt/ros/humble LD_LIBRARY_PATH=/home/fyp/FYP/px4_ws/install/px4_msgs/lib:${LD_LIBRARY_PATH} PYTHONPATH=/home/fyp/FYP/px4_ws/install/px4_msgs/local/lib/python3.10/dist-packages:${PYTHONPATH} /usr/bin/cmake --install /home/fyp/FYP/px4_ws/build/px4_ros_com
