[0.740s] Invoking command in '/home/fyp/FYP/aerogripper_ws/build/aerogripper_control': CMAKE_PREFIX_PATH=/home/fyp/FYP/aerogripper_ws/install/aerogripper_msgs:/home/fyp/FYP/aerogripper_ws/install/aerogripper_simulator:/home/fyp/FYP/aerogripper_ws/install/aerogripper_control:/home/fyp/FYP/px4_ws/install/px4_ros_com:/home/fyp/FYP/px4_ws/install/px4_msgs:/opt/ros/humble /usr/bin/cmake --build /home/fyp/FYP/aerogripper_ws/build/aerogripper_control -- -j32 -l32
[0.807s] [ 10%] [32mBuilding CXX object CMakeFiles/aerogripper_control_lib.dir/src/mixer.cpp.o[0m
[0.807s] [ 30%] Built target motor_test_node
[2.064s] [01m[K/home/fyp/FYP/aerogripper_ws/src/aerogripper_control/src/mixer.cpp:[m[K In constructor ‘[01m[KMixer::Mixer()[m[K’:
[2.064s] [01m[K/home/fyp/FYP/aerogripper_ws/src/aerogripper_control/src/mixer.cpp:20:5:[m[K [01;31m[Kerror: [m[K‘[01m[Ktheta_[m[K’ was not declared in this scope; did you mean ‘[01m[Ktheta_deg[m[K’?
[2.064s]    20 |     [01;31m[Ktheta_[m[K = theta_deg * M_PI / 180.0; // Convert degrees to radians
[2.064s]       |     [01;31m[K^~~~~~[m[K
[2.064s]       |     [32m[Ktheta_deg[m[K
[2.154s] [01m[K/home/fyp/FYP/aerogripper_ws/src/aerogripper_control/src/mixer.cpp:[m[K At global scope:
[2.154s] [01m[K/home/fyp/FYP/aerogripper_ws/src/aerogripper_control/src/mixer.cpp:53:6:[m[K [01;31m[Kerror: [m[Kno declaration matches ‘[01m[Kvoid Mixer::set_params(double, double, double, double, double, double, double, double, double)[m[K’
[2.154s]    53 | void [01;31m[KMixer[m[K::set_params(double thrust_arm_length, double gravity_arm_length,
[2.154s]       |      [01;31m[K^~~~~[m[K
[2.154s] In file included from [01m[K/home/fyp/FYP/aerogripper_ws/src/aerogripper_control/src/mixer.cpp:1[m[K:
[2.154s] [01m[K/home/fyp/FYP/aerogripper_ws/src/aerogripper_control/include/mixer.h:15:10:[m[K [01;36m[Knote: [m[Kcandidate is: ‘[01m[Kvoid Mixer::set_params(double, double, double, double, double, double, double, double)[m[K’
[2.154s]    15 |     void [01;36m[Kset_params[m[K(double thrust_arm_length, double gravity_arm_length,
[2.154s]       |          [01;36m[K^~~~~~~~~~[m[K
[2.154s] [01m[K/home/fyp/FYP/aerogripper_ws/src/aerogripper_control/include/mixer.h:9:7:[m[K [01;36m[Knote: [m[K‘[01m[Kclass Mixer[m[K’ defined here
[2.154s]     9 | class [01;36m[KMixer[m[K
[2.154s]       |       [01;36m[K^~~~~[m[K
[5.717s] gmake[2]: *** [CMakeFiles/aerogripper_control_lib.dir/build.make:76: CMakeFiles/aerogripper_control_lib.dir/src/mixer.cpp.o] Error 1
[5.717s] gmake[1]: *** [CMakeFiles/Makefile2:143: CMakeFiles/aerogripper_control_lib.dir/all] Error 2
[5.718s] gmake: *** [Makefile:146: all] Error 2
[5.720s] Invoked command in '/home/fyp/FYP/aerogripper_ws/build/aerogripper_control' returned '2': CMAKE_PREFIX_PATH=/home/fyp/FYP/aerogripper_ws/install/aerogripper_msgs:/home/fyp/FYP/aerogripper_ws/install/aerogripper_simulator:/home/fyp/FYP/aerogripper_ws/install/aerogripper_control:/home/fyp/FYP/px4_ws/install/px4_ros_com:/home/fyp/FYP/px4_ws/install/px4_msgs:/opt/ros/humble /usr/bin/cmake --build /home/fyp/FYP/aerogripper_ws/build/aerogripper_control -- -j32 -l32
