[0.367s] DEBUG:colcon:Command line arguments: ['/usr/bin/colcon', 'build', '--packages-select', 'aerogripper_control', 'aerogripper_simulator']
[0.367s] DEBUG:colcon:Parsed command line arguments: Namespace(log_base=None, log_level=None, verb_name='build', build_base='build', install_base='install', merge_install=False, symlink_install=False, test_result_base=None, continue_on_error=False, executor='parallel', parallel_workers=32, event_handlers=None, ignore_user_meta=False, metas=['./colcon.meta'], base_paths=['.'], packages_ignore=None, packages_ignore_regex=None, paths=None, packages_up_to=None, packages_up_to_regex=None, packages_above=None, packages_above_and_dependencies=None, packages_above_depth=None, packages_select_by_dep=None, packages_skip_by_dep=None, packages_skip_up_to=None, packages_select_build_failed=False, packages_skip_build_finished=False, packages_select_test_failures=False, packages_skip_test_passed=False, packages_select=['aerogripper_control', 'aerogripper_simulator'], packages_skip=None, packages_select_regex=None, packages_skip_regex=None, packages_start=None, packages_end=None, allow_overriding=[], cmake_args=None, cmake_target=None, cmake_target_skip_unavailable=False, cmake_clean_cache=False, cmake_clean_first=False, cmake_force_configure=False, ament_cmake_args=None, catkin_cmake_args=None, catkin_skip_building_tests=False, verb_parser=<colcon_defaults.argument_parser.defaults.DefaultArgumentsDecorator object at 0x7e95310f3fd0>, verb_extension=<colcon_core.verb.build.BuildVerb object at 0x7e95310f36d0>, main=<bound method BuildVerb.main of <colcon_core.verb.build.BuildVerb object at 0x7e95310f36d0>>)
[0.489s] Level 1:colcon.colcon_core.package_discovery:discover_packages(colcon_meta) check parameters
[0.489s] Level 1:colcon.colcon_core.package_discovery:discover_packages(recursive) check parameters
[0.489s] Level 1:colcon.colcon_core.package_discovery:discover_packages(ignore) check parameters
[0.489s] Level 1:colcon.colcon_core.package_discovery:discover_packages(path) check parameters
[0.489s] Level 1:colcon.colcon_core.package_discovery:discover_packages(colcon_meta) discover
[0.489s] Level 1:colcon.colcon_core.package_discovery:discover_packages(recursive) discover
[0.489s] INFO:colcon.colcon_core.package_discovery:Crawling recursively for packages in '/home/fyp/FYP/aerogripper_ws'
[0.489s] Level 1:colcon.colcon_core.package_identification:_identify(.) by extensions ['ignore', 'ignore_ament_install']
[0.489s] Level 1:colcon.colcon_core.package_identification:_identify(.) by extension 'ignore'
[0.490s] Level 1:colcon.colcon_core.package_identification:_identify(.) by extension 'ignore_ament_install'
[0.490s] Level 1:colcon.colcon_core.package_identification:_identify(.) by extensions ['colcon_pkg']
[0.490s] Level 1:colcon.colcon_core.package_identification:_identify(.) by extension 'colcon_pkg'
[0.490s] Level 1:colcon.colcon_core.package_identification:_identify(.) by extensions ['colcon_meta']
[0.490s] Level 1:colcon.colcon_core.package_identification:_identify(.) by extension 'colcon_meta'
[0.490s] Level 1:colcon.colcon_core.package_identification:_identify(.) by extensions ['ros']
[0.490s] Level 1:colcon.colcon_core.package_identification:_identify(.) by extension 'ros'
[0.500s] Level 1:colcon.colcon_core.package_identification:_identify(.) by extensions ['cmake', 'python']
[0.500s] Level 1:colcon.colcon_core.package_identification:_identify(.) by extension 'cmake'
[0.501s] Level 1:colcon.colcon_core.package_identification:_identify(.) by extension 'python'
[0.501s] Level 1:colcon.colcon_core.package_identification:_identify(.) by extensions ['python_setup_py']
[0.501s] Level 1:colcon.colcon_core.package_identification:_identify(.) by extension 'python_setup_py'
[0.501s] Level 1:colcon.colcon_core.package_identification:_identify(build) by extensions ['ignore', 'ignore_ament_install']
[0.501s] Level 1:colcon.colcon_core.package_identification:_identify(build) by extension 'ignore'
[0.501s] Level 1:colcon.colcon_core.package_identification:_identify(build) ignored
[0.501s] Level 1:colcon.colcon_core.package_identification:_identify(install) by extensions ['ignore', 'ignore_ament_install']
[0.501s] Level 1:colcon.colcon_core.package_identification:_identify(install) by extension 'ignore'
[0.501s] Level 1:colcon.colcon_core.package_identification:_identify(install) ignored
[0.501s] Level 1:colcon.colcon_core.package_identification:_identify(log) by extensions ['ignore', 'ignore_ament_install']
[0.501s] Level 1:colcon.colcon_core.package_identification:_identify(log) by extension 'ignore'
[0.501s] Level 1:colcon.colcon_core.package_identification:_identify(log) ignored
[0.501s] Level 1:colcon.colcon_core.package_identification:_identify(src) by extensions ['ignore', 'ignore_ament_install']
[0.502s] Level 1:colcon.colcon_core.package_identification:_identify(src) by extension 'ignore'
[0.502s] Level 1:colcon.colcon_core.package_identification:_identify(src) by extension 'ignore_ament_install'
[0.502s] Level 1:colcon.colcon_core.package_identification:_identify(src) by extensions ['colcon_pkg']
[0.502s] Level 1:colcon.colcon_core.package_identification:_identify(src) by extension 'colcon_pkg'
[0.502s] Level 1:colcon.colcon_core.package_identification:_identify(src) by extensions ['colcon_meta']
[0.502s] Level 1:colcon.colcon_core.package_identification:_identify(src) by extension 'colcon_meta'
[0.502s] Level 1:colcon.colcon_core.package_identification:_identify(src) by extensions ['ros']
[0.502s] Level 1:colcon.colcon_core.package_identification:_identify(src) by extension 'ros'
[0.502s] Level 1:colcon.colcon_core.package_identification:_identify(src) by extensions ['cmake', 'python']
[0.502s] Level 1:colcon.colcon_core.package_identification:_identify(src) by extension 'cmake'
[0.502s] Level 1:colcon.colcon_core.package_identification:_identify(src) by extension 'python'
[0.502s] Level 1:colcon.colcon_core.package_identification:_identify(src) by extensions ['python_setup_py']
[0.502s] Level 1:colcon.colcon_core.package_identification:_identify(src) by extension 'python_setup_py'
[0.502s] Level 1:colcon.colcon_core.package_identification:_identify(src/aerogripper_control) by extensions ['ignore', 'ignore_ament_install']
[0.502s] Level 1:colcon.colcon_core.package_identification:_identify(src/aerogripper_control) by extension 'ignore'
[0.502s] Level 1:colcon.colcon_core.package_identification:_identify(src/aerogripper_control) by extension 'ignore_ament_install'
[0.502s] Level 1:colcon.colcon_core.package_identification:_identify(src/aerogripper_control) by extensions ['colcon_pkg']
[0.502s] Level 1:colcon.colcon_core.package_identification:_identify(src/aerogripper_control) by extension 'colcon_pkg'
[0.502s] Level 1:colcon.colcon_core.package_identification:_identify(src/aerogripper_control) by extensions ['colcon_meta']
[0.502s] Level 1:colcon.colcon_core.package_identification:_identify(src/aerogripper_control) by extension 'colcon_meta'
[0.502s] Level 1:colcon.colcon_core.package_identification:_identify(src/aerogripper_control) by extensions ['ros']
[0.502s] Level 1:colcon.colcon_core.package_identification:_identify(src/aerogripper_control) by extension 'ros'
[0.504s] DEBUG:colcon.colcon_core.package_identification:Package 'src/aerogripper_control' with type 'ros.ament_cmake' and name 'aerogripper_control'
[0.505s] Level 1:colcon.colcon_core.package_identification:_identify(src/aerogripper_msgs) by extensions ['ignore', 'ignore_ament_install']
[0.505s] Level 1:colcon.colcon_core.package_identification:_identify(src/aerogripper_msgs) by extension 'ignore'
[0.505s] Level 1:colcon.colcon_core.package_identification:_identify(src/aerogripper_msgs) by extension 'ignore_ament_install'
[0.505s] Level 1:colcon.colcon_core.package_identification:_identify(src/aerogripper_msgs) by extensions ['colcon_pkg']
[0.505s] Level 1:colcon.colcon_core.package_identification:_identify(src/aerogripper_msgs) by extension 'colcon_pkg'
[0.505s] Level 1:colcon.colcon_core.package_identification:_identify(src/aerogripper_msgs) by extensions ['colcon_meta']
[0.505s] Level 1:colcon.colcon_core.package_identification:_identify(src/aerogripper_msgs) by extension 'colcon_meta'
[0.505s] Level 1:colcon.colcon_core.package_identification:_identify(src/aerogripper_msgs) by extensions ['ros']
[0.505s] Level 1:colcon.colcon_core.package_identification:_identify(src/aerogripper_msgs) by extension 'ros'
[0.505s] DEBUG:colcon.colcon_core.package_identification:Package 'src/aerogripper_msgs' with type 'ros.ament_cmake' and name 'aerogripper_msgs'
[0.506s] Level 1:colcon.colcon_core.package_identification:_identify(src/aerogripper_simulator) by extensions ['ignore', 'ignore_ament_install']
[0.506s] Level 1:colcon.colcon_core.package_identification:_identify(src/aerogripper_simulator) by extension 'ignore'
[0.506s] Level 1:colcon.colcon_core.package_identification:_identify(src/aerogripper_simulator) by extension 'ignore_ament_install'
[0.506s] Level 1:colcon.colcon_core.package_identification:_identify(src/aerogripper_simulator) by extensions ['colcon_pkg']
[0.506s] Level 1:colcon.colcon_core.package_identification:_identify(src/aerogripper_simulator) by extension 'colcon_pkg'
[0.506s] Level 1:colcon.colcon_core.package_identification:_identify(src/aerogripper_simulator) by extensions ['colcon_meta']
[0.506s] Level 1:colcon.colcon_core.package_identification:_identify(src/aerogripper_simulator) by extension 'colcon_meta'
[0.506s] Level 1:colcon.colcon_core.package_identification:_identify(src/aerogripper_simulator) by extensions ['ros']
[0.506s] Level 1:colcon.colcon_core.package_identification:_identify(src/aerogripper_simulator) by extension 'ros'
[0.507s] DEBUG:colcon.colcon_core.package_identification:Package 'src/aerogripper_simulator' with type 'ros.ament_cmake' and name 'aerogripper_simulator'
[0.507s] Level 1:colcon.colcon_core.package_identification:_identify(src/aerogripper_ws) by extensions ['ignore', 'ignore_ament_install']
[0.507s] Level 1:colcon.colcon_core.package_identification:_identify(src/aerogripper_ws) by extension 'ignore'
[0.507s] Level 1:colcon.colcon_core.package_identification:_identify(src/aerogripper_ws) by extension 'ignore_ament_install'
[0.507s] Level 1:colcon.colcon_core.package_identification:_identify(src/aerogripper_ws) by extensions ['colcon_pkg']
[0.507s] Level 1:colcon.colcon_core.package_identification:_identify(src/aerogripper_ws) by extension 'colcon_pkg'
[0.507s] Level 1:colcon.colcon_core.package_identification:_identify(src/aerogripper_ws) by extensions ['colcon_meta']
[0.507s] Level 1:colcon.colcon_core.package_identification:_identify(src/aerogripper_ws) by extension 'colcon_meta'
[0.507s] Level 1:colcon.colcon_core.package_identification:_identify(src/aerogripper_ws) by extensions ['ros']
[0.507s] Level 1:colcon.colcon_core.package_identification:_identify(src/aerogripper_ws) by extension 'ros'
[0.507s] Level 1:colcon.colcon_core.package_identification:_identify(src/aerogripper_ws) by extensions ['cmake', 'python']
[0.507s] Level 1:colcon.colcon_core.package_identification:_identify(src/aerogripper_ws) by extension 'cmake'
[0.507s] Level 1:colcon.colcon_core.package_identification:_identify(src/aerogripper_ws) by extension 'python'
[0.507s] Level 1:colcon.colcon_core.package_identification:_identify(src/aerogripper_ws) by extensions ['python_setup_py']
[0.507s] Level 1:colcon.colcon_core.package_identification:_identify(src/aerogripper_ws) by extension 'python_setup_py'
[0.508s] Level 1:colcon.colcon_core.package_identification:_identify(src/aerogripper_ws/src) by extensions ['ignore', 'ignore_ament_install']
[0.508s] Level 1:colcon.colcon_core.package_identification:_identify(src/aerogripper_ws/src) by extension 'ignore'
[0.508s] Level 1:colcon.colcon_core.package_identification:_identify(src/aerogripper_ws/src) by extension 'ignore_ament_install'
[0.508s] Level 1:colcon.colcon_core.package_identification:_identify(src/aerogripper_ws/src) by extensions ['colcon_pkg']
[0.508s] Level 1:colcon.colcon_core.package_identification:_identify(src/aerogripper_ws/src) by extension 'colcon_pkg'
[0.508s] Level 1:colcon.colcon_core.package_identification:_identify(src/aerogripper_ws/src) by extensions ['colcon_meta']
[0.508s] Level 1:colcon.colcon_core.package_identification:_identify(src/aerogripper_ws/src) by extension 'colcon_meta'
[0.508s] Level 1:colcon.colcon_core.package_identification:_identify(src/aerogripper_ws/src) by extensions ['ros']
[0.508s] Level 1:colcon.colcon_core.package_identification:_identify(src/aerogripper_ws/src) by extension 'ros'
[0.508s] Level 1:colcon.colcon_core.package_identification:_identify(src/aerogripper_ws/src) by extensions ['cmake', 'python']
[0.508s] Level 1:colcon.colcon_core.package_identification:_identify(src/aerogripper_ws/src) by extension 'cmake'
[0.508s] Level 1:colcon.colcon_core.package_identification:_identify(src/aerogripper_ws/src) by extension 'python'
[0.508s] Level 1:colcon.colcon_core.package_identification:_identify(src/aerogripper_ws/src) by extensions ['python_setup_py']
[0.508s] Level 1:colcon.colcon_core.package_identification:_identify(src/aerogripper_ws/src) by extension 'python_setup_py'
[0.508s] Level 1:colcon.colcon_core.package_identification:_identify(src/aerogripper_ws/src/aerogripper_control) by extensions ['ignore', 'ignore_ament_install']
[0.508s] Level 1:colcon.colcon_core.package_identification:_identify(src/aerogripper_ws/src/aerogripper_control) by extension 'ignore'
[0.508s] Level 1:colcon.colcon_core.package_identification:_identify(src/aerogripper_ws/src/aerogripper_control) by extension 'ignore_ament_install'
[0.508s] Level 1:colcon.colcon_core.package_identification:_identify(src/aerogripper_ws/src/aerogripper_control) by extensions ['colcon_pkg']
[0.508s] Level 1:colcon.colcon_core.package_identification:_identify(src/aerogripper_ws/src/aerogripper_control) by extension 'colcon_pkg'
[0.508s] Level 1:colcon.colcon_core.package_identification:_identify(src/aerogripper_ws/src/aerogripper_control) by extensions ['colcon_meta']
[0.508s] Level 1:colcon.colcon_core.package_identification:_identify(src/aerogripper_ws/src/aerogripper_control) by extension 'colcon_meta'
[0.508s] Level 1:colcon.colcon_core.package_identification:_identify(src/aerogripper_ws/src/aerogripper_control) by extensions ['ros']
[0.508s] Level 1:colcon.colcon_core.package_identification:_identify(src/aerogripper_ws/src/aerogripper_control) by extension 'ros'
[0.508s] Level 1:colcon.colcon_core.package_identification:_identify(src/aerogripper_ws/src/aerogripper_control) by extensions ['cmake', 'python']
[0.508s] Level 1:colcon.colcon_core.package_identification:_identify(src/aerogripper_ws/src/aerogripper_control) by extension 'cmake'
[0.508s] Level 1:colcon.colcon_core.package_identification:_identify(src/aerogripper_ws/src/aerogripper_control) by extension 'python'
[0.509s] Level 1:colcon.colcon_core.package_identification:_identify(src/aerogripper_ws/src/aerogripper_control) by extensions ['python_setup_py']
[0.509s] Level 1:colcon.colcon_core.package_identification:_identify(src/aerogripper_ws/src/aerogripper_control) by extension 'python_setup_py'
[0.509s] Level 1:colcon.colcon_core.package_identification:_identify(src/aerogripper_ws/src/aerogripper_control/config) by extensions ['ignore', 'ignore_ament_install']
[0.509s] Level 1:colcon.colcon_core.package_identification:_identify(src/aerogripper_ws/src/aerogripper_control/config) by extension 'ignore'
[0.509s] Level 1:colcon.colcon_core.package_identification:_identify(src/aerogripper_ws/src/aerogripper_control/config) by extension 'ignore_ament_install'
[0.509s] Level 1:colcon.colcon_core.package_identification:_identify(src/aerogripper_ws/src/aerogripper_control/config) by extensions ['colcon_pkg']
[0.509s] Level 1:colcon.colcon_core.package_identification:_identify(src/aerogripper_ws/src/aerogripper_control/config) by extension 'colcon_pkg'
[0.509s] Level 1:colcon.colcon_core.package_identification:_identify(src/aerogripper_ws/src/aerogripper_control/config) by extensions ['colcon_meta']
[0.509s] Level 1:colcon.colcon_core.package_identification:_identify(src/aerogripper_ws/src/aerogripper_control/config) by extension 'colcon_meta'
[0.509s] Level 1:colcon.colcon_core.package_identification:_identify(src/aerogripper_ws/src/aerogripper_control/config) by extensions ['ros']
[0.509s] Level 1:colcon.colcon_core.package_identification:_identify(src/aerogripper_ws/src/aerogripper_control/config) by extension 'ros'
[0.509s] Level 1:colcon.colcon_core.package_identification:_identify(src/aerogripper_ws/src/aerogripper_control/config) by extensions ['cmake', 'python']
[0.509s] Level 1:colcon.colcon_core.package_identification:_identify(src/aerogripper_ws/src/aerogripper_control/config) by extension 'cmake'
[0.509s] Level 1:colcon.colcon_core.package_identification:_identify(src/aerogripper_ws/src/aerogripper_control/config) by extension 'python'
[0.509s] Level 1:colcon.colcon_core.package_identification:_identify(src/aerogripper_ws/src/aerogripper_control/config) by extensions ['python_setup_py']
[0.509s] Level 1:colcon.colcon_core.package_identification:_identify(src/aerogripper_ws/src/aerogripper_control/config) by extension 'python_setup_py'
[0.509s] Level 1:colcon.colcon_core.package_identification:_identify(src/aerogripper_ws/src/aerogripper_control/include) by extensions ['ignore', 'ignore_ament_install']
[0.509s] Level 1:colcon.colcon_core.package_identification:_identify(src/aerogripper_ws/src/aerogripper_control/include) by extension 'ignore'
[0.509s] Level 1:colcon.colcon_core.package_identification:_identify(src/aerogripper_ws/src/aerogripper_control/include) by extension 'ignore_ament_install'
[0.509s] Level 1:colcon.colcon_core.package_identification:_identify(src/aerogripper_ws/src/aerogripper_control/include) by extensions ['colcon_pkg']
[0.509s] Level 1:colcon.colcon_core.package_identification:_identify(src/aerogripper_ws/src/aerogripper_control/include) by extension 'colcon_pkg'
[0.509s] Level 1:colcon.colcon_core.package_identification:_identify(src/aerogripper_ws/src/aerogripper_control/include) by extensions ['colcon_meta']
[0.509s] Level 1:colcon.colcon_core.package_identification:_identify(src/aerogripper_ws/src/aerogripper_control/include) by extension 'colcon_meta'
[0.509s] Level 1:colcon.colcon_core.package_identification:_identify(src/aerogripper_ws/src/aerogripper_control/include) by extensions ['ros']
[0.509s] Level 1:colcon.colcon_core.package_identification:_identify(src/aerogripper_ws/src/aerogripper_control/include) by extension 'ros'
[0.509s] Level 1:colcon.colcon_core.package_identification:_identify(src/aerogripper_ws/src/aerogripper_control/include) by extensions ['cmake', 'python']
[0.509s] Level 1:colcon.colcon_core.package_identification:_identify(src/aerogripper_ws/src/aerogripper_control/include) by extension 'cmake'
[0.509s] Level 1:colcon.colcon_core.package_identification:_identify(src/aerogripper_ws/src/aerogripper_control/include) by extension 'python'
[0.509s] Level 1:colcon.colcon_core.package_identification:_identify(src/aerogripper_ws/src/aerogripper_control/include) by extensions ['python_setup_py']
[0.510s] Level 1:colcon.colcon_core.package_identification:_identify(src/aerogripper_ws/src/aerogripper_control/include) by extension 'python_setup_py'
[0.510s] Level 1:colcon.colcon_core.package_identification:_identify(src/aerogripper_ws/src/aerogripper_control/src) by extensions ['ignore', 'ignore_ament_install']
[0.510s] Level 1:colcon.colcon_core.package_identification:_identify(src/aerogripper_ws/src/aerogripper_control/src) by extension 'ignore'
[0.510s] Level 1:colcon.colcon_core.package_identification:_identify(src/aerogripper_ws/src/aerogripper_control/src) by extension 'ignore_ament_install'
[0.510s] Level 1:colcon.colcon_core.package_identification:_identify(src/aerogripper_ws/src/aerogripper_control/src) by extensions ['colcon_pkg']
[0.510s] Level 1:colcon.colcon_core.package_identification:_identify(src/aerogripper_ws/src/aerogripper_control/src) by extension 'colcon_pkg'
[0.510s] Level 1:colcon.colcon_core.package_identification:_identify(src/aerogripper_ws/src/aerogripper_control/src) by extensions ['colcon_meta']
[0.510s] Level 1:colcon.colcon_core.package_identification:_identify(src/aerogripper_ws/src/aerogripper_control/src) by extension 'colcon_meta'
[0.510s] Level 1:colcon.colcon_core.package_identification:_identify(src/aerogripper_ws/src/aerogripper_control/src) by extensions ['ros']
[0.510s] Level 1:colcon.colcon_core.package_identification:_identify(src/aerogripper_ws/src/aerogripper_control/src) by extension 'ros'
[0.510s] Level 1:colcon.colcon_core.package_identification:_identify(src/aerogripper_ws/src/aerogripper_control/src) by extensions ['cmake', 'python']
[0.510s] Level 1:colcon.colcon_core.package_identification:_identify(src/aerogripper_ws/src/aerogripper_control/src) by extension 'cmake'
[0.510s] Level 1:colcon.colcon_core.package_identification:_identify(src/aerogripper_ws/src/aerogripper_control/src) by extension 'python'
[0.510s] Level 1:colcon.colcon_core.package_identification:_identify(src/aerogripper_ws/src/aerogripper_control/src) by extensions ['python_setup_py']
[0.510s] Level 1:colcon.colcon_core.package_identification:_identify(src/aerogripper_ws/src/aerogripper_control/src) by extension 'python_setup_py'
[0.510s] Level 1:colcon.colcon_core.package_identification:_identify(src/thrust_calibration) by extensions ['ignore', 'ignore_ament_install']
[0.510s] Level 1:colcon.colcon_core.package_identification:_identify(src/thrust_calibration) by extension 'ignore'
[0.510s] Level 1:colcon.colcon_core.package_identification:_identify(src/thrust_calibration) by extension 'ignore_ament_install'
[0.510s] Level 1:colcon.colcon_core.package_identification:_identify(src/thrust_calibration) by extensions ['colcon_pkg']
[0.510s] Level 1:colcon.colcon_core.package_identification:_identify(src/thrust_calibration) by extension 'colcon_pkg'
[0.510s] Level 1:colcon.colcon_core.package_identification:_identify(src/thrust_calibration) by extensions ['colcon_meta']
[0.510s] Level 1:colcon.colcon_core.package_identification:_identify(src/thrust_calibration) by extension 'colcon_meta'
[0.510s] Level 1:colcon.colcon_core.package_identification:_identify(src/thrust_calibration) by extensions ['ros']
[0.510s] Level 1:colcon.colcon_core.package_identification:_identify(src/thrust_calibration) by extension 'ros'
[0.511s] Level 1:colcon.colcon_core.package_identification:_identify(src/thrust_calibration) by extensions ['cmake', 'python']
[0.511s] Level 1:colcon.colcon_core.package_identification:_identify(src/thrust_calibration) by extension 'cmake'
[0.511s] Level 1:colcon.colcon_core.package_identification:_identify(src/thrust_calibration) by extension 'python'
[0.511s] Level 1:colcon.colcon_core.package_identification:_identify(src/thrust_calibration) by extensions ['python_setup_py']
[0.511s] Level 1:colcon.colcon_core.package_identification:_identify(src/thrust_calibration) by extension 'python_setup_py'
[0.511s] Level 1:colcon.colcon_core.package_discovery:discover_packages(recursive) using defaults
[0.511s] Level 1:colcon.colcon_core.package_discovery:discover_packages(ignore) discover
[0.511s] Level 1:colcon.colcon_core.package_discovery:discover_packages(ignore) using defaults
[0.511s] Level 1:colcon.colcon_core.package_discovery:discover_packages(path) discover
[0.511s] Level 1:colcon.colcon_core.package_discovery:discover_packages(path) using defaults
[0.530s] INFO:colcon.colcon_core.package_selection:Skipping not selected package 'aerogripper_msgs' in 'src/aerogripper_msgs'
[0.531s] Level 1:colcon.colcon_core.package_discovery:discover_packages(prefix_path) check parameters
[0.531s] Level 1:colcon.colcon_core.package_discovery:discover_packages(prefix_path) discover
[0.532s] DEBUG:colcon.colcon_installed_package_information.package_discovery:Found 3 installed packages in /home/fyp/FYP/aerogripper_ws/install
[0.533s] DEBUG:colcon.colcon_installed_package_information.package_discovery:Found 2 installed packages in /home/fyp/FYP/px4_ws/install
[0.534s] DEBUG:colcon.colcon_installed_package_information.package_discovery:Found 272 installed packages in /opt/ros/humble
[0.535s] Level 1:colcon.colcon_core.package_discovery:discover_packages(prefix_path) using defaults
[0.571s] Level 5:colcon.colcon_core.verb:set package 'aerogripper_simulator' build argument 'cmake_args' from command line to 'None'
[0.571s] Level 5:colcon.colcon_core.verb:set package 'aerogripper_simulator' build argument 'cmake_target' from command line to 'None'
[0.571s] Level 5:colcon.colcon_core.verb:set package 'aerogripper_simulator' build argument 'cmake_target_skip_unavailable' from command line to 'False'
[0.571s] Level 5:colcon.colcon_core.verb:set package 'aerogripper_simulator' build argument 'cmake_clean_cache' from command line to 'False'
[0.571s] Level 5:colcon.colcon_core.verb:set package 'aerogripper_simulator' build argument 'cmake_clean_first' from command line to 'False'
[0.571s] Level 5:colcon.colcon_core.verb:set package 'aerogripper_simulator' build argument 'cmake_force_configure' from command line to 'False'
[0.571s] Level 5:colcon.colcon_core.verb:set package 'aerogripper_simulator' build argument 'ament_cmake_args' from command line to 'None'
[0.571s] Level 5:colcon.colcon_core.verb:set package 'aerogripper_simulator' build argument 'catkin_cmake_args' from command line to 'None'
[0.571s] Level 5:colcon.colcon_core.verb:set package 'aerogripper_simulator' build argument 'catkin_skip_building_tests' from command line to 'False'
[0.571s] DEBUG:colcon.colcon_core.verb:Building package 'aerogripper_simulator' with the following arguments: {'ament_cmake_args': None, 'build_base': '/home/fyp/FYP/aerogripper_ws/build/aerogripper_simulator', 'catkin_cmake_args': None, 'catkin_skip_building_tests': False, 'cmake_args': None, 'cmake_clean_cache': False, 'cmake_clean_first': False, 'cmake_force_configure': False, 'cmake_target': None, 'cmake_target_skip_unavailable': False, 'install_base': '/home/fyp/FYP/aerogripper_ws/install/aerogripper_simulator', 'merge_install': False, 'path': '/home/fyp/FYP/aerogripper_ws/src/aerogripper_simulator', 'symlink_install': False, 'test_result_base': None}
[0.572s] Level 5:colcon.colcon_core.verb:set package 'aerogripper_control' build argument 'cmake_args' from command line to 'None'
[0.572s] Level 5:colcon.colcon_core.verb:set package 'aerogripper_control' build argument 'cmake_target' from command line to 'None'
[0.572s] Level 5:colcon.colcon_core.verb:set package 'aerogripper_control' build argument 'cmake_target_skip_unavailable' from command line to 'False'
[0.572s] Level 5:colcon.colcon_core.verb:set package 'aerogripper_control' build argument 'cmake_clean_cache' from command line to 'False'
[0.572s] Level 5:colcon.colcon_core.verb:set package 'aerogripper_control' build argument 'cmake_clean_first' from command line to 'False'
[0.572s] Level 5:colcon.colcon_core.verb:set package 'aerogripper_control' build argument 'cmake_force_configure' from command line to 'False'
[0.572s] Level 5:colcon.colcon_core.verb:set package 'aerogripper_control' build argument 'ament_cmake_args' from command line to 'None'
[0.572s] Level 5:colcon.colcon_core.verb:set package 'aerogripper_control' build argument 'catkin_cmake_args' from command line to 'None'
[0.572s] Level 5:colcon.colcon_core.verb:set package 'aerogripper_control' build argument 'catkin_skip_building_tests' from command line to 'False'
[0.572s] DEBUG:colcon.colcon_core.verb:Building package 'aerogripper_control' with the following arguments: {'ament_cmake_args': None, 'build_base': '/home/fyp/FYP/aerogripper_ws/build/aerogripper_control', 'catkin_cmake_args': None, 'catkin_skip_building_tests': False, 'cmake_args': None, 'cmake_clean_cache': False, 'cmake_clean_first': False, 'cmake_force_configure': False, 'cmake_target': None, 'cmake_target_skip_unavailable': False, 'install_base': '/home/fyp/FYP/aerogripper_ws/install/aerogripper_control', 'merge_install': False, 'path': '/home/fyp/FYP/aerogripper_ws/src/aerogripper_control', 'symlink_install': False, 'test_result_base': None}
[0.572s] INFO:colcon.colcon_core.executor:Executing jobs using 'parallel' executor
[0.573s] DEBUG:colcon.colcon_parallel_executor.executor.parallel:run_until_complete
[0.573s] INFO:colcon.colcon_ros.task.ament_cmake.build:Building ROS package in '/home/fyp/FYP/aerogripper_ws/src/aerogripper_simulator' with build type 'ament_cmake'
[0.573s] INFO:colcon.colcon_cmake.task.cmake.build:Building CMake package in '/home/fyp/FYP/aerogripper_ws/src/aerogripper_simulator'
[0.576s] INFO:colcon.colcon_core.plugin_system:Skipping extension 'colcon_core.shell.bat': Not used on non-Windows systems
[0.576s] INFO:colcon.colcon_core.shell:Skip shell extension 'powershell' for command environment: Not usable outside of PowerShell
[0.576s] DEBUG:colcon.colcon_core.shell:Skip shell extension 'dsv' for command environment
[0.579s] INFO:colcon.colcon_ros.task.ament_cmake.build:Building ROS package in '/home/fyp/FYP/aerogripper_ws/src/aerogripper_control' with build type 'ament_cmake'
[0.580s] INFO:colcon.colcon_cmake.task.cmake.build:Building CMake package in '/home/fyp/FYP/aerogripper_ws/src/aerogripper_control'
[0.580s] INFO:colcon.colcon_core.shell:Skip shell extension 'powershell' for command environment: Not usable outside of PowerShell
[0.580s] DEBUG:colcon.colcon_core.shell:Skip shell extension 'dsv' for command environment
[0.590s] DEBUG:colcon.colcon_core.event_handler.log_command:Invoking command in '/home/fyp/FYP/aerogripper_ws/build/aerogripper_simulator': CMAKE_PREFIX_PATH=${CMAKE_PREFIX_PATH}:/opt/ros/humble /usr/bin/cmake --build /home/fyp/FYP/aerogripper_ws/build/aerogripper_simulator -- -j32 -l32
[0.872s] DEBUG:colcon.colcon_core.event_handler.log_command:Invoked command in '/home/fyp/FYP/aerogripper_ws/build/aerogripper_simulator' returned '0': CMAKE_PREFIX_PATH=${CMAKE_PREFIX_PATH}:/opt/ros/humble /usr/bin/cmake --build /home/fyp/FYP/aerogripper_ws/build/aerogripper_simulator -- -j32 -l32
[0.881s] DEBUG:colcon.colcon_core.event_handler.log_command:Invoking command in '/home/fyp/FYP/aerogripper_ws/build/aerogripper_simulator': CMAKE_PREFIX_PATH=${CMAKE_PREFIX_PATH}:/opt/ros/humble /usr/bin/cmake --install /home/fyp/FYP/aerogripper_ws/build/aerogripper_simulator
[0.887s] DEBUG:colcon.colcon_core.event_handler.log_command:Invoking command in '/home/fyp/FYP/aerogripper_ws/build/aerogripper_control': CMAKE_PREFIX_PATH=/home/fyp/FYP/aerogripper_ws/install/aerogripper_msgs:/home/fyp/FYP/aerogripper_ws/install/aerogripper_simulator:/home/fyp/FYP/aerogripper_ws/install/aerogripper_control:/home/fyp/FYP/px4_ws/install/px4_ros_com:/home/fyp/FYP/px4_ws/install/px4_msgs:/opt/ros/humble /usr/bin/cmake --build /home/fyp/FYP/aerogripper_ws/build/aerogripper_control -- -j32 -l32
[0.930s] Level 1:colcon.colcon_core.environment:create_environment_scripts_only(aerogripper_simulator)
[0.930s] DEBUG:colcon.colcon_core.event_handler.log_command:Invoked command in '/home/fyp/FYP/aerogripper_ws/build/aerogripper_simulator' returned '0': CMAKE_PREFIX_PATH=${CMAKE_PREFIX_PATH}:/opt/ros/humble /usr/bin/cmake --install /home/fyp/FYP/aerogripper_ws/build/aerogripper_simulator
[0.932s] Level 1:colcon.colcon_core.environment:checking '/home/fyp/FYP/aerogripper_ws/install/aerogripper_simulator' for CMake module files
[0.932s] Level 1:colcon.colcon_core.environment:checking '/home/fyp/FYP/aerogripper_ws/install/aerogripper_simulator' for CMake config files
[0.933s] Level 1:colcon.colcon_core.shell:create_environment_hook('aerogripper_simulator', 'cmake_prefix_path')
[0.933s] INFO:colcon.colcon_core.shell:Creating environment hook '/home/fyp/FYP/aerogripper_ws/install/aerogripper_simulator/share/aerogripper_simulator/hook/cmake_prefix_path.ps1'
[0.933s] INFO:colcon.colcon_core.shell:Creating environment descriptor '/home/fyp/FYP/aerogripper_ws/install/aerogripper_simulator/share/aerogripper_simulator/hook/cmake_prefix_path.dsv'
[0.934s] INFO:colcon.colcon_core.shell:Creating environment hook '/home/fyp/FYP/aerogripper_ws/install/aerogripper_simulator/share/aerogripper_simulator/hook/cmake_prefix_path.sh'
[0.935s] Level 1:colcon.colcon_core.environment:checking '/home/fyp/FYP/aerogripper_ws/install/aerogripper_simulator/lib'
[0.936s] Level 1:colcon.colcon_core.environment:checking '/home/fyp/FYP/aerogripper_ws/install/aerogripper_simulator/bin'
[0.936s] Level 1:colcon.colcon_core.environment:checking '/home/fyp/FYP/aerogripper_ws/install/aerogripper_simulator/lib/pkgconfig/aerogripper_simulator.pc'
[0.936s] Level 1:colcon.colcon_core.environment:checking '/home/fyp/FYP/aerogripper_ws/install/aerogripper_simulator/lib/python3.10/site-packages'
[0.936s] Level 1:colcon.colcon_core.environment:checking '/home/fyp/FYP/aerogripper_ws/install/aerogripper_simulator/bin'
[0.937s] INFO:colcon.colcon_core.shell:Creating package script '/home/fyp/FYP/aerogripper_ws/install/aerogripper_simulator/share/aerogripper_simulator/package.ps1'
[0.937s] INFO:colcon.colcon_core.shell:Creating package descriptor '/home/fyp/FYP/aerogripper_ws/install/aerogripper_simulator/share/aerogripper_simulator/package.dsv'
[0.938s] INFO:colcon.colcon_core.shell:Creating package script '/home/fyp/FYP/aerogripper_ws/install/aerogripper_simulator/share/aerogripper_simulator/package.sh'
[0.938s] INFO:colcon.colcon_core.shell:Creating package script '/home/fyp/FYP/aerogripper_ws/install/aerogripper_simulator/share/aerogripper_simulator/package.bash'
[0.939s] INFO:colcon.colcon_core.shell:Creating package script '/home/fyp/FYP/aerogripper_ws/install/aerogripper_simulator/share/aerogripper_simulator/package.zsh'
[0.939s] Level 1:colcon.colcon_core.environment:create_file_with_runtime_dependencies(/home/fyp/FYP/aerogripper_ws/install/aerogripper_simulator/share/colcon-core/packages/aerogripper_simulator)
[0.940s] Level 1:colcon.colcon_core.environment:create_environment_scripts_only(aerogripper_simulator)
[0.940s] Level 1:colcon.colcon_core.environment:checking '/home/fyp/FYP/aerogripper_ws/install/aerogripper_simulator' for CMake module files
[0.941s] Level 1:colcon.colcon_core.environment:checking '/home/fyp/FYP/aerogripper_ws/install/aerogripper_simulator' for CMake config files
[0.941s] Level 1:colcon.colcon_core.shell:create_environment_hook('aerogripper_simulator', 'cmake_prefix_path')
[0.942s] INFO:colcon.colcon_core.shell:Creating environment hook '/home/fyp/FYP/aerogripper_ws/install/aerogripper_simulator/share/aerogripper_simulator/hook/cmake_prefix_path.ps1'
[0.942s] INFO:colcon.colcon_core.shell:Creating environment descriptor '/home/fyp/FYP/aerogripper_ws/install/aerogripper_simulator/share/aerogripper_simulator/hook/cmake_prefix_path.dsv'
[0.943s] INFO:colcon.colcon_core.shell:Creating environment hook '/home/fyp/FYP/aerogripper_ws/install/aerogripper_simulator/share/aerogripper_simulator/hook/cmake_prefix_path.sh'
[0.943s] Level 1:colcon.colcon_core.environment:checking '/home/fyp/FYP/aerogripper_ws/install/aerogripper_simulator/lib'
[0.943s] Level 1:colcon.colcon_core.environment:checking '/home/fyp/FYP/aerogripper_ws/install/aerogripper_simulator/bin'
[0.943s] Level 1:colcon.colcon_core.environment:checking '/home/fyp/FYP/aerogripper_ws/install/aerogripper_simulator/lib/pkgconfig/aerogripper_simulator.pc'
[0.943s] Level 1:colcon.colcon_core.environment:checking '/home/fyp/FYP/aerogripper_ws/install/aerogripper_simulator/lib/python3.10/site-packages'
[0.944s] Level 1:colcon.colcon_core.environment:checking '/home/fyp/FYP/aerogripper_ws/install/aerogripper_simulator/bin'
[0.944s] INFO:colcon.colcon_core.shell:Creating package script '/home/fyp/FYP/aerogripper_ws/install/aerogripper_simulator/share/aerogripper_simulator/package.ps1'
[0.945s] INFO:colcon.colcon_core.shell:Creating package descriptor '/home/fyp/FYP/aerogripper_ws/install/aerogripper_simulator/share/aerogripper_simulator/package.dsv'
[0.945s] INFO:colcon.colcon_core.shell:Creating package script '/home/fyp/FYP/aerogripper_ws/install/aerogripper_simulator/share/aerogripper_simulator/package.sh'
[0.945s] INFO:colcon.colcon_core.shell:Creating package script '/home/fyp/FYP/aerogripper_ws/install/aerogripper_simulator/share/aerogripper_simulator/package.bash'
[0.946s] INFO:colcon.colcon_core.shell:Creating package script '/home/fyp/FYP/aerogripper_ws/install/aerogripper_simulator/share/aerogripper_simulator/package.zsh'
[0.946s] Level 1:colcon.colcon_core.environment:create_file_with_runtime_dependencies(/home/fyp/FYP/aerogripper_ws/install/aerogripper_simulator/share/colcon-core/packages/aerogripper_simulator)
[18.661s] DEBUG:colcon.colcon_core.event_handler.log_command:Invoked command in '/home/fyp/FYP/aerogripper_ws/build/aerogripper_control' returned '0': CMAKE_PREFIX_PATH=/home/fyp/FYP/aerogripper_ws/install/aerogripper_msgs:/home/fyp/FYP/aerogripper_ws/install/aerogripper_simulator:/home/fyp/FYP/aerogripper_ws/install/aerogripper_control:/home/fyp/FYP/px4_ws/install/px4_ros_com:/home/fyp/FYP/px4_ws/install/px4_msgs:/opt/ros/humble /usr/bin/cmake --build /home/fyp/FYP/aerogripper_ws/build/aerogripper_control -- -j32 -l32
[18.663s] DEBUG:colcon.colcon_core.event_handler.log_command:Invoking command in '/home/fyp/FYP/aerogripper_ws/build/aerogripper_control': CMAKE_PREFIX_PATH=/home/fyp/FYP/aerogripper_ws/install/aerogripper_msgs:/home/fyp/FYP/aerogripper_ws/install/aerogripper_simulator:/home/fyp/FYP/aerogripper_ws/install/aerogripper_control:/home/fyp/FYP/px4_ws/install/px4_ros_com:/home/fyp/FYP/px4_ws/install/px4_msgs:/opt/ros/humble /usr/bin/cmake --install /home/fyp/FYP/aerogripper_ws/build/aerogripper_control
[18.682s] Level 1:colcon.colcon_core.environment:create_environment_scripts_only(aerogripper_control)
[18.682s] Level 1:colcon.colcon_core.environment:checking '/home/fyp/FYP/aerogripper_ws/install/aerogripper_control' for CMake module files
[18.682s] DEBUG:colcon.colcon_core.event_handler.log_command:Invoked command in '/home/fyp/FYP/aerogripper_ws/build/aerogripper_control' returned '0': CMAKE_PREFIX_PATH=/home/fyp/FYP/aerogripper_ws/install/aerogripper_msgs:/home/fyp/FYP/aerogripper_ws/install/aerogripper_simulator:/home/fyp/FYP/aerogripper_ws/install/aerogripper_control:/home/fyp/FYP/px4_ws/install/px4_ros_com:/home/fyp/FYP/px4_ws/install/px4_msgs:/opt/ros/humble /usr/bin/cmake --install /home/fyp/FYP/aerogripper_ws/build/aerogripper_control
[18.683s] Level 1:colcon.colcon_core.environment:checking '/home/fyp/FYP/aerogripper_ws/install/aerogripper_control' for CMake config files
[18.683s] Level 1:colcon.colcon_core.shell:create_environment_hook('aerogripper_control', 'cmake_prefix_path')
[18.683s] INFO:colcon.colcon_core.shell:Creating environment hook '/home/fyp/FYP/aerogripper_ws/install/aerogripper_control/share/aerogripper_control/hook/cmake_prefix_path.ps1'
[18.683s] INFO:colcon.colcon_core.shell:Creating environment descriptor '/home/fyp/FYP/aerogripper_ws/install/aerogripper_control/share/aerogripper_control/hook/cmake_prefix_path.dsv'
[18.684s] INFO:colcon.colcon_core.shell:Creating environment hook '/home/fyp/FYP/aerogripper_ws/install/aerogripper_control/share/aerogripper_control/hook/cmake_prefix_path.sh'
[18.684s] Level 1:colcon.colcon_core.environment:checking '/home/fyp/FYP/aerogripper_ws/install/aerogripper_control/lib'
[18.684s] Level 1:colcon.colcon_core.environment:checking '/home/fyp/FYP/aerogripper_ws/install/aerogripper_control/bin'
[18.684s] Level 1:colcon.colcon_core.environment:checking '/home/fyp/FYP/aerogripper_ws/install/aerogripper_control/lib/pkgconfig/aerogripper_control.pc'
[18.685s] Level 1:colcon.colcon_core.environment:checking '/home/fyp/FYP/aerogripper_ws/install/aerogripper_control/lib/python3.10/site-packages'
[18.685s] Level 1:colcon.colcon_core.environment:checking '/home/fyp/FYP/aerogripper_ws/install/aerogripper_control/bin'
[18.685s] INFO:colcon.colcon_core.shell:Creating package script '/home/fyp/FYP/aerogripper_ws/install/aerogripper_control/share/aerogripper_control/package.ps1'
[18.685s] INFO:colcon.colcon_core.shell:Creating package descriptor '/home/fyp/FYP/aerogripper_ws/install/aerogripper_control/share/aerogripper_control/package.dsv'
[18.686s] INFO:colcon.colcon_core.shell:Creating package script '/home/fyp/FYP/aerogripper_ws/install/aerogripper_control/share/aerogripper_control/package.sh'
[18.686s] INFO:colcon.colcon_core.shell:Creating package script '/home/fyp/FYP/aerogripper_ws/install/aerogripper_control/share/aerogripper_control/package.bash'
[18.686s] INFO:colcon.colcon_core.shell:Creating package script '/home/fyp/FYP/aerogripper_ws/install/aerogripper_control/share/aerogripper_control/package.zsh'
[18.687s] Level 1:colcon.colcon_core.environment:create_file_with_runtime_dependencies(/home/fyp/FYP/aerogripper_ws/install/aerogripper_control/share/colcon-core/packages/aerogripper_control)
[18.687s] Level 1:colcon.colcon_core.environment:create_environment_scripts_only(aerogripper_control)
[18.687s] Level 1:colcon.colcon_core.environment:checking '/home/fyp/FYP/aerogripper_ws/install/aerogripper_control' for CMake module files
[18.688s] Level 1:colcon.colcon_core.environment:checking '/home/fyp/FYP/aerogripper_ws/install/aerogripper_control' for CMake config files
[18.688s] Level 1:colcon.colcon_core.shell:create_environment_hook('aerogripper_control', 'cmake_prefix_path')
[18.688s] INFO:colcon.colcon_core.shell:Creating environment hook '/home/fyp/FYP/aerogripper_ws/install/aerogripper_control/share/aerogripper_control/hook/cmake_prefix_path.ps1'
[18.689s] INFO:colcon.colcon_core.shell:Creating environment descriptor '/home/fyp/FYP/aerogripper_ws/install/aerogripper_control/share/aerogripper_control/hook/cmake_prefix_path.dsv'
[18.689s] INFO:colcon.colcon_core.shell:Creating environment hook '/home/fyp/FYP/aerogripper_ws/install/aerogripper_control/share/aerogripper_control/hook/cmake_prefix_path.sh'
[18.689s] Level 1:colcon.colcon_core.environment:checking '/home/fyp/FYP/aerogripper_ws/install/aerogripper_control/lib'
[18.689s] Level 1:colcon.colcon_core.environment:checking '/home/fyp/FYP/aerogripper_ws/install/aerogripper_control/bin'
[18.689s] Level 1:colcon.colcon_core.environment:checking '/home/fyp/FYP/aerogripper_ws/install/aerogripper_control/lib/pkgconfig/aerogripper_control.pc'
[18.690s] Level 1:colcon.colcon_core.environment:checking '/home/fyp/FYP/aerogripper_ws/install/aerogripper_control/lib/python3.10/site-packages'
[18.690s] Level 1:colcon.colcon_core.environment:checking '/home/fyp/FYP/aerogripper_ws/install/aerogripper_control/bin'
[18.690s] INFO:colcon.colcon_core.shell:Creating package script '/home/fyp/FYP/aerogripper_ws/install/aerogripper_control/share/aerogripper_control/package.ps1'
[18.691s] INFO:colcon.colcon_core.shell:Creating package descriptor '/home/fyp/FYP/aerogripper_ws/install/aerogripper_control/share/aerogripper_control/package.dsv'
[18.691s] INFO:colcon.colcon_core.shell:Creating package script '/home/fyp/FYP/aerogripper_ws/install/aerogripper_control/share/aerogripper_control/package.sh'
[18.691s] INFO:colcon.colcon_core.shell:Creating package script '/home/fyp/FYP/aerogripper_ws/install/aerogripper_control/share/aerogripper_control/package.bash'
[18.692s] INFO:colcon.colcon_core.shell:Creating package script '/home/fyp/FYP/aerogripper_ws/install/aerogripper_control/share/aerogripper_control/package.zsh'
[18.692s] Level 1:colcon.colcon_core.environment:create_file_with_runtime_dependencies(/home/fyp/FYP/aerogripper_ws/install/aerogripper_control/share/colcon-core/packages/aerogripper_control)
[18.692s] DEBUG:colcon.colcon_parallel_executor.executor.parallel:closing loop
[18.693s] DEBUG:colcon.colcon_parallel_executor.executor.parallel:loop closed
[18.693s] DEBUG:colcon.colcon_parallel_executor.executor.parallel:run_until_complete finished with '0'
[18.693s] DEBUG:colcon.colcon_core.event_reactor:joining thread
[18.834s] INFO:colcon.colcon_core.plugin_system:Skipping extension 'colcon_notification.desktop_notification.notify_send': Could not find 'notify-send'
[18.835s] INFO:colcon.colcon_core.plugin_system:Skipping extension 'colcon_notification.desktop_notification.terminal_notifier': Not used on non-Darwin systems
[18.835s] INFO:colcon.colcon_core.plugin_system:Skipping extension 'colcon_notification.desktop_notification.win32': Not used on non-Windows systems
[18.835s] INFO:colcon.colcon_notification.desktop_notification:Sending desktop notification using 'notify2'
[18.835s] DEBUG:colcon.colcon_notification.desktop_notification.notify2:Failed to initialize notify2: org.freedesktop.DBus.Error.FileNotFound: Failed to connect to socket /run/user/1000/bus: No such file or directory
[18.835s] DEBUG:colcon.colcon_core.event_reactor:joined thread
[18.835s] INFO:colcon.colcon_core.shell:Creating prefix script '/home/fyp/FYP/aerogripper_ws/install/local_setup.ps1'
[18.836s] INFO:colcon.colcon_core.shell:Creating prefix util module '/home/fyp/FYP/aerogripper_ws/install/_local_setup_util_ps1.py'
[18.838s] INFO:colcon.colcon_core.shell:Creating prefix chain script '/home/fyp/FYP/aerogripper_ws/install/setup.ps1'
[18.839s] INFO:colcon.colcon_core.shell:Creating prefix script '/home/fyp/FYP/aerogripper_ws/install/local_setup.sh'
[18.839s] INFO:colcon.colcon_core.shell:Creating prefix util module '/home/fyp/FYP/aerogripper_ws/install/_local_setup_util_sh.py'
[18.840s] INFO:colcon.colcon_core.shell:Creating prefix chain script '/home/fyp/FYP/aerogripper_ws/install/setup.sh'
[18.840s] INFO:colcon.colcon_core.shell:Creating prefix script '/home/fyp/FYP/aerogripper_ws/install/local_setup.bash'
[18.841s] INFO:colcon.colcon_core.shell:Creating prefix chain script '/home/fyp/FYP/aerogripper_ws/install/setup.bash'
[18.842s] INFO:colcon.colcon_core.shell:Creating prefix script '/home/fyp/FYP/aerogripper_ws/install/local_setup.zsh'
[18.842s] INFO:colcon.colcon_core.shell:Creating prefix chain script '/home/fyp/FYP/aerogripper_ws/install/setup.zsh'
