-- The C compiler identification is GNU 11.4.0
-- The CXX compiler identification is GNU 11.4.0
-- Detecting C compiler ABI info
-- Detecting C compiler ABI info - done
-- Check for working C compiler: /usr/bin/cc - skipped
-- Detecting C compile features
-- Detecting C compile features - done
-- Detecting CXX compiler ABI info
-- Detecting CXX compiler ABI info - done
-- Check for working CXX compiler: /usr/bin/c++ - skipped
-- Detecting CXX compile features
-- Detecting CXX compile features - done
-- Found ament_cmake: 1.3.13 (/opt/ros/humble/share/ament_cmake/cmake)
-- Found Python3: /usr/bin/python3 (found version "3.10.12") found components: Interpreter 
-- Found rclpy: 3.3.20 (/opt/ros/humble/share/rclpy/cmake)
-- Found std_msgs: 4.9.1 (/opt/ros/humble/share/std_msgs/cmake)
-- Found rosidl_generator_c: 3.1.8 (/opt/ros/humble/share/rosidl_generator_c/cmake)
-- Found rosidl_adapter: 3.1.8 (/opt/ros/humble/share/rosidl_adapter/cmake)
-- Found rosidl_generator_cpp: 3.1.8 (/opt/ros/humble/share/rosidl_generator_cpp/cmake)
-- Using all available rosidl_typesupport_c: rosidl_typesupport_fastrtps_c;rosidl_typesupport_introspection_c
-- Using all available rosidl_typesupport_cpp: rosidl_typesupport_fastrtps_cpp;rosidl_typesupport_introspection_cpp
-- Found geometry_msgs: 4.9.1 (/opt/ros/humble/share/geometry_msgs/cmake)
-- Found nav_msgs: 4.9.1 (/opt/ros/humble/share/nav_msgs/cmake)
-- Configuring done
-- Generating done
-- Build files have been written to: /home/fyp/FYP/aerogripper_ws/build/aerogripper_simulator
Built target ament_cmake_python_copy_aerogripper_simulator
running egg_info
creating aerogripper_simulator.egg-info
writing aerogripper_simulator.egg-info/PKG-INFO
writing dependency_links to aerogripper_simulator.egg-info/dependency_links.txt
writing top-level names to aerogripper_simulator.egg-info/top_level.txt
writing manifest file 'aerogripper_simulator.egg-info/SOURCES.txt'
reading manifest file 'aerogripper_simulator.egg-info/SOURCES.txt'
writing manifest file 'aerogripper_simulator.egg-info/SOURCES.txt'
Built target ament_cmake_python_build_aerogripper_simulator_egg
-- Install configuration: ""
-- Installing: /home/fyp/FYP/aerogripper_ws/install/aerogripper_simulator/share/aerogripper_simulator/environment/pythonpath.sh
-- Installing: /home/fyp/FYP/aerogripper_ws/install/aerogripper_simulator/share/aerogripper_simulator/environment/pythonpath.dsv
-- Installing: /home/fyp/FYP/aerogripper_ws/install/aerogripper_simulator/local/lib/python3.10/dist-packages/aerogripper_simulator-0.1.0-py3.10.egg-info
-- Installing: /home/fyp/FYP/aerogripper_ws/install/aerogripper_simulator/local/lib/python3.10/dist-packages/aerogripper_simulator-0.1.0-py3.10.egg-info/PKG-INFO
-- Installing: /home/fyp/FYP/aerogripper_ws/install/aerogripper_simulator/local/lib/python3.10/dist-packages/aerogripper_simulator-0.1.0-py3.10.egg-info/SOURCES.txt
-- Installing: /home/fyp/FYP/aerogripper_ws/install/aerogripper_simulator/local/lib/python3.10/dist-packages/aerogripper_simulator-0.1.0-py3.10.egg-info/top_level.txt
-- Installing: /home/fyp/FYP/aerogripper_ws/install/aerogripper_simulator/local/lib/python3.10/dist-packages/aerogripper_simulator-0.1.0-py3.10.egg-info/dependency_links.txt
-- Installing: /home/fyp/FYP/aerogripper_ws/install/aerogripper_simulator/local/lib/python3.10/dist-packages/aerogripper_simulator
-- Installing: /home/fyp/FYP/aerogripper_ws/install/aerogripper_simulator/local/lib/python3.10/dist-packages/aerogripper_simulator/__init__.py
-- Installing: /home/fyp/FYP/aerogripper_ws/install/aerogripper_simulator/local/lib/python3.10/dist-packages/aerogripper_simulator/utils.py
-- Installing: /home/fyp/FYP/aerogripper_ws/install/aerogripper_simulator/local/lib/python3.10/dist-packages/aerogripper_simulator/px4_bridge.py
-- Installing: /home/fyp/FYP/aerogripper_ws/install/aerogripper_simulator/local/lib/python3.10/dist-packages/aerogripper_simulator/simulator.py
Listing '/home/fyp/FYP/aerogripper_ws/install/aerogripper_simulator/local/lib/python3.10/dist-packages/aerogripper_simulator'...
Compiling '/home/fyp/FYP/aerogripper_ws/install/aerogripper_simulator/local/lib/python3.10/dist-packages/aerogripper_simulator/__init__.py'...
Compiling '/home/fyp/FYP/aerogripper_ws/install/aerogripper_simulator/local/lib/python3.10/dist-packages/aerogripper_simulator/px4_bridge.py'...
Compiling '/home/fyp/FYP/aerogripper_ws/install/aerogripper_simulator/local/lib/python3.10/dist-packages/aerogripper_simulator/simulator.py'...
Compiling '/home/fyp/FYP/aerogripper_ws/install/aerogripper_simulator/local/lib/python3.10/dist-packages/aerogripper_simulator/utils.py'...
-- Installing: /home/fyp/FYP/aerogripper_ws/install/aerogripper_simulator/lib/aerogripper_simulator/simulator
-- Installing: /home/fyp/FYP/aerogripper_ws/install/aerogripper_simulator/lib/aerogripper_simulator/px4_bridge
-- Installing: /home/fyp/FYP/aerogripper_ws/install/aerogripper_simulator/lib/aerogripper_simulator/aerogripper_simulator/utils.py
-- Installing: /home/fyp/FYP/aerogripper_ws/install/aerogripper_simulator/share/aerogripper_simulator/config
-- Installing: /home/fyp/FYP/aerogripper_ws/install/aerogripper_simulator/share/aerogripper_simulator/config/simulator.yaml
-- Installing: /home/fyp/FYP/aerogripper_ws/install/aerogripper_simulator/share/aerogripper_simulator/launch
-- Installing: /home/fyp/FYP/aerogripper_ws/install/aerogripper_simulator/share/aerogripper_simulator/launch/simulator.launch.py
-- Installing: /home/fyp/FYP/aerogripper_ws/install/aerogripper_simulator/share/aerogripper_simulator/launch/simulator_with_bridge.launch.py
-- Installing: /home/fyp/FYP/aerogripper_ws/install/aerogripper_simulator/share/aerogripper_simulator/resource
-- Installing: /home/fyp/FYP/aerogripper_ws/install/aerogripper_simulator/share/aerogripper_simulator/resource/aerogripper_simulator
-- Installing: /home/fyp/FYP/aerogripper_ws/install/aerogripper_simulator/share/ament_index/resource_index/package_run_dependencies/aerogripper_simulator
-- Installing: /home/fyp/FYP/aerogripper_ws/install/aerogripper_simulator/share/ament_index/resource_index/parent_prefix_path/aerogripper_simulator
-- Installing: /home/fyp/FYP/aerogripper_ws/install/aerogripper_simulator/share/aerogripper_simulator/environment/ament_prefix_path.sh
-- Installing: /home/fyp/FYP/aerogripper_ws/install/aerogripper_simulator/share/aerogripper_simulator/environment/ament_prefix_path.dsv
-- Installing: /home/fyp/FYP/aerogripper_ws/install/aerogripper_simulator/share/aerogripper_simulator/environment/path.sh
-- Installing: /home/fyp/FYP/aerogripper_ws/install/aerogripper_simulator/share/aerogripper_simulator/environment/path.dsv
-- Installing: /home/fyp/FYP/aerogripper_ws/install/aerogripper_simulator/share/aerogripper_simulator/local_setup.bash
-- Installing: /home/fyp/FYP/aerogripper_ws/install/aerogripper_simulator/share/aerogripper_simulator/local_setup.sh
-- Installing: /home/fyp/FYP/aerogripper_ws/install/aerogripper_simulator/share/aerogripper_simulator/local_setup.zsh
-- Installing: /home/fyp/FYP/aerogripper_ws/install/aerogripper_simulator/share/aerogripper_simulator/local_setup.dsv
-- Installing: /home/fyp/FYP/aerogripper_ws/install/aerogripper_simulator/share/aerogripper_simulator/package.dsv
-- Installing: /home/fyp/FYP/aerogripper_ws/install/aerogripper_simulator/share/ament_index/resource_index/packages/aerogripper_simulator
-- Installing: /home/fyp/FYP/aerogripper_ws/install/aerogripper_simulator/share/aerogripper_simulator/cmake/aerogripper_simulatorConfig.cmake
-- Installing: /home/fyp/FYP/aerogripper_ws/install/aerogripper_simulator/share/aerogripper_simulator/cmake/aerogripper_simulatorConfig-version.cmake
-- Installing: /home/fyp/FYP/aerogripper_ws/install/aerogripper_simulator/share/aerogripper_simulator/package.xml
