[0.011s] Invoking command in '/home/fyp/FYP/aerogripper_ws/build/aerogripper_simulator': CMAKE_PREFIX_PATH=/opt/ros/humble /usr/bin/cmake /home/fyp/FYP/aerogripper_ws/src/aerogripper_simulator -DCMAKE_INSTALL_PREFIX=/home/fyp/FYP/aerogripper_ws/install/aerogripper_simulator
[0.345s] -- The C compiler identification is GNU 11.4.0
[2.454s] -- The CXX compiler identification is GNU 11.4.0
[4.354s] -- Detecting C compiler ABI info
[4.974s] -- Detecting C compiler ABI info - done
[4.980s] -- Check for working C compiler: /usr/bin/cc - skipped
[4.981s] -- Detecting C compile features
[4.981s] -- Detecting C compile features - done
[4.983s] -- Detecting CXX compiler ABI info
[5.553s] -- Detecting CXX compiler ABI info - done
[5.560s] -- Check for working CXX compiler: /usr/bin/c++ - skipped
[5.560s] -- Detecting CXX compile features
[5.560s] -- Detecting CXX compile features - done
[5.562s] -- Found ament_cmake: 1.3.13 (/opt/ros/humble/share/ament_cmake/cmake)
[5.683s] -- Found Python3: /usr/bin/python3 (found version "3.10.12") found components: Interpreter 
[5.749s] -- Found rclpy: 3.3.20 (/opt/ros/humble/share/rclpy/cmake)
[5.750s] -- Found std_msgs: 4.9.1 (/opt/ros/humble/share/std_msgs/cmake)
[6.520s] -- Found rosidl_generator_c: 3.1.8 (/opt/ros/humble/share/rosidl_generator_c/cmake)
[6.523s] -- Found rosidl_adapter: 3.1.8 (/opt/ros/humble/share/rosidl_adapter/cmake)
[6.529s] -- Found rosidl_generator_cpp: 3.1.8 (/opt/ros/humble/share/rosidl_generator_cpp/cmake)
[6.538s] -- Using all available rosidl_typesupport_c: rosidl_typesupport_fastrtps_c;rosidl_typesupport_introspection_c
[6.550s] -- Using all available rosidl_typesupport_cpp: rosidl_typesupport_fastrtps_cpp;rosidl_typesupport_introspection_cpp
[6.569s] -- Found geometry_msgs: 4.9.1 (/opt/ros/humble/share/geometry_msgs/cmake)
[6.581s] -- Found nav_msgs: 4.9.1 (/opt/ros/humble/share/nav_msgs/cmake)
[6.724s] -- Configuring done
[6.729s] -- Generating done
[6.731s] -- Build files have been written to: /home/fyp/FYP/aerogripper_ws/build/aerogripper_simulator
[6.737s] Invoked command in '/home/fyp/FYP/aerogripper_ws/build/aerogripper_simulator' returned '0': CMAKE_PREFIX_PATH=/opt/ros/humble /usr/bin/cmake /home/fyp/FYP/aerogripper_ws/src/aerogripper_simulator -DCMAKE_INSTALL_PREFIX=/home/fyp/FYP/aerogripper_ws/install/aerogripper_simulator
[6.739s] Invoking command in '/home/fyp/FYP/aerogripper_ws/build/aerogripper_simulator': CMAKE_PREFIX_PATH=/opt/ros/humble /usr/bin/cmake --build /home/fyp/FYP/aerogripper_ws/build/aerogripper_simulator -- -j32 -l32
[6.782s] Built target ament_cmake_python_copy_aerogripper_simulator
[6.951s] running egg_info
[6.952s] creating aerogripper_simulator.egg-info
[6.952s] writing aerogripper_simulator.egg-info/PKG-INFO
[6.952s] writing dependency_links to aerogripper_simulator.egg-info/dependency_links.txt
[6.952s] writing top-level names to aerogripper_simulator.egg-info/top_level.txt
[6.952s] writing manifest file 'aerogripper_simulator.egg-info/SOURCES.txt'
[6.954s] reading manifest file 'aerogripper_simulator.egg-info/SOURCES.txt'
[6.954s] writing manifest file 'aerogripper_simulator.egg-info/SOURCES.txt'
[6.974s] Built target ament_cmake_python_build_aerogripper_simulator_egg
[6.983s] Invoked command in '/home/fyp/FYP/aerogripper_ws/build/aerogripper_simulator' returned '0': CMAKE_PREFIX_PATH=/opt/ros/humble /usr/bin/cmake --build /home/fyp/FYP/aerogripper_ws/build/aerogripper_simulator -- -j32 -l32
[6.991s] Invoking command in '/home/fyp/FYP/aerogripper_ws/build/aerogripper_simulator': CMAKE_PREFIX_PATH=/opt/ros/humble /usr/bin/cmake --install /home/fyp/FYP/aerogripper_ws/build/aerogripper_simulator
[6.996s] -- Install configuration: ""
[6.997s] -- Installing: /home/fyp/FYP/aerogripper_ws/install/aerogripper_simulator/share/aerogripper_simulator/environment/pythonpath.sh
[6.997s] -- Installing: /home/fyp/FYP/aerogripper_ws/install/aerogripper_simulator/share/aerogripper_simulator/environment/pythonpath.dsv
[6.997s] -- Installing: /home/fyp/FYP/aerogripper_ws/install/aerogripper_simulator/local/lib/python3.10/dist-packages/aerogripper_simulator-0.1.0-py3.10.egg-info
[6.998s] -- Installing: /home/fyp/FYP/aerogripper_ws/install/aerogripper_simulator/local/lib/python3.10/dist-packages/aerogripper_simulator-0.1.0-py3.10.egg-info/PKG-INFO
[6.998s] -- Installing: /home/fyp/FYP/aerogripper_ws/install/aerogripper_simulator/local/lib/python3.10/dist-packages/aerogripper_simulator-0.1.0-py3.10.egg-info/SOURCES.txt
[6.998s] -- Installing: /home/fyp/FYP/aerogripper_ws/install/aerogripper_simulator/local/lib/python3.10/dist-packages/aerogripper_simulator-0.1.0-py3.10.egg-info/top_level.txt
[6.998s] -- Installing: /home/fyp/FYP/aerogripper_ws/install/aerogripper_simulator/local/lib/python3.10/dist-packages/aerogripper_simulator-0.1.0-py3.10.egg-info/dependency_links.txt
[6.998s] -- Installing: /home/fyp/FYP/aerogripper_ws/install/aerogripper_simulator/local/lib/python3.10/dist-packages/aerogripper_simulator
[6.999s] -- Installing: /home/fyp/FYP/aerogripper_ws/install/aerogripper_simulator/local/lib/python3.10/dist-packages/aerogripper_simulator/__init__.py
[6.999s] -- Installing: /home/fyp/FYP/aerogripper_ws/install/aerogripper_simulator/local/lib/python3.10/dist-packages/aerogripper_simulator/utils.py
[6.999s] -- Installing: /home/fyp/FYP/aerogripper_ws/install/aerogripper_simulator/local/lib/python3.10/dist-packages/aerogripper_simulator/px4_bridge.py
[6.999s] -- Installing: /home/fyp/FYP/aerogripper_ws/install/aerogripper_simulator/local/lib/python3.10/dist-packages/aerogripper_simulator/simulator.py
[7.028s] Listing '/home/fyp/FYP/aerogripper_ws/install/aerogripper_simulator/local/lib/python3.10/dist-packages/aerogripper_simulator'...
[7.028s] Compiling '/home/fyp/FYP/aerogripper_ws/install/aerogripper_simulator/local/lib/python3.10/dist-packages/aerogripper_simulator/__init__.py'...
[7.028s] Compiling '/home/fyp/FYP/aerogripper_ws/install/aerogripper_simulator/local/lib/python3.10/dist-packages/aerogripper_simulator/px4_bridge.py'...
[7.028s] Compiling '/home/fyp/FYP/aerogripper_ws/install/aerogripper_simulator/local/lib/python3.10/dist-packages/aerogripper_simulator/simulator.py'...
[7.028s] Compiling '/home/fyp/FYP/aerogripper_ws/install/aerogripper_simulator/local/lib/python3.10/dist-packages/aerogripper_simulator/utils.py'...
[7.032s] -- Installing: /home/fyp/FYP/aerogripper_ws/install/aerogripper_simulator/lib/aerogripper_simulator/simulator
[7.033s] -- Installing: /home/fyp/FYP/aerogripper_ws/install/aerogripper_simulator/lib/aerogripper_simulator/px4_bridge
[7.033s] -- Installing: /home/fyp/FYP/aerogripper_ws/install/aerogripper_simulator/lib/aerogripper_simulator/aerogripper_simulator/utils.py
[7.033s] -- Installing: /home/fyp/FYP/aerogripper_ws/install/aerogripper_simulator/share/aerogripper_simulator/config
[7.033s] -- Installing: /home/fyp/FYP/aerogripper_ws/install/aerogripper_simulator/share/aerogripper_simulator/config/simulator.yaml
[7.033s] -- Installing: /home/fyp/FYP/aerogripper_ws/install/aerogripper_simulator/share/aerogripper_simulator/launch
[7.033s] -- Installing: /home/fyp/FYP/aerogripper_ws/install/aerogripper_simulator/share/aerogripper_simulator/launch/simulator.launch.py
[7.034s] -- Installing: /home/fyp/FYP/aerogripper_ws/install/aerogripper_simulator/share/aerogripper_simulator/launch/simulator_with_bridge.launch.py
[7.034s] -- Installing: /home/fyp/FYP/aerogripper_ws/install/aerogripper_simulator/share/aerogripper_simulator/resource
[7.034s] -- Installing: /home/fyp/FYP/aerogripper_ws/install/aerogripper_simulator/share/aerogripper_simulator/resource/aerogripper_simulator
[7.034s] -- Installing: /home/fyp/FYP/aerogripper_ws/install/aerogripper_simulator/share/ament_index/resource_index/package_run_dependencies/aerogripper_simulator
[7.034s] -- Installing: /home/fyp/FYP/aerogripper_ws/install/aerogripper_simulator/share/ament_index/resource_index/parent_prefix_path/aerogripper_simulator
[7.034s] -- Installing: /home/fyp/FYP/aerogripper_ws/install/aerogripper_simulator/share/aerogripper_simulator/environment/ament_prefix_path.sh
[7.034s] -- Installing: /home/fyp/FYP/aerogripper_ws/install/aerogripper_simulator/share/aerogripper_simulator/environment/ament_prefix_path.dsv
[7.035s] -- Installing: /home/fyp/FYP/aerogripper_ws/install/aerogripper_simulator/share/aerogripper_simulator/environment/path.sh
[7.035s] -- Installing: /home/fyp/FYP/aerogripper_ws/install/aerogripper_simulator/share/aerogripper_simulator/environment/path.dsv
[7.035s] -- Installing: /home/fyp/FYP/aerogripper_ws/install/aerogripper_simulator/share/aerogripper_simulator/local_setup.bash
[7.035s] -- Installing: /home/fyp/FYP/aerogripper_ws/install/aerogripper_simulator/share/aerogripper_simulator/local_setup.sh
[7.035s] -- Installing: /home/fyp/FYP/aerogripper_ws/install/aerogripper_simulator/share/aerogripper_simulator/local_setup.zsh
[7.035s] -- Installing: /home/fyp/FYP/aerogripper_ws/install/aerogripper_simulator/share/aerogripper_simulator/local_setup.dsv
[7.035s] -- Installing: /home/fyp/FYP/aerogripper_ws/install/aerogripper_simulator/share/aerogripper_simulator/package.dsv
[7.035s] -- Installing: /home/fyp/FYP/aerogripper_ws/install/aerogripper_simulator/share/ament_index/resource_index/packages/aerogripper_simulator
[7.035s] -- Installing: /home/fyp/FYP/aerogripper_ws/install/aerogripper_simulator/share/aerogripper_simulator/cmake/aerogripper_simulatorConfig.cmake
[7.035s] -- Installing: /home/fyp/FYP/aerogripper_ws/install/aerogripper_simulator/share/aerogripper_simulator/cmake/aerogripper_simulatorConfig-version.cmake
[7.036s] -- Installing: /home/fyp/FYP/aerogripper_ws/install/aerogripper_simulator/share/aerogripper_simulator/package.xml
[7.037s] Invoked command in '/home/fyp/FYP/aerogripper_ws/build/aerogripper_simulator' returned '0': CMAKE_PREFIX_PATH=/opt/ros/humble /usr/bin/cmake --install /home/fyp/FYP/aerogripper_ws/build/aerogripper_simulator
