[0.689s] Invoking command in '/home/fyp/FYP/aerogripper_ws/build/aerogripper_control': AMENT_PREFIX_PATH=/home/fyp/FYP/aerogripper_ws/install/aerogripper_msgs:${AMENT_PREFIX_PATH} CMAKE_PREFIX_PATH=/home/fyp/FYP/aerogripper_ws/install/aerogripper_msgs:/opt/ros/humble LD_LIBRARY_PATH=/home/fyp/FYP/aerogripper_ws/install/aerogripper_msgs/lib:${LD_LIBRARY_PATH} PYTHONPATH=/home/fyp/FYP/aerogripper_ws/install/aerogripper_msgs/local/lib/python3.10/dist-packages:${PYTHONPATH} /usr/bin/cmake /home/fyp/FYP/aerogripper_ws/src/aerogripper_control -DCMAKE_INSTALL_PREFIX=/home/fyp/FYP/aerogripper_ws/install/aerogripper_control
[1.392s] -- The C compiler identification is GNU 11.4.0
[5.226s] -- The CXX compiler identification is GNU 11.4.0
[8.143s] -- Detecting C compiler ABI info
[8.709s] -- Detecting C compiler ABI info - done
[8.716s] -- Check for working C compiler: /usr/bin/cc - skipped
[8.716s] -- Detecting C compile features
[8.716s] -- Detecting C compile features - done
[8.719s] -- Detecting CXX compiler ABI info
[9.282s] -- Detecting CXX compiler ABI info - done
[9.288s] -- Check for working CXX compiler: /usr/bin/c++ - skipped
[9.289s] -- Detecting CXX compile features
[9.289s] -- Detecting CXX compile features - done
[9.292s] -- Found ament_cmake: 1.3.13 (/opt/ros/humble/share/ament_cmake/cmake)
[9.418s] -- Found Python3: /usr/bin/python3 (found version "3.10.12") found components: Interpreter 
[9.486s] -- Found rclcpp: 16.0.18 (/opt/ros/humble/share/rclcpp/cmake)
[10.264s] -- Found rosidl_generator_c: 3.1.8 (/opt/ros/humble/share/rosidl_generator_c/cmake)
[10.268s] -- Found rosidl_adapter: 3.1.8 (/opt/ros/humble/share/rosidl_adapter/cmake)
[10.275s] -- Found rosidl_generator_cpp: 3.1.8 (/opt/ros/humble/share/rosidl_generator_cpp/cmake)
[10.284s] -- Using all available rosidl_typesupport_c: rosidl_typesupport_fastrtps_c;rosidl_typesupport_introspection_c
[10.296s] -- Using all available rosidl_typesupport_cpp: rosidl_typesupport_fastrtps_cpp;rosidl_typesupport_introspection_cpp
[10.328s] -- Found rmw_implementation_cmake: 6.1.2 (/opt/ros/humble/share/rmw_implementation_cmake/cmake)
[10.330s] -- Found rmw_fastrtps_cpp: 6.2.10 (/opt/ros/humble/share/rmw_fastrtps_cpp/cmake)
[20.108s] -- Found OpenSSL: /usr/lib/x86_64-linux-gnu/libcrypto.so (found version "3.0.2")  
[29.809s] -- Found FastRTPS: /opt/ros/humble/include  
[50.364s] -- Using RMW implementation 'rmw_fastrtps_cpp' as default
[50.371s] -- Looking for pthread.h
[50.894s] -- Looking for pthread.h - found
[50.894s] -- Performing Test CMAKE_HAVE_LIBC_PTHREAD
[51.546s] -- Performing Test CMAKE_HAVE_LIBC_PTHREAD - Success
[51.547s] -- Found Threads: TRUE  
[60.573s] [31mCMake Error at CMakeLists.txt:6 (find_package):
[60.573s]   By not providing "Findpx4_msgs.cmake" in CMAKE_MODULE_PATH this project has
[60.573s]   asked CMake to find a package configuration file provided by "px4_msgs",
[60.573s]   but CMake did not find one.
[60.573s] 
[60.573s]   Could not find a package configuration file provided by "px4_msgs" with any
[60.573s]   of the following names:
[60.573s] 
[60.573s]     px4_msgsConfig.cmake
[60.574s]     px4_msgs-config.cmake
[60.574s] 
[60.574s]   Add the installation prefix of "px4_msgs" to CMAKE_PREFIX_PATH or set
[60.574s]   "px4_msgs_DIR" to a directory containing one of the above files.  If
[60.574s]   "px4_msgs" provides a separate development package or SDK, be sure it has
[60.574s]   been installed.
[60.574s] 
[60.574s] [0m
[60.574s] -- Configuring incomplete, errors occurred!
[60.574s] See also "/home/fyp/FYP/aerogripper_ws/build/aerogripper_control/CMakeFiles/CMakeOutput.log".
[60.585s] Invoked command in '/home/fyp/FYP/aerogripper_ws/build/aerogripper_control' returned '1': AMENT_PREFIX_PATH=/home/fyp/FYP/aerogripper_ws/install/aerogripper_msgs:${AMENT_PREFIX_PATH} CMAKE_PREFIX_PATH=/home/fyp/FYP/aerogripper_ws/install/aerogripper_msgs:/opt/ros/humble LD_LIBRARY_PATH=/home/fyp/FYP/aerogripper_ws/install/aerogripper_msgs/lib:${LD_LIBRARY_PATH} PYTHONPATH=/home/fyp/FYP/aerogripper_ws/install/aerogripper_msgs/local/lib/python3.10/dist-packages:${PYTHONPATH} /usr/bin/cmake /home/fyp/FYP/aerogripper_ws/src/aerogripper_control -DCMAKE_INSTALL_PREFIX=/home/fyp/FYP/aerogripper_ws/install/aerogripper_control
