Built target ament_cmake_python_copy_aerogripper_simulator
running egg_info
writing aerogripper_simulator.egg-info/PKG-INFO
writing dependency_links to aerogripper_simulator.egg-info/dependency_links.txt
writing top-level names to aerogripper_simulator.egg-info/top_level.txt
reading manifest file 'aerogripper_simulator.egg-info/SOURCES.txt'
writing manifest file 'aerogripper_simulator.egg-info/SOURCES.txt'
Built target ament_cmake_python_build_aerogripper_simulator_egg
-- Install configuration: ""
-- Up-to-date: /home/fyp/FYP/aerogripper_ws/install/aerogripper_simulator/share/aerogripper_simulator/environment/pythonpath.sh
-- Up-to-date: /home/fyp/FYP/aerogripper_ws/install/aerogripper_simulator/share/aerogripper_simulator/environment/pythonpath.dsv
-- Up-to-date: /home/fyp/FYP/aerogripper_ws/install/aerogripper_simulator/local/lib/python3.10/dist-packages/aerogripper_simulator-0.1.0-py3.10.egg-info
-- Installing: /home/fyp/FYP/aerogripper_ws/install/aerogripper_simulator/local/lib/python3.10/dist-packages/aerogripper_simulator-0.1.0-py3.10.egg-info/PKG-INFO
-- Installing: /home/fyp/FYP/aerogripper_ws/install/aerogripper_simulator/local/lib/python3.10/dist-packages/aerogripper_simulator-0.1.0-py3.10.egg-info/SOURCES.txt
-- Installing: /home/fyp/FYP/aerogripper_ws/install/aerogripper_simulator/local/lib/python3.10/dist-packages/aerogripper_simulator-0.1.0-py3.10.egg-info/top_level.txt
-- Installing: /home/fyp/FYP/aerogripper_ws/install/aerogripper_simulator/local/lib/python3.10/dist-packages/aerogripper_simulator-0.1.0-py3.10.egg-info/dependency_links.txt
-- Up-to-date: /home/fyp/FYP/aerogripper_ws/install/aerogripper_simulator/local/lib/python3.10/dist-packages/aerogripper_simulator
-- Up-to-date: /home/fyp/FYP/aerogripper_ws/install/aerogripper_simulator/local/lib/python3.10/dist-packages/aerogripper_simulator/__init__.py
-- Up-to-date: /home/fyp/FYP/aerogripper_ws/install/aerogripper_simulator/local/lib/python3.10/dist-packages/aerogripper_simulator/utils.py
-- Up-to-date: /home/fyp/FYP/aerogripper_ws/install/aerogripper_simulator/local/lib/python3.10/dist-packages/aerogripper_simulator/px4_bridge.py
-- Up-to-date: /home/fyp/FYP/aerogripper_ws/install/aerogripper_simulator/local/lib/python3.10/dist-packages/aerogripper_simulator/simulator.py
Listing '/home/fyp/FYP/aerogripper_ws/install/aerogripper_simulator/local/lib/python3.10/dist-packages/aerogripper_simulator'...
-- Up-to-date: /home/fyp/FYP/aerogripper_ws/install/aerogripper_simulator/lib/aerogripper_simulator/simulator
-- Up-to-date: /home/fyp/FYP/aerogripper_ws/install/aerogripper_simulator/lib/aerogripper_simulator/px4_bridge
-- Up-to-date: /home/fyp/FYP/aerogripper_ws/install/aerogripper_simulator/lib/aerogripper_simulator/aerogripper_simulator/utils.py
-- Up-to-date: /home/fyp/FYP/aerogripper_ws/install/aerogripper_simulator/share/aerogripper_simulator/config
-- Up-to-date: /home/fyp/FYP/aerogripper_ws/install/aerogripper_simulator/share/aerogripper_simulator/config/simulator.yaml
-- Installing: /home/fyp/FYP/aerogripper_ws/install/aerogripper_simulator/share/aerogripper_simulator/config/simulator.rviz
-- Up-to-date: /home/fyp/FYP/aerogripper_ws/install/aerogripper_simulator/share/aerogripper_simulator/launch
-- Up-to-date: /home/fyp/FYP/aerogripper_ws/install/aerogripper_simulator/share/aerogripper_simulator/launch/simulator.launch.py
-- Installing: /home/fyp/FYP/aerogripper_ws/install/aerogripper_simulator/share/aerogripper_simulator/launch/simulator_with_bridge.launch.py
-- Up-to-date: /home/fyp/FYP/aerogripper_ws/install/aerogripper_simulator/share/aerogripper_simulator/resource
-- Up-to-date: /home/fyp/FYP/aerogripper_ws/install/aerogripper_simulator/share/aerogripper_simulator/resource/aerogripper_simulator
-- Up-to-date: /home/fyp/FYP/aerogripper_ws/install/aerogripper_simulator/share/ament_index/resource_index/package_run_dependencies/aerogripper_simulator
-- Up-to-date: /home/fyp/FYP/aerogripper_ws/install/aerogripper_simulator/share/ament_index/resource_index/parent_prefix_path/aerogripper_simulator
-- Up-to-date: /home/fyp/FYP/aerogripper_ws/install/aerogripper_simulator/share/aerogripper_simulator/environment/ament_prefix_path.sh
-- Up-to-date: /home/fyp/FYP/aerogripper_ws/install/aerogripper_simulator/share/aerogripper_simulator/environment/ament_prefix_path.dsv
-- Up-to-date: /home/fyp/FYP/aerogripper_ws/install/aerogripper_simulator/share/aerogripper_simulator/environment/path.sh
-- Up-to-date: /home/fyp/FYP/aerogripper_ws/install/aerogripper_simulator/share/aerogripper_simulator/environment/path.dsv
-- Up-to-date: /home/fyp/FYP/aerogripper_ws/install/aerogripper_simulator/share/aerogripper_simulator/local_setup.bash
-- Up-to-date: /home/fyp/FYP/aerogripper_ws/install/aerogripper_simulator/share/aerogripper_simulator/local_setup.sh
-- Up-to-date: /home/fyp/FYP/aerogripper_ws/install/aerogripper_simulator/share/aerogripper_simulator/local_setup.zsh
-- Up-to-date: /home/fyp/FYP/aerogripper_ws/install/aerogripper_simulator/share/aerogripper_simulator/local_setup.dsv
-- Installing: /home/fyp/FYP/aerogripper_ws/install/aerogripper_simulator/share/aerogripper_simulator/package.dsv
-- Up-to-date: /home/fyp/FYP/aerogripper_ws/install/aerogripper_simulator/share/ament_index/resource_index/packages/aerogripper_simulator
-- Up-to-date: /home/fyp/FYP/aerogripper_ws/install/aerogripper_simulator/share/aerogripper_simulator/cmake/aerogripper_simulatorConfig.cmake
-- Up-to-date: /home/fyp/FYP/aerogripper_ws/install/aerogripper_simulator/share/aerogripper_simulator/cmake/aerogripper_simulatorConfig-version.cmake
-- Up-to-date: /home/fyp/FYP/aerogripper_ws/install/aerogripper_simulator/share/aerogripper_simulator/package.xml
