[35m[1mConsolidate compiler generated dependencies of target motor_test_node[0m
[35m[1mConsolidate compiler generated dependencies of target aerogripper_control_lib[0m
[ 20%] Built target motor_test_node
[ 50%] Built target aerogripper_control_lib
[35m[1mConsolidate compiler generated dependencies of target test_integration[0m
[35m[1mConsolidate compiler generated dependencies of target aerogripper_control_node[0m
[ 70%] Built target test_integration
[ 80%] [32mBuilding CXX object CMakeFiles/aerogripper_control_node.dir/src/pose_controller.cpp.o[0m
[ 90%] [32m[1mLinking CXX executable aerogripper_control_node[0m
[100%] Built target aerogripper_control_node
-- Install configuration: ""
-- Installing: /home/fyp/FYP/aerogripper_ws/install/aerogripper_control/lib/aerogripper_control/aerogripper_control_node
-- Set runtime path of "/home/fyp/FYP/aerogripper_ws/install/aerogripper_control/lib/aerogripper_control/aerogripper_control_node" to ""
-- Installing: /home/fyp/FYP/aerogripper_ws/install/aerogripper_control/lib/aerogripper_control/test_integration
-- Set runtime path of "/home/fyp/FYP/aerogripper_ws/install/aerogripper_control/lib/aerogripper_control/test_integration" to ""
-- Installing: /home/fyp/FYP/aerogripper_ws/install/aerogripper_control/lib/aerogripper_control/libaerogripper_control_lib.a
-- Installing: /home/fyp/FYP/aerogripper_ws/install/aerogripper_control/lib/aerogripper_control/motor_test_node
-- Set runtime path of "/home/fyp/FYP/aerogripper_ws/install/aerogripper_control/lib/aerogripper_control/motor_test_node" to ""
-- Installing: /home/fyp/FYP/aerogripper_ws/install/aerogripper_control/share/aerogripper_control/launch
-- Installing: /home/fyp/FYP/aerogripper_ws/install/aerogripper_control/share/aerogripper_control/launch/test.launch.py
-- Installing: /home/fyp/FYP/aerogripper_ws/install/aerogripper_control/share/aerogripper_control/config
-- Installing: /home/fyp/FYP/aerogripper_ws/install/aerogripper_control/share/aerogripper_control/config/config.yaml
-- Installing: /home/fyp/FYP/aerogripper_ws/install/aerogripper_control/share/aerogripper_control/config/README_yaw_weight.md
-- Installing: /home/fyp/FYP/aerogripper_ws/install/aerogripper_control/share/aerogripper_control/config/controller_params.yaml
-- Installing: /home/fyp/FYP/aerogripper_ws/install/aerogripper_control/share/aerogripper_control/config/README_params.md
-- Installing: /home/fyp/FYP/aerogripper_ws/install/aerogripper_control/share/ament_index/resource_index/package_run_dependencies/aerogripper_control
-- Installing: /home/fyp/FYP/aerogripper_ws/install/aerogripper_control/share/ament_index/resource_index/parent_prefix_path/aerogripper_control
-- Installing: /home/fyp/FYP/aerogripper_ws/install/aerogripper_control/share/aerogripper_control/environment/ament_prefix_path.sh
-- Installing: /home/fyp/FYP/aerogripper_ws/install/aerogripper_control/share/aerogripper_control/environment/ament_prefix_path.dsv
-- Installing: /home/fyp/FYP/aerogripper_ws/install/aerogripper_control/share/aerogripper_control/environment/path.sh
-- Installing: /home/fyp/FYP/aerogripper_ws/install/aerogripper_control/share/aerogripper_control/environment/path.dsv
-- Installing: /home/fyp/FYP/aerogripper_ws/install/aerogripper_control/share/aerogripper_control/local_setup.bash
-- Installing: /home/fyp/FYP/aerogripper_ws/install/aerogripper_control/share/aerogripper_control/local_setup.sh
-- Installing: /home/fyp/FYP/aerogripper_ws/install/aerogripper_control/share/aerogripper_control/local_setup.zsh
-- Installing: /home/fyp/FYP/aerogripper_ws/install/aerogripper_control/share/aerogripper_control/local_setup.dsv
-- Installing: /home/fyp/FYP/aerogripper_ws/install/aerogripper_control/share/aerogripper_control/package.dsv
-- Installing: /home/fyp/FYP/aerogripper_ws/install/aerogripper_control/share/ament_index/resource_index/packages/aerogripper_control
-- Installing: /home/fyp/FYP/aerogripper_ws/install/aerogripper_control/share/aerogripper_control/cmake/aerogripper_controlConfig.cmake
-- Installing: /home/fyp/FYP/aerogripper_ws/install/aerogripper_control/share/aerogripper_control/cmake/aerogripper_controlConfig-version.cmake
-- Installing: /home/fyp/FYP/aerogripper_ws/install/aerogripper_control/share/aerogripper_control/package.xml
