-- Found ament_cmake: 1.3.13 (/opt/ros/humble/share/ament_cmake/cmake)
-- Found rclcpp: 16.0.18 (/opt/ros/humble/share/rclcpp/cmake)
-- Found rosidl_generator_c: 3.1.8 (/opt/ros/humble/share/rosidl_generator_c/cmake)
-- Found rosidl_adapter: 3.1.8 (/opt/ros/humble/share/rosidl_adapter/cmake)
-- Found rosidl_generator_cpp: 3.1.8 (/opt/ros/humble/share/rosidl_generator_cpp/cmake)
-- Using all available rosidl_typesupport_c: rosidl_typesupport_fastrtps_c;rosidl_typesupport_introspection_c
-- Using all available rosidl_typesupport_cpp: rosidl_typesupport_fastrtps_cpp;rosidl_typesupport_introspection_cpp
-- Found rmw_implementation_cmake: 6.1.2 (/opt/ros/humble/share/rmw_implementation_cmake/cmake)
-- Found rmw_fastrtps_cpp: 6.2.10 (/opt/ros/humble/share/rmw_fastrtps_cpp/cmake)
-- Using RMW implementation 'rmw_fastrtps_cpp' as default
-- Found px4_msgs: 2.0.1 (/home/fyp/FYP/px4_ws/install/px4_msgs/share/px4_msgs/cmake)
-- Found geometry_msgs: 4.9.1 (/opt/ros/humble/share/geometry_msgs/cmake)
-- Found eigen3_cmake_module: 0.1.1 (/opt/ros/humble/share/eigen3_cmake_module/cmake)
-- Found Eigen3: TRUE (found version "3.4.0") 
-- Found aerogripper_msgs: 0.0.0 (/home/fyp/FYP/aerogripper_ws/install/aerogripper_msgs/share/aerogripper_msgs/cmake)
-- Configuring done
-- Generating done
-- Build files have been written to: /home/fyp/FYP/aerogripper_ws/build/aerogripper_control
[ 30%] [32mBuilding CXX object CMakeFiles/motor_test_node.dir/src/motor_test.cpp.o[0m
[ 30%] [32mBuilding CXX object CMakeFiles/aerogripper_control_lib.dir/src/mixer.cpp.o[0m
[ 30%] [32mBuilding CXX object CMakeFiles/aerogripper_control_lib.dir/src/tether_observer.cpp.o[0m
[ 40%] [32m[1mLinking CXX executable motor_test_node[0m
[ 40%] Built target motor_test_node
[ 50%] [32m[1mLinking CXX static library libaerogripper_control_lib.a[0m
[ 50%] Built target aerogripper_control_lib
[ 70%] [32mBuilding CXX object CMakeFiles/aerogripper_control_node.dir/src/main.cpp.o[0m
[ 70%] [32mBuilding CXX object CMakeFiles/test_integration.dir/test_integration.cpp.o[0m
[ 80%] [32mBuilding CXX object CMakeFiles/aerogripper_control_node.dir/src/pose_controller.cpp.o[0m
[ 90%] [32m[1mLinking CXX executable test_integration[0m
[ 90%] Built target test_integration
