[0.014s] Invoking command in '/home/fyp/FYP/aerogripper_ws/build/aerogripper_simulator': CMAKE_PREFIX_PATH=${CMAKE_PREFIX_PATH}:/opt/ros/humble /usr/bin/cmake --build /home/fyp/FYP/aerogripper_ws/build/aerogripper_simulator -- -j32 -l32
[0.063s] Built target ament_cmake_python_copy_aerogripper_simulator
[0.262s] running egg_info
[0.263s] writing aerogripper_simulator.egg-info/PKG-INFO
[0.263s] writing dependency_links to aerogripper_simulator.egg-info/dependency_links.txt
[0.263s] writing top-level names to aerogripper_simulator.egg-info/top_level.txt
[0.265s] reading manifest file 'aerogripper_simulator.egg-info/SOURCES.txt'
[0.265s] writing manifest file 'aerogripper_simulator.egg-info/SOURCES.txt'
[0.288s] Built target ament_cmake_python_build_aerogripper_simulator_egg
[0.297s] Invoked command in '/home/fyp/FYP/aerogripper_ws/build/aerogripper_simulator' returned '0': CMAKE_PREFIX_PATH=${CMAKE_PREFIX_PATH}:/opt/ros/humble /usr/bin/cmake --build /home/fyp/FYP/aerogripper_ws/build/aerogripper_simulator -- -j32 -l32
[0.306s] Invoking command in '/home/fyp/FYP/aerogripper_ws/build/aerogripper_simulator': CMAKE_PREFIX_PATH=${CMAKE_PREFIX_PATH}:/opt/ros/humble /usr/bin/cmake --install /home/fyp/FYP/aerogripper_ws/build/aerogripper_simulator
[0.312s] -- Install configuration: ""
[0.312s] -- Up-to-date: /home/fyp/FYP/aerogripper_ws/install/aerogripper_simulator/share/aerogripper_simulator/environment/pythonpath.sh
[0.312s] -- Up-to-date: /home/fyp/FYP/aerogripper_ws/install/aerogripper_simulator/share/aerogripper_simulator/environment/pythonpath.dsv
[0.312s] -- Up-to-date: /home/fyp/FYP/aerogripper_ws/install/aerogripper_simulator/local/lib/python3.10/dist-packages/aerogripper_simulator-0.1.0-py3.10.egg-info
[0.313s] -- Installing: /home/fyp/FYP/aerogripper_ws/install/aerogripper_simulator/local/lib/python3.10/dist-packages/aerogripper_simulator-0.1.0-py3.10.egg-info/PKG-INFO
[0.313s] -- Installing: /home/fyp/FYP/aerogripper_ws/install/aerogripper_simulator/local/lib/python3.10/dist-packages/aerogripper_simulator-0.1.0-py3.10.egg-info/SOURCES.txt
[0.313s] -- Installing: /home/fyp/FYP/aerogripper_ws/install/aerogripper_simulator/local/lib/python3.10/dist-packages/aerogripper_simulator-0.1.0-py3.10.egg-info/top_level.txt
[0.313s] -- Installing: /home/fyp/FYP/aerogripper_ws/install/aerogripper_simulator/local/lib/python3.10/dist-packages/aerogripper_simulator-0.1.0-py3.10.egg-info/dependency_links.txt
[0.313s] -- Up-to-date: /home/fyp/FYP/aerogripper_ws/install/aerogripper_simulator/local/lib/python3.10/dist-packages/aerogripper_simulator
[0.313s] -- Up-to-date: /home/fyp/FYP/aerogripper_ws/install/aerogripper_simulator/local/lib/python3.10/dist-packages/aerogripper_simulator/__init__.py
[0.313s] -- Up-to-date: /home/fyp/FYP/aerogripper_ws/install/aerogripper_simulator/local/lib/python3.10/dist-packages/aerogripper_simulator/utils.py
[0.313s] -- Installing: /home/fyp/FYP/aerogripper_ws/install/aerogripper_simulator/local/lib/python3.10/dist-packages/aerogripper_simulator/px4_bridge.py
[0.314s] -- Up-to-date: /home/fyp/FYP/aerogripper_ws/install/aerogripper_simulator/local/lib/python3.10/dist-packages/aerogripper_simulator/simulator.py
[0.346s] Listing '/home/fyp/FYP/aerogripper_ws/install/aerogripper_simulator/local/lib/python3.10/dist-packages/aerogripper_simulator'...
[0.346s] Compiling '/home/fyp/FYP/aerogripper_ws/install/aerogripper_simulator/local/lib/python3.10/dist-packages/aerogripper_simulator/px4_bridge.py'...
[0.350s] -- Up-to-date: /home/fyp/FYP/aerogripper_ws/install/aerogripper_simulator/lib/aerogripper_simulator/simulator
[0.351s] -- Installing: /home/fyp/FYP/aerogripper_ws/install/aerogripper_simulator/lib/aerogripper_simulator/px4_bridge
[0.351s] -- Up-to-date: /home/fyp/FYP/aerogripper_ws/install/aerogripper_simulator/lib/aerogripper_simulator/aerogripper_simulator/utils.py
[0.351s] -- Up-to-date: /home/fyp/FYP/aerogripper_ws/install/aerogripper_simulator/share/aerogripper_simulator/config
[0.351s] -- Up-to-date: /home/fyp/FYP/aerogripper_ws/install/aerogripper_simulator/share/aerogripper_simulator/config/simulator.yaml
[0.351s] -- Up-to-date: /home/fyp/FYP/aerogripper_ws/install/aerogripper_simulator/share/aerogripper_simulator/launch
[0.351s] -- Up-to-date: /home/fyp/FYP/aerogripper_ws/install/aerogripper_simulator/share/aerogripper_simulator/launch/simulator.launch.py
[0.351s] -- Up-to-date: /home/fyp/FYP/aerogripper_ws/install/aerogripper_simulator/share/aerogripper_simulator/launch/simulator_with_bridge.launch.py
[0.351s] -- Up-to-date: /home/fyp/FYP/aerogripper_ws/install/aerogripper_simulator/share/aerogripper_simulator/resource
[0.351s] -- Up-to-date: /home/fyp/FYP/aerogripper_ws/install/aerogripper_simulator/share/aerogripper_simulator/resource/aerogripper_simulator
[0.352s] -- Up-to-date: /home/fyp/FYP/aerogripper_ws/install/aerogripper_simulator/share/ament_index/resource_index/package_run_dependencies/aerogripper_simulator
[0.352s] -- Up-to-date: /home/fyp/FYP/aerogripper_ws/install/aerogripper_simulator/share/ament_index/resource_index/parent_prefix_path/aerogripper_simulator
[0.352s] -- Up-to-date: /home/fyp/FYP/aerogripper_ws/install/aerogripper_simulator/share/aerogripper_simulator/environment/ament_prefix_path.sh
[0.352s] -- Up-to-date: /home/fyp/FYP/aerogripper_ws/install/aerogripper_simulator/share/aerogripper_simulator/environment/ament_prefix_path.dsv
[0.353s] -- Up-to-date: /home/fyp/FYP/aerogripper_ws/install/aerogripper_simulator/share/aerogripper_simulator/environment/path.sh
[0.353s] -- Up-to-date: /home/fyp/FYP/aerogripper_ws/install/aerogripper_simulator/share/aerogripper_simulator/environment/path.dsv
[0.353s] -- Up-to-date: /home/fyp/FYP/aerogripper_ws/install/aerogripper_simulator/share/aerogripper_simulator/local_setup.bash
[0.353s] -- Up-to-date: /home/fyp/FYP/aerogripper_ws/install/aerogripper_simulator/share/aerogripper_simulator/local_setup.sh
[0.353s] -- Up-to-date: /home/fyp/FYP/aerogripper_ws/install/aerogripper_simulator/share/aerogripper_simulator/local_setup.zsh
[0.353s] -- Up-to-date: /home/fyp/FYP/aerogripper_ws/install/aerogripper_simulator/share/aerogripper_simulator/local_setup.dsv
[0.354s] -- Installing: /home/fyp/FYP/aerogripper_ws/install/aerogripper_simulator/share/aerogripper_simulator/package.dsv
[0.354s] -- Up-to-date: /home/fyp/FYP/aerogripper_ws/install/aerogripper_simulator/share/ament_index/resource_index/packages/aerogripper_simulator
[0.354s] -- Up-to-date: /home/fyp/FYP/aerogripper_ws/install/aerogripper_simulator/share/aerogripper_simulator/cmake/aerogripper_simulatorConfig.cmake
[0.354s] -- Up-to-date: /home/fyp/FYP/aerogripper_ws/install/aerogripper_simulator/share/aerogripper_simulator/cmake/aerogripper_simulatorConfig-version.cmake
[0.354s] -- Up-to-date: /home/fyp/FYP/aerogripper_ws/install/aerogripper_simulator/share/aerogripper_simulator/package.xml
[0.355s] Invoked command in '/home/fyp/FYP/aerogripper_ws/build/aerogripper_simulator' returned '0': CMAKE_PREFIX_PATH=${CMAKE_PREFIX_PATH}:/opt/ros/humble /usr/bin/cmake --install /home/fyp/FYP/aerogripper_ws/build/aerogripper_simulator
