[0.406s] Invoking command in '/home/fyp/FYP/aerogripper_ws/build/aerogripper_control': CMAKE_PREFIX_PATH=/home/fyp/FYP/aerogripper_ws/install/aerogripper_msgs:/home/fyp/FYP/aerogripper_ws/install/aerogripper_simulator:/home/fyp/FYP/aerogripper_ws/install/aerogripper_control:/home/fyp/FYP/px4_ws/install/px4_ros_com:/home/fyp/FYP/px4_ws/install/px4_msgs:/opt/ros/humble /usr/bin/cmake --build /home/fyp/FYP/aerogripper_ws/build/aerogripper_control -- -j32 -l32
[0.452s] [ 30%] Built target motor_test_node
[0.452s] [ 30%] [32mBuilding CXX object CMakeFiles/aerogripper_control_lib.dir/src/mixer.cpp.o[0m
[1.364s] [01m[K/home/fyp/FYP/aerogripper_ws/src/aerogripper_control/src/mixer.cpp:[m[K In constructor ‘[01m[KMixer::Mixer()[m[K’:
[1.364s] [01m[K/home/fyp/FYP/aerogripper_ws/src/aerogripper_control/src/mixer.cpp:18:5:[m[K [01;31m[Kerror: [m[K‘[01m[Kthrottle_threshold_[m[K’ was not declared in this scope; did you mean ‘[01m[Kthrottle2thrust[m[K’?
[1.364s]    18 |     [01;31m[Kthrottle_threshold_[m[K = 1.0; // 默认给最大，防止初始化时锁死
[1.364s]       |     [01;31m[K^~~~~~~~~~~~~~~~~~~[m[K
[1.364s]       |     [32m[Kthrottle2thrust[m[K
[1.364s] [01m[K/home/fyp/FYP/aerogripper_ws/src/aerogripper_control/src/mixer.cpp:[m[K At global scope:
[1.364s] [01m[K/home/fyp/FYP/aerogripper_ws/src/aerogripper_control/src/mixer.cpp:25:6:[m[K [01;31m[Kerror: [m[Kno declaration matches ‘[01m[Kvoid Mixer::set_params(double, double, double, double, double, double, double, double, double)[m[K’
[1.364s]    25 | void [01;31m[KMixer[m[K::set_params(double thrust_arm_length, double gravity_arm_length,
[1.365s]       |      [01;31m[K^~~~~[m[K
[1.365s] In file included from [01m[K/home/fyp/FYP/aerogripper_ws/src/aerogripper_control/src/mixer.cpp:1[m[K:
[1.365s] [01m[K/home/fyp/FYP/aerogripper_ws/src/aerogripper_control/include/mixer.h:15:10:[m[K [01;36m[Knote: [m[Kcandidate is: ‘[01m[Kvoid Mixer::set_params(double, double, double, double, double, double, double, double)[m[K’
[1.365s]    15 |     void [01;36m[Kset_params[m[K(double thrust_arm_length, double gravity_arm_length,
[1.365s]       |          [01;36m[K^~~~~~~~~~[m[K
[1.365s] [01m[K/home/fyp/FYP/aerogripper_ws/src/aerogripper_control/include/mixer.h:9:7:[m[K [01;36m[Knote: [m[K‘[01m[Kclass Mixer[m[K’ defined here
[1.365s]     9 | class [01;36m[KMixer[m[K
[1.365s]       |       [01;36m[K^~~~~[m[K
[1.559s] [01m[K/home/fyp/FYP/aerogripper_ws/src/aerogripper_control/src/mixer.cpp:[m[K In member function ‘[01m[KEigen::Matrix<double, 4, 1> Mixer::thrust2throttle(const Eigen::Matrix<double, 4, 1>&) const[m[K’:
[1.559s] [01m[K/home/fyp/FYP/aerogripper_ws/src/aerogripper_control/src/mixer.cpp:170:27:[m[K [01;31m[Kerror: [m[K‘[01m[Kthrottle_threshold_[m[K’ was not declared in this scope; did you mean ‘[01m[Kthrottle2thrust[m[K’?
[1.559s]   170 |         if (throttle(i) > [01;31m[Kthrottle_threshold_[m[K) {
[1.559s]       |                           [01;31m[K^~~~~~~~~~~~~~~~~~~[m[K
[1.559s]       |                           [32m[Kthrottle2thrust[m[K
[5.879s] gmake[2]: *** [CMakeFiles/aerogripper_control_lib.dir/build.make:76: CMakeFiles/aerogripper_control_lib.dir/src/mixer.cpp.o] Error 1
[5.879s] gmake[1]: *** [CMakeFiles/Makefile2:143: CMakeFiles/aerogripper_control_lib.dir/all] Error 2
[5.879s] gmake: *** [Makefile:146: all] Error 2
[5.881s] Invoked command in '/home/fyp/FYP/aerogripper_ws/build/aerogripper_control' returned '2': CMAKE_PREFIX_PATH=/home/fyp/FYP/aerogripper_ws/install/aerogripper_msgs:/home/fyp/FYP/aerogripper_ws/install/aerogripper_simulator:/home/fyp/FYP/aerogripper_ws/install/aerogripper_control:/home/fyp/FYP/px4_ws/install/px4_ros_com:/home/fyp/FYP/px4_ws/install/px4_msgs:/opt/ros/humble /usr/bin/cmake --build /home/fyp/FYP/aerogripper_ws/build/aerogripper_control -- -j32 -l32
