[0.513s] Invoking command in '/home/fyp/FYP/aerogripper_ws/build/aerogripper_control': AMENT_PREFIX_PATH=/home/fyp/FYP/aerogripper_ws/install/aerogripper_msgs:${AMENT_PREFIX_PATH} CMAKE_PREFIX_PATH=/home/fyp/FYP/aerogripper_ws/install/aerogripper_msgs:/opt/ros/humble LD_LIBRARY_PATH=/home/fyp/FYP/aerogripper_ws/install/aerogripper_msgs/lib:${LD_LIBRARY_PATH} PYTHONPATH=/home/fyp/FYP/aerogripper_ws/install/aerogripper_msgs/local/lib/python3.10/dist-packages:${PYTHONPATH} /usr/bin/cmake /home/fyp/FYP/aerogripper_ws/src/aerogripper_control -DCMAKE_INSTALL_PREFIX=/home/fyp/FYP/aerogripper_ws/install/aerogripper_control
[0.528s] -- Found ament_cmake: 1.3.13 (/opt/ros/humble/share/ament_cmake/cmake)
[0.642s] -- Found rclcpp: 16.0.18 (/opt/ros/humble/share/rclcpp/cmake)
[1.377s] -- Found rosidl_generator_c: 3.1.8 (/opt/ros/humble/share/rosidl_generator_c/cmake)
[1.380s] -- Found rosidl_adapter: 3.1.8 (/opt/ros/humble/share/rosidl_adapter/cmake)
[1.386s] -- Found rosidl_generator_cpp: 3.1.8 (/opt/ros/humble/share/rosidl_generator_cpp/cmake)
[1.393s] -- Using all available rosidl_typesupport_c: rosidl_typesupport_fastrtps_c;rosidl_typesupport_introspection_c
[1.403s] -- Using all available rosidl_typesupport_cpp: rosidl_typesupport_fastrtps_cpp;rosidl_typesupport_introspection_cpp
[1.428s] -- Found rmw_implementation_cmake: 6.1.2 (/opt/ros/humble/share/rmw_implementation_cmake/cmake)
[1.429s] -- Found rmw_fastrtps_cpp: 6.2.10 (/opt/ros/humble/share/rmw_fastrtps_cpp/cmake)
[33.626s] -- Using RMW implementation 'rmw_fastrtps_cpp' as default
[41.176s] [31mCMake Error at CMakeLists.txt:6 (find_package):
[41.176s]   By not providing "Findpx4_msgs.cmake" in CMAKE_MODULE_PATH this project has
[41.176s]   asked CMake to find a package configuration file provided by "px4_msgs",
[41.176s]   but CMake did not find one.
[41.176s] 
[41.176s]   Could not find a package configuration file provided by "px4_msgs" with any
[41.176s]   of the following names:
[41.176s] 
[41.176s]     px4_msgsConfig.cmake
[41.176s]     px4_msgs-config.cmake
[41.176s] 
[41.176s]   Add the installation prefix of "px4_msgs" to CMAKE_PREFIX_PATH or set
[41.176s]   "px4_msgs_DIR" to a directory containing one of the above files.  If
[41.176s]   "px4_msgs" provides a separate development package or SDK, be sure it has
[41.176s]   been installed.
[41.176s] 
[41.176s] [0m
[41.176s] -- Configuring incomplete, errors occurred!
[41.176s] See also "/home/fyp/FYP/aerogripper_ws/build/aerogripper_control/CMakeFiles/CMakeOutput.log".
[41.182s] Invoked command in '/home/fyp/FYP/aerogripper_ws/build/aerogripper_control' returned '1': AMENT_PREFIX_PATH=/home/fyp/FYP/aerogripper_ws/install/aerogripper_msgs:${AMENT_PREFIX_PATH} CMAKE_PREFIX_PATH=/home/fyp/FYP/aerogripper_ws/install/aerogripper_msgs:/opt/ros/humble LD_LIBRARY_PATH=/home/fyp/FYP/aerogripper_ws/install/aerogripper_msgs/lib:${LD_LIBRARY_PATH} PYTHONPATH=/home/fyp/FYP/aerogripper_ws/install/aerogripper_msgs/local/lib/python3.10/dist-packages:${PYTHONPATH} /usr/bin/cmake /home/fyp/FYP/aerogripper_ws/src/aerogripper_control -DCMAKE_INSTALL_PREFIX=/home/fyp/FYP/aerogripper_ws/install/aerogripper_control
