[0.561s] DEBUG:colcon:Command line arguments: ['/usr/bin/colcon', 'build', '--packages-select', 'aerogripper_control', 'aerogripper_simulator']
[0.561s] DEBUG:colcon:Parsed command line arguments: Namespace(log_base=None, log_level=None, verb_name='build', build_base='build', install_base='install', merge_install=False, symlink_install=False, test_result_base=None, continue_on_error=False, executor='parallel', parallel_workers=32, event_handlers=None, ignore_user_meta=False, metas=['./colcon.meta'], base_paths=['.'], packages_ignore=None, packages_ignore_regex=None, paths=None, packages_up_to=None, packages_up_to_regex=None, packages_above=None, packages_above_and_dependencies=None, packages_above_depth=None, packages_select_by_dep=None, packages_skip_by_dep=None, packages_skip_up_to=None, packages_select_build_failed=False, packages_skip_build_finished=False, packages_select_test_failures=False, packages_skip_test_passed=False, packages_select=['aerogripper_control', 'aerogripper_simulator'], packages_skip=None, packages_select_regex=None, packages_skip_regex=None, packages_start=None, packages_end=None, allow_overriding=[], cmake_args=None, cmake_target=None, cmake_target_skip_unavailable=False, cmake_clean_cache=False, cmake_clean_first=False, cmake_force_configure=False, ament_cmake_args=None, catkin_cmake_args=None, catkin_skip_building_tests=False, verb_parser=<colcon_defaults.argument_parser.defaults.DefaultArgumentsDecorator object at 0x763a98693fd0>, verb_extension=<colcon_core.verb.build.BuildVerb object at 0x763a986936d0>, main=<bound method BuildVerb.main of <colcon_core.verb.build.BuildVerb object at 0x763a986936d0>>)
[0.676s] Level 1:colcon.colcon_core.package_discovery:discover_packages(colcon_meta) check parameters
[0.677s] Level 1:colcon.colcon_core.package_discovery:discover_packages(recursive) check parameters
[0.677s] Level 1:colcon.colcon_core.package_discovery:discover_packages(ignore) check parameters
[0.677s] Level 1:colcon.colcon_core.package_discovery:discover_packages(path) check parameters
[0.677s] Level 1:colcon.colcon_core.package_discovery:discover_packages(colcon_meta) discover
[0.677s] Level 1:colcon.colcon_core.package_discovery:discover_packages(recursive) discover
[0.677s] INFO:colcon.colcon_core.package_discovery:Crawling recursively for packages in '/home/fyp/FYP/aerogripper_ws'
[0.677s] Level 1:colcon.colcon_core.package_identification:_identify(.) by extensions ['ignore', 'ignore_ament_install']
[0.677s] Level 1:colcon.colcon_core.package_identification:_identify(.) by extension 'ignore'
[0.677s] Level 1:colcon.colcon_core.package_identification:_identify(.) by extension 'ignore_ament_install'
[0.677s] Level 1:colcon.colcon_core.package_identification:_identify(.) by extensions ['colcon_pkg']
[0.677s] Level 1:colcon.colcon_core.package_identification:_identify(.) by extension 'colcon_pkg'
[0.677s] Level 1:colcon.colcon_core.package_identification:_identify(.) by extensions ['colcon_meta']
[0.677s] Level 1:colcon.colcon_core.package_identification:_identify(.) by extension 'colcon_meta'
[0.677s] Level 1:colcon.colcon_core.package_identification:_identify(.) by extensions ['ros']
[0.677s] Level 1:colcon.colcon_core.package_identification:_identify(.) by extension 'ros'
[0.687s] Level 1:colcon.colcon_core.package_identification:_identify(.) by extensions ['cmake', 'python']
[0.687s] Level 1:colcon.colcon_core.package_identification:_identify(.) by extension 'cmake'
[0.687s] Level 1:colcon.colcon_core.package_identification:_identify(.) by extension 'python'
[0.687s] Level 1:colcon.colcon_core.package_identification:_identify(.) by extensions ['python_setup_py']
[0.687s] Level 1:colcon.colcon_core.package_identification:_identify(.) by extension 'python_setup_py'
[0.687s] Level 1:colcon.colcon_core.package_identification:_identify(build) by extensions ['ignore', 'ignore_ament_install']
[0.687s] Level 1:colcon.colcon_core.package_identification:_identify(build) by extension 'ignore'
[0.688s] Level 1:colcon.colcon_core.package_identification:_identify(build) ignored
[0.688s] Level 1:colcon.colcon_core.package_identification:_identify(install) by extensions ['ignore', 'ignore_ament_install']
[0.688s] Level 1:colcon.colcon_core.package_identification:_identify(install) by extension 'ignore'
[0.688s] Level 1:colcon.colcon_core.package_identification:_identify(install) ignored
[0.688s] Level 1:colcon.colcon_core.package_identification:_identify(log) by extensions ['ignore', 'ignore_ament_install']
[0.688s] Level 1:colcon.colcon_core.package_identification:_identify(log) by extension 'ignore'
[0.688s] Level 1:colcon.colcon_core.package_identification:_identify(log) ignored
[0.688s] Level 1:colcon.colcon_core.package_identification:_identify(src) by extensions ['ignore', 'ignore_ament_install']
[0.688s] Level 1:colcon.colcon_core.package_identification:_identify(src) by extension 'ignore'
[0.688s] Level 1:colcon.colcon_core.package_identification:_identify(src) by extension 'ignore_ament_install'
[0.688s] Level 1:colcon.colcon_core.package_identification:_identify(src) by extensions ['colcon_pkg']
[0.688s] Level 1:colcon.colcon_core.package_identification:_identify(src) by extension 'colcon_pkg'
[0.688s] Level 1:colcon.colcon_core.package_identification:_identify(src) by extensions ['colcon_meta']
[0.688s] Level 1:colcon.colcon_core.package_identification:_identify(src) by extension 'colcon_meta'
[0.688s] Level 1:colcon.colcon_core.package_identification:_identify(src) by extensions ['ros']
[0.688s] Level 1:colcon.colcon_core.package_identification:_identify(src) by extension 'ros'
[0.688s] Level 1:colcon.colcon_core.package_identification:_identify(src) by extensions ['cmake', 'python']
[0.688s] Level 1:colcon.colcon_core.package_identification:_identify(src) by extension 'cmake'
[0.688s] Level 1:colcon.colcon_core.package_identification:_identify(src) by extension 'python'
[0.688s] Level 1:colcon.colcon_core.package_identification:_identify(src) by extensions ['python_setup_py']
[0.689s] Level 1:colcon.colcon_core.package_identification:_identify(src) by extension 'python_setup_py'
[0.689s] Level 1:colcon.colcon_core.package_identification:_identify(src/aerogripper_control) by extensions ['ignore', 'ignore_ament_install']
[0.689s] Level 1:colcon.colcon_core.package_identification:_identify(src/aerogripper_control) by extension 'ignore'
[0.689s] Level 1:colcon.colcon_core.package_identification:_identify(src/aerogripper_control) by extension 'ignore_ament_install'
[0.689s] Level 1:colcon.colcon_core.package_identification:_identify(src/aerogripper_control) by extensions ['colcon_pkg']
[0.689s] Level 1:colcon.colcon_core.package_identification:_identify(src/aerogripper_control) by extension 'colcon_pkg'
[0.689s] Level 1:colcon.colcon_core.package_identification:_identify(src/aerogripper_control) by extensions ['colcon_meta']
[0.689s] Level 1:colcon.colcon_core.package_identification:_identify(src/aerogripper_control) by extension 'colcon_meta'
[0.689s] Level 1:colcon.colcon_core.package_identification:_identify(src/aerogripper_control) by extensions ['ros']
[0.689s] Level 1:colcon.colcon_core.package_identification:_identify(src/aerogripper_control) by extension 'ros'
[0.691s] DEBUG:colcon.colcon_core.package_identification:Package 'src/aerogripper_control' with type 'ros.ament_cmake' and name 'aerogripper_control'
[0.691s] Level 1:colcon.colcon_core.package_identification:_identify(src/aerogripper_msgs) by extensions ['ignore', 'ignore_ament_install']
[0.691s] Level 1:colcon.colcon_core.package_identification:_identify(src/aerogripper_msgs) by extension 'ignore'
[0.691s] Level 1:colcon.colcon_core.package_identification:_identify(src/aerogripper_msgs) by extension 'ignore_ament_install'
[0.691s] Level 1:colcon.colcon_core.package_identification:_identify(src/aerogripper_msgs) by extensions ['colcon_pkg']
[0.691s] Level 1:colcon.colcon_core.package_identification:_identify(src/aerogripper_msgs) by extension 'colcon_pkg'
[0.691s] Level 1:colcon.colcon_core.package_identification:_identify(src/aerogripper_msgs) by extensions ['colcon_meta']
[0.691s] Level 1:colcon.colcon_core.package_identification:_identify(src/aerogripper_msgs) by extension 'colcon_meta'
[0.691s] Level 1:colcon.colcon_core.package_identification:_identify(src/aerogripper_msgs) by extensions ['ros']
[0.691s] Level 1:colcon.colcon_core.package_identification:_identify(src/aerogripper_msgs) by extension 'ros'
[0.692s] DEBUG:colcon.colcon_core.package_identification:Package 'src/aerogripper_msgs' with type 'ros.ament_cmake' and name 'aerogripper_msgs'
[0.692s] Level 1:colcon.colcon_core.package_identification:_identify(src/aerogripper_simulator) by extensions ['ignore', 'ignore_ament_install']
[0.692s] Level 1:colcon.colcon_core.package_identification:_identify(src/aerogripper_simulator) by extension 'ignore'
[0.692s] Level 1:colcon.colcon_core.package_identification:_identify(src/aerogripper_simulator) by extension 'ignore_ament_install'
[0.692s] Level 1:colcon.colcon_core.package_identification:_identify(src/aerogripper_simulator) by extensions ['colcon_pkg']
[0.692s] Level 1:colcon.colcon_core.package_identification:_identify(src/aerogripper_simulator) by extension 'colcon_pkg'
[0.692s] Level 1:colcon.colcon_core.package_identification:_identify(src/aerogripper_simulator) by extensions ['colcon_meta']
[0.692s] Level 1:colcon.colcon_core.package_identification:_identify(src/aerogripper_simulator) by extension 'colcon_meta'
[0.692s] Level 1:colcon.colcon_core.package_identification:_identify(src/aerogripper_simulator) by extensions ['ros']
[0.692s] Level 1:colcon.colcon_core.package_identification:_identify(src/aerogripper_simulator) by extension 'ros'
[0.693s] DEBUG:colcon.colcon_core.package_identification:Package 'src/aerogripper_simulator' with type 'ros.ament_cmake' and name 'aerogripper_simulator'
[0.693s] Level 1:colcon.colcon_core.package_identification:_identify(src/aerogripper_ws) by extensions ['ignore', 'ignore_ament_install']
[0.693s] Level 1:colcon.colcon_core.package_identification:_identify(src/aerogripper_ws) by extension 'ignore'
[0.693s] Level 1:colcon.colcon_core.package_identification:_identify(src/aerogripper_ws) by extension 'ignore_ament_install'
[0.693s] Level 1:colcon.colcon_core.package_identification:_identify(src/aerogripper_ws) by extensions ['colcon_pkg']
[0.694s] Level 1:colcon.colcon_core.package_identification:_identify(src/aerogripper_ws) by extension 'colcon_pkg'
[0.694s] Level 1:colcon.colcon_core.package_identification:_identify(src/aerogripper_ws) by extensions ['colcon_meta']
[0.694s] Level 1:colcon.colcon_core.package_identification:_identify(src/aerogripper_ws) by extension 'colcon_meta'
[0.694s] Level 1:colcon.colcon_core.package_identification:_identify(src/aerogripper_ws) by extensions ['ros']
[0.694s] Level 1:colcon.colcon_core.package_identification:_identify(src/aerogripper_ws) by extension 'ros'
[0.694s] Level 1:colcon.colcon_core.package_identification:_identify(src/aerogripper_ws) by extensions ['cmake', 'python']
[0.694s] Level 1:colcon.colcon_core.package_identification:_identify(src/aerogripper_ws) by extension 'cmake'
[0.694s] Level 1:colcon.colcon_core.package_identification:_identify(src/aerogripper_ws) by extension 'python'
[0.694s] Level 1:colcon.colcon_core.package_identification:_identify(src/aerogripper_ws) by extensions ['python_setup_py']
[0.694s] Level 1:colcon.colcon_core.package_identification:_identify(src/aerogripper_ws) by extension 'python_setup_py'
[0.694s] Level 1:colcon.colcon_core.package_identification:_identify(src/aerogripper_ws/src) by extensions ['ignore', 'ignore_ament_install']
[0.694s] Level 1:colcon.colcon_core.package_identification:_identify(src/aerogripper_ws/src) by extension 'ignore'
[0.694s] Level 1:colcon.colcon_core.package_identification:_identify(src/aerogripper_ws/src) by extension 'ignore_ament_install'
[0.694s] Level 1:colcon.colcon_core.package_identification:_identify(src/aerogripper_ws/src) by extensions ['colcon_pkg']
[0.694s] Level 1:colcon.colcon_core.package_identification:_identify(src/aerogripper_ws/src) by extension 'colcon_pkg'
[0.694s] Level 1:colcon.colcon_core.package_identification:_identify(src/aerogripper_ws/src) by extensions ['colcon_meta']
[0.694s] Level 1:colcon.colcon_core.package_identification:_identify(src/aerogripper_ws/src) by extension 'colcon_meta'
[0.694s] Level 1:colcon.colcon_core.package_identification:_identify(src/aerogripper_ws/src) by extensions ['ros']
[0.694s] Level 1:colcon.colcon_core.package_identification:_identify(src/aerogripper_ws/src) by extension 'ros'
[0.694s] Level 1:colcon.colcon_core.package_identification:_identify(src/aerogripper_ws/src) by extensions ['cmake', 'python']
[0.694s] Level 1:colcon.colcon_core.package_identification:_identify(src/aerogripper_ws/src) by extension 'cmake'
[0.694s] Level 1:colcon.colcon_core.package_identification:_identify(src/aerogripper_ws/src) by extension 'python'
[0.694s] Level 1:colcon.colcon_core.package_identification:_identify(src/aerogripper_ws/src) by extensions ['python_setup_py']
[0.694s] Level 1:colcon.colcon_core.package_identification:_identify(src/aerogripper_ws/src) by extension 'python_setup_py'
[0.694s] Level 1:colcon.colcon_core.package_identification:_identify(src/aerogripper_ws/src/aerogripper_control) by extensions ['ignore', 'ignore_ament_install']
[0.694s] Level 1:colcon.colcon_core.package_identification:_identify(src/aerogripper_ws/src/aerogripper_control) by extension 'ignore'
[0.694s] Level 1:colcon.colcon_core.package_identification:_identify(src/aerogripper_ws/src/aerogripper_control) by extension 'ignore_ament_install'
[0.694s] Level 1:colcon.colcon_core.package_identification:_identify(src/aerogripper_ws/src/aerogripper_control) by extensions ['colcon_pkg']
[0.695s] Level 1:colcon.colcon_core.package_identification:_identify(src/aerogripper_ws/src/aerogripper_control) by extension 'colcon_pkg'
[0.695s] Level 1:colcon.colcon_core.package_identification:_identify(src/aerogripper_ws/src/aerogripper_control) by extensions ['colcon_meta']
[0.695s] Level 1:colcon.colcon_core.package_identification:_identify(src/aerogripper_ws/src/aerogripper_control) by extension 'colcon_meta'
[0.695s] Level 1:colcon.colcon_core.package_identification:_identify(src/aerogripper_ws/src/aerogripper_control) by extensions ['ros']
[0.695s] Level 1:colcon.colcon_core.package_identification:_identify(src/aerogripper_ws/src/aerogripper_control) by extension 'ros'
[0.695s] Level 1:colcon.colcon_core.package_identification:_identify(src/aerogripper_ws/src/aerogripper_control) by extensions ['cmake', 'python']
[0.695s] Level 1:colcon.colcon_core.package_identification:_identify(src/aerogripper_ws/src/aerogripper_control) by extension 'cmake'
[0.695s] Level 1:colcon.colcon_core.package_identification:_identify(src/aerogripper_ws/src/aerogripper_control) by extension 'python'
[0.695s] Level 1:colcon.colcon_core.package_identification:_identify(src/aerogripper_ws/src/aerogripper_control) by extensions ['python_setup_py']
[0.695s] Level 1:colcon.colcon_core.package_identification:_identify(src/aerogripper_ws/src/aerogripper_control) by extension 'python_setup_py'
[0.695s] Level 1:colcon.colcon_core.package_identification:_identify(src/aerogripper_ws/src/aerogripper_control/config) by extensions ['ignore', 'ignore_ament_install']
[0.695s] Level 1:colcon.colcon_core.package_identification:_identify(src/aerogripper_ws/src/aerogripper_control/config) by extension 'ignore'
[0.695s] Level 1:colcon.colcon_core.package_identification:_identify(src/aerogripper_ws/src/aerogripper_control/config) by extension 'ignore_ament_install'
[0.695s] Level 1:colcon.colcon_core.package_identification:_identify(src/aerogripper_ws/src/aerogripper_control/config) by extensions ['colcon_pkg']
[0.695s] Level 1:colcon.colcon_core.package_identification:_identify(src/aerogripper_ws/src/aerogripper_control/config) by extension 'colcon_pkg'
[0.695s] Level 1:colcon.colcon_core.package_identification:_identify(src/aerogripper_ws/src/aerogripper_control/config) by extensions ['colcon_meta']
[0.695s] Level 1:colcon.colcon_core.package_identification:_identify(src/aerogripper_ws/src/aerogripper_control/config) by extension 'colcon_meta'
[0.695s] Level 1:colcon.colcon_core.package_identification:_identify(src/aerogripper_ws/src/aerogripper_control/config) by extensions ['ros']
[0.695s] Level 1:colcon.colcon_core.package_identification:_identify(src/aerogripper_ws/src/aerogripper_control/config) by extension 'ros'
[0.695s] Level 1:colcon.colcon_core.package_identification:_identify(src/aerogripper_ws/src/aerogripper_control/config) by extensions ['cmake', 'python']
[0.695s] Level 1:colcon.colcon_core.package_identification:_identify(src/aerogripper_ws/src/aerogripper_control/config) by extension 'cmake'
[0.695s] Level 1:colcon.colcon_core.package_identification:_identify(src/aerogripper_ws/src/aerogripper_control/config) by extension 'python'
[0.695s] Level 1:colcon.colcon_core.package_identification:_identify(src/aerogripper_ws/src/aerogripper_control/config) by extensions ['python_setup_py']
[0.695s] Level 1:colcon.colcon_core.package_identification:_identify(src/aerogripper_ws/src/aerogripper_control/config) by extension 'python_setup_py'
[0.695s] Level 1:colcon.colcon_core.package_identification:_identify(src/aerogripper_ws/src/aerogripper_control/include) by extensions ['ignore', 'ignore_ament_install']
[0.695s] Level 1:colcon.colcon_core.package_identification:_identify(src/aerogripper_ws/src/aerogripper_control/include) by extension 'ignore'
[0.696s] Level 1:colcon.colcon_core.package_identification:_identify(src/aerogripper_ws/src/aerogripper_control/include) by extension 'ignore_ament_install'
[0.696s] Level 1:colcon.colcon_core.package_identification:_identify(src/aerogripper_ws/src/aerogripper_control/include) by extensions ['colcon_pkg']
[0.696s] Level 1:colcon.colcon_core.package_identification:_identify(src/aerogripper_ws/src/aerogripper_control/include) by extension 'colcon_pkg'
[0.696s] Level 1:colcon.colcon_core.package_identification:_identify(src/aerogripper_ws/src/aerogripper_control/include) by extensions ['colcon_meta']
[0.696s] Level 1:colcon.colcon_core.package_identification:_identify(src/aerogripper_ws/src/aerogripper_control/include) by extension 'colcon_meta'
[0.696s] Level 1:colcon.colcon_core.package_identification:_identify(src/aerogripper_ws/src/aerogripper_control/include) by extensions ['ros']
[0.696s] Level 1:colcon.colcon_core.package_identification:_identify(src/aerogripper_ws/src/aerogripper_control/include) by extension 'ros'
[0.696s] Level 1:colcon.colcon_core.package_identification:_identify(src/aerogripper_ws/src/aerogripper_control/include) by extensions ['cmake', 'python']
[0.696s] Level 1:colcon.colcon_core.package_identification:_identify(src/aerogripper_ws/src/aerogripper_control/include) by extension 'cmake'
[0.696s] Level 1:colcon.colcon_core.package_identification:_identify(src/aerogripper_ws/src/aerogripper_control/include) by extension 'python'
[0.696s] Level 1:colcon.colcon_core.package_identification:_identify(src/aerogripper_ws/src/aerogripper_control/include) by extensions ['python_setup_py']
[0.696s] Level 1:colcon.colcon_core.package_identification:_identify(src/aerogripper_ws/src/aerogripper_control/include) by extension 'python_setup_py'
[0.696s] Level 1:colcon.colcon_core.package_identification:_identify(src/aerogripper_ws/src/aerogripper_control/src) by extensions ['ignore', 'ignore_ament_install']
[0.696s] Level 1:colcon.colcon_core.package_identification:_identify(src/aerogripper_ws/src/aerogripper_control/src) by extension 'ignore'
[0.696s] Level 1:colcon.colcon_core.package_identification:_identify(src/aerogripper_ws/src/aerogripper_control/src) by extension 'ignore_ament_install'
[0.696s] Level 1:colcon.colcon_core.package_identification:_identify(src/aerogripper_ws/src/aerogripper_control/src) by extensions ['colcon_pkg']
[0.696s] Level 1:colcon.colcon_core.package_identification:_identify(src/aerogripper_ws/src/aerogripper_control/src) by extension 'colcon_pkg'
[0.696s] Level 1:colcon.colcon_core.package_identification:_identify(src/aerogripper_ws/src/aerogripper_control/src) by extensions ['colcon_meta']
[0.696s] Level 1:colcon.colcon_core.package_identification:_identify(src/aerogripper_ws/src/aerogripper_control/src) by extension 'colcon_meta'
[0.696s] Level 1:colcon.colcon_core.package_identification:_identify(src/aerogripper_ws/src/aerogripper_control/src) by extensions ['ros']
[0.696s] Level 1:colcon.colcon_core.package_identification:_identify(src/aerogripper_ws/src/aerogripper_control/src) by extension 'ros'
[0.696s] Level 1:colcon.colcon_core.package_identification:_identify(src/aerogripper_ws/src/aerogripper_control/src) by extensions ['cmake', 'python']
[0.696s] Level 1:colcon.colcon_core.package_identification:_identify(src/aerogripper_ws/src/aerogripper_control/src) by extension 'cmake'
[0.696s] Level 1:colcon.colcon_core.package_identification:_identify(src/aerogripper_ws/src/aerogripper_control/src) by extension 'python'
[0.696s] Level 1:colcon.colcon_core.package_identification:_identify(src/aerogripper_ws/src/aerogripper_control/src) by extensions ['python_setup_py']
[0.696s] Level 1:colcon.colcon_core.package_identification:_identify(src/aerogripper_ws/src/aerogripper_control/src) by extension 'python_setup_py'
[0.696s] Level 1:colcon.colcon_core.package_identification:_identify(src/thrust_calibration) by extensions ['ignore', 'ignore_ament_install']
[0.696s] Level 1:colcon.colcon_core.package_identification:_identify(src/thrust_calibration) by extension 'ignore'
[0.696s] Level 1:colcon.colcon_core.package_identification:_identify(src/thrust_calibration) by extension 'ignore_ament_install'
[0.696s] Level 1:colcon.colcon_core.package_identification:_identify(src/thrust_calibration) by extensions ['colcon_pkg']
[0.696s] Level 1:colcon.colcon_core.package_identification:_identify(src/thrust_calibration) by extension 'colcon_pkg'
[0.697s] Level 1:colcon.colcon_core.package_identification:_identify(src/thrust_calibration) by extensions ['colcon_meta']
[0.697s] Level 1:colcon.colcon_core.package_identification:_identify(src/thrust_calibration) by extension 'colcon_meta'
[0.697s] Level 1:colcon.colcon_core.package_identification:_identify(src/thrust_calibration) by extensions ['ros']
[0.697s] Level 1:colcon.colcon_core.package_identification:_identify(src/thrust_calibration) by extension 'ros'
[0.697s] Level 1:colcon.colcon_core.package_identification:_identify(src/thrust_calibration) by extensions ['cmake', 'python']
[0.697s] Level 1:colcon.colcon_core.package_identification:_identify(src/thrust_calibration) by extension 'cmake'
[0.697s] Level 1:colcon.colcon_core.package_identification:_identify(src/thrust_calibration) by extension 'python'
[0.697s] Level 1:colcon.colcon_core.package_identification:_identify(src/thrust_calibration) by extensions ['python_setup_py']
[0.697s] Level 1:colcon.colcon_core.package_identification:_identify(src/thrust_calibration) by extension 'python_setup_py'
[0.697s] Level 1:colcon.colcon_core.package_discovery:discover_packages(recursive) using defaults
[0.697s] Level 1:colcon.colcon_core.package_discovery:discover_packages(ignore) discover
[0.697s] Level 1:colcon.colcon_core.package_discovery:discover_packages(ignore) using defaults
[0.697s] Level 1:colcon.colcon_core.package_discovery:discover_packages(path) discover
[0.697s] Level 1:colcon.colcon_core.package_discovery:discover_packages(path) using defaults
[0.713s] INFO:colcon.colcon_core.package_selection:Skipping not selected package 'aerogripper_msgs' in 'src/aerogripper_msgs'
[0.714s] Level 1:colcon.colcon_core.package_discovery:discover_packages(prefix_path) check parameters
[0.714s] Level 1:colcon.colcon_core.package_discovery:discover_packages(prefix_path) discover
[0.715s] DEBUG:colcon.colcon_installed_package_information.package_discovery:Found 3 installed packages in /home/fyp/FYP/aerogripper_ws/install
[0.715s] DEBUG:colcon.colcon_installed_package_information.package_discovery:Found 2 installed packages in /home/fyp/FYP/px4_ws/install
[0.716s] DEBUG:colcon.colcon_installed_package_information.package_discovery:Found 272 installed packages in /opt/ros/humble
[0.718s] Level 1:colcon.colcon_core.package_discovery:discover_packages(prefix_path) using defaults
[0.752s] Level 5:colcon.colcon_core.verb:set package 'aerogripper_simulator' build argument 'cmake_args' from command line to 'None'
[0.752s] Level 5:colcon.colcon_core.verb:set package 'aerogripper_simulator' build argument 'cmake_target' from command line to 'None'
[0.752s] Level 5:colcon.colcon_core.verb:set package 'aerogripper_simulator' build argument 'cmake_target_skip_unavailable' from command line to 'False'
[0.752s] Level 5:colcon.colcon_core.verb:set package 'aerogripper_simulator' build argument 'cmake_clean_cache' from command line to 'False'
[0.752s] Level 5:colcon.colcon_core.verb:set package 'aerogripper_simulator' build argument 'cmake_clean_first' from command line to 'False'
[0.752s] Level 5:colcon.colcon_core.verb:set package 'aerogripper_simulator' build argument 'cmake_force_configure' from command line to 'False'
[0.752s] Level 5:colcon.colcon_core.verb:set package 'aerogripper_simulator' build argument 'ament_cmake_args' from command line to 'None'
[0.752s] Level 5:colcon.colcon_core.verb:set package 'aerogripper_simulator' build argument 'catkin_cmake_args' from command line to 'None'
[0.752s] Level 5:colcon.colcon_core.verb:set package 'aerogripper_simulator' build argument 'catkin_skip_building_tests' from command line to 'False'
[0.752s] DEBUG:colcon.colcon_core.verb:Building package 'aerogripper_simulator' with the following arguments: {'ament_cmake_args': None, 'build_base': '/home/fyp/FYP/aerogripper_ws/build/aerogripper_simulator', 'catkin_cmake_args': None, 'catkin_skip_building_tests': False, 'cmake_args': None, 'cmake_clean_cache': False, 'cmake_clean_first': False, 'cmake_force_configure': False, 'cmake_target': None, 'cmake_target_skip_unavailable': False, 'install_base': '/home/fyp/FYP/aerogripper_ws/install/aerogripper_simulator', 'merge_install': False, 'path': '/home/fyp/FYP/aerogripper_ws/src/aerogripper_simulator', 'symlink_install': False, 'test_result_base': None}
[0.752s] Level 5:colcon.colcon_core.verb:set package 'aerogripper_control' build argument 'cmake_args' from command line to 'None'
[0.752s] Level 5:colcon.colcon_core.verb:set package 'aerogripper_control' build argument 'cmake_target' from command line to 'None'
[0.752s] Level 5:colcon.colcon_core.verb:set package 'aerogripper_control' build argument 'cmake_target_skip_unavailable' from command line to 'False'
[0.752s] Level 5:colcon.colcon_core.verb:set package 'aerogripper_control' build argument 'cmake_clean_cache' from command line to 'False'
[0.752s] Level 5:colcon.colcon_core.verb:set package 'aerogripper_control' build argument 'cmake_clean_first' from command line to 'False'
[0.752s] Level 5:colcon.colcon_core.verb:set package 'aerogripper_control' build argument 'cmake_force_configure' from command line to 'False'
[0.752s] Level 5:colcon.colcon_core.verb:set package 'aerogripper_control' build argument 'ament_cmake_args' from command line to 'None'
[0.752s] Level 5:colcon.colcon_core.verb:set package 'aerogripper_control' build argument 'catkin_cmake_args' from command line to 'None'
[0.752s] Level 5:colcon.colcon_core.verb:set package 'aerogripper_control' build argument 'catkin_skip_building_tests' from command line to 'False'
[0.752s] DEBUG:colcon.colcon_core.verb:Building package 'aerogripper_control' with the following arguments: {'ament_cmake_args': None, 'build_base': '/home/fyp/FYP/aerogripper_ws/build/aerogripper_control', 'catkin_cmake_args': None, 'catkin_skip_building_tests': False, 'cmake_args': None, 'cmake_clean_cache': False, 'cmake_clean_first': False, 'cmake_force_configure': False, 'cmake_target': None, 'cmake_target_skip_unavailable': False, 'install_base': '/home/fyp/FYP/aerogripper_ws/install/aerogripper_control', 'merge_install': False, 'path': '/home/fyp/FYP/aerogripper_ws/src/aerogripper_control', 'symlink_install': False, 'test_result_base': None}
[0.753s] INFO:colcon.colcon_core.executor:Executing jobs using 'parallel' executor
[0.754s] DEBUG:colcon.colcon_parallel_executor.executor.parallel:run_until_complete
[0.754s] INFO:colcon.colcon_ros.task.ament_cmake.build:Building ROS package in '/home/fyp/FYP/aerogripper_ws/src/aerogripper_simulator' with build type 'ament_cmake'
[0.754s] INFO:colcon.colcon_cmake.task.cmake.build:Building CMake package in '/home/fyp/FYP/aerogripper_ws/src/aerogripper_simulator'
[0.756s] INFO:colcon.colcon_core.plugin_system:Skipping extension 'colcon_core.shell.bat': Not used on non-Windows systems
[0.756s] INFO:colcon.colcon_core.shell:Skip shell extension 'powershell' for command environment: Not usable outside of PowerShell
[0.756s] DEBUG:colcon.colcon_core.shell:Skip shell extension 'dsv' for command environment
[0.760s] INFO:colcon.colcon_ros.task.ament_cmake.build:Building ROS package in '/home/fyp/FYP/aerogripper_ws/src/aerogripper_control' with build type 'ament_cmake'
[0.760s] INFO:colcon.colcon_cmake.task.cmake.build:Building CMake package in '/home/fyp/FYP/aerogripper_ws/src/aerogripper_control'
[0.760s] INFO:colcon.colcon_core.shell:Skip shell extension 'powershell' for command environment: Not usable outside of PowerShell
[0.760s] DEBUG:colcon.colcon_core.shell:Skip shell extension 'dsv' for command environment
[0.769s] DEBUG:colcon.colcon_core.event_handler.log_command:Invoking command in '/home/fyp/FYP/aerogripper_ws/build/aerogripper_simulator': CMAKE_PREFIX_PATH=${CMAKE_PREFIX_PATH}:/opt/ros/humble /usr/bin/cmake --build /home/fyp/FYP/aerogripper_ws/build/aerogripper_simulator -- -j32 -l32
[1.028s] DEBUG:colcon.colcon_core.event_handler.log_command:Invoked command in '/home/fyp/FYP/aerogripper_ws/build/aerogripper_simulator' returned '0': CMAKE_PREFIX_PATH=${CMAKE_PREFIX_PATH}:/opt/ros/humble /usr/bin/cmake --build /home/fyp/FYP/aerogripper_ws/build/aerogripper_simulator -- -j32 -l32
[1.036s] DEBUG:colcon.colcon_core.event_handler.log_command:Invoking command in '/home/fyp/FYP/aerogripper_ws/build/aerogripper_simulator': CMAKE_PREFIX_PATH=${CMAKE_PREFIX_PATH}:/opt/ros/humble /usr/bin/cmake --install /home/fyp/FYP/aerogripper_ws/build/aerogripper_simulator
[1.079s] Level 1:colcon.colcon_core.environment:create_environment_scripts_only(aerogripper_simulator)
[1.079s] DEBUG:colcon.colcon_core.event_handler.log_command:Invoked command in '/home/fyp/FYP/aerogripper_ws/build/aerogripper_simulator' returned '0': CMAKE_PREFIX_PATH=${CMAKE_PREFIX_PATH}:/opt/ros/humble /usr/bin/cmake --install /home/fyp/FYP/aerogripper_ws/build/aerogripper_simulator
[1.081s] Level 1:colcon.colcon_core.environment:checking '/home/fyp/FYP/aerogripper_ws/install/aerogripper_simulator' for CMake module files
[1.081s] Level 1:colcon.colcon_core.environment:checking '/home/fyp/FYP/aerogripper_ws/install/aerogripper_simulator' for CMake config files
[1.082s] Level 1:colcon.colcon_core.shell:create_environment_hook('aerogripper_simulator', 'cmake_prefix_path')
[1.082s] INFO:colcon.colcon_core.shell:Creating environment hook '/home/fyp/FYP/aerogripper_ws/install/aerogripper_simulator/share/aerogripper_simulator/hook/cmake_prefix_path.ps1'
[1.082s] INFO:colcon.colcon_core.shell:Creating environment descriptor '/home/fyp/FYP/aerogripper_ws/install/aerogripper_simulator/share/aerogripper_simulator/hook/cmake_prefix_path.dsv'
[1.083s] INFO:colcon.colcon_core.shell:Creating environment hook '/home/fyp/FYP/aerogripper_ws/install/aerogripper_simulator/share/aerogripper_simulator/hook/cmake_prefix_path.sh'
[1.084s] Level 1:colcon.colcon_core.environment:checking '/home/fyp/FYP/aerogripper_ws/install/aerogripper_simulator/lib'
[1.084s] Level 1:colcon.colcon_core.environment:checking '/home/fyp/FYP/aerogripper_ws/install/aerogripper_simulator/bin'
[1.084s] Level 1:colcon.colcon_core.environment:checking '/home/fyp/FYP/aerogripper_ws/install/aerogripper_simulator/lib/pkgconfig/aerogripper_simulator.pc'
[1.084s] Level 1:colcon.colcon_core.environment:checking '/home/fyp/FYP/aerogripper_ws/install/aerogripper_simulator/lib/python3.10/site-packages'
[1.084s] Level 1:colcon.colcon_core.environment:checking '/home/fyp/FYP/aerogripper_ws/install/aerogripper_simulator/bin'
[1.084s] INFO:colcon.colcon_core.shell:Creating package script '/home/fyp/FYP/aerogripper_ws/install/aerogripper_simulator/share/aerogripper_simulator/package.ps1'
[1.085s] INFO:colcon.colcon_core.shell:Creating package descriptor '/home/fyp/FYP/aerogripper_ws/install/aerogripper_simulator/share/aerogripper_simulator/package.dsv'
[1.085s] INFO:colcon.colcon_core.shell:Creating package script '/home/fyp/FYP/aerogripper_ws/install/aerogripper_simulator/share/aerogripper_simulator/package.sh'
[1.086s] INFO:colcon.colcon_core.shell:Creating package script '/home/fyp/FYP/aerogripper_ws/install/aerogripper_simulator/share/aerogripper_simulator/package.bash'
[1.087s] INFO:colcon.colcon_core.shell:Creating package script '/home/fyp/FYP/aerogripper_ws/install/aerogripper_simulator/share/aerogripper_simulator/package.zsh'
[1.087s] Level 1:colcon.colcon_core.environment:create_file_with_runtime_dependencies(/home/fyp/FYP/aerogripper_ws/install/aerogripper_simulator/share/colcon-core/packages/aerogripper_simulator)
[1.088s] Level 1:colcon.colcon_core.environment:create_environment_scripts_only(aerogripper_simulator)
[1.088s] Level 1:colcon.colcon_core.environment:checking '/home/fyp/FYP/aerogripper_ws/install/aerogripper_simulator' for CMake module files
[1.088s] Level 1:colcon.colcon_core.environment:checking '/home/fyp/FYP/aerogripper_ws/install/aerogripper_simulator' for CMake config files
[1.089s] Level 1:colcon.colcon_core.shell:create_environment_hook('aerogripper_simulator', 'cmake_prefix_path')
[1.089s] INFO:colcon.colcon_core.shell:Creating environment hook '/home/fyp/FYP/aerogripper_ws/install/aerogripper_simulator/share/aerogripper_simulator/hook/cmake_prefix_path.ps1'
[1.089s] INFO:colcon.colcon_core.shell:Creating environment descriptor '/home/fyp/FYP/aerogripper_ws/install/aerogripper_simulator/share/aerogripper_simulator/hook/cmake_prefix_path.dsv'
[1.089s] INFO:colcon.colcon_core.shell:Creating environment hook '/home/fyp/FYP/aerogripper_ws/install/aerogripper_simulator/share/aerogripper_simulator/hook/cmake_prefix_path.sh'
[1.090s] Level 1:colcon.colcon_core.environment:checking '/home/fyp/FYP/aerogripper_ws/install/aerogripper_simulator/lib'
[1.090s] Level 1:colcon.colcon_core.environment:checking '/home/fyp/FYP/aerogripper_ws/install/aerogripper_simulator/bin'
[1.090s] Level 1:colcon.colcon_core.environment:checking '/home/fyp/FYP/aerogripper_ws/install/aerogripper_simulator/lib/pkgconfig/aerogripper_simulator.pc'
[1.090s] Level 1:colcon.colcon_core.environment:checking '/home/fyp/FYP/aerogripper_ws/install/aerogripper_simulator/lib/python3.10/site-packages'
[1.091s] Level 1:colcon.colcon_core.environment:checking '/home/fyp/FYP/aerogripper_ws/install/aerogripper_simulator/bin'
[1.091s] INFO:colcon.colcon_core.shell:Creating package script '/home/fyp/FYP/aerogripper_ws/install/aerogripper_simulator/share/aerogripper_simulator/package.ps1'
[1.091s] INFO:colcon.colcon_core.shell:Creating package descriptor '/home/fyp/FYP/aerogripper_ws/install/aerogripper_simulator/share/aerogripper_simulator/package.dsv'
[1.092s] INFO:colcon.colcon_core.shell:Creating package script '/home/fyp/FYP/aerogripper_ws/install/aerogripper_simulator/share/aerogripper_simulator/package.sh'
[1.092s] INFO:colcon.colcon_core.shell:Creating package script '/home/fyp/FYP/aerogripper_ws/install/aerogripper_simulator/share/aerogripper_simulator/package.bash'
[1.092s] INFO:colcon.colcon_core.shell:Creating package script '/home/fyp/FYP/aerogripper_ws/install/aerogripper_simulator/share/aerogripper_simulator/package.zsh'
[1.093s] Level 1:colcon.colcon_core.environment:create_file_with_runtime_dependencies(/home/fyp/FYP/aerogripper_ws/install/aerogripper_simulator/share/colcon-core/packages/aerogripper_simulator)
[1.113s] DEBUG:colcon.colcon_core.event_handler.log_command:Invoking command in '/home/fyp/FYP/aerogripper_ws/build/aerogripper_control': CMAKE_PREFIX_PATH=/home/fyp/FYP/aerogripper_ws/install/aerogripper_msgs:/home/fyp/FYP/aerogripper_ws/install/aerogripper_simulator:/home/fyp/FYP/aerogripper_ws/install/aerogripper_control:/home/fyp/FYP/px4_ws/install/px4_ros_com:/home/fyp/FYP/px4_ws/install/px4_msgs:/opt/ros/humble /usr/bin/cmake --build /home/fyp/FYP/aerogripper_ws/build/aerogripper_control -- -j32 -l32
[17.830s] DEBUG:colcon.colcon_core.event_handler.log_command:Invoked command in '/home/fyp/FYP/aerogripper_ws/build/aerogripper_control' returned '0': CMAKE_PREFIX_PATH=/home/fyp/FYP/aerogripper_ws/install/aerogripper_msgs:/home/fyp/FYP/aerogripper_ws/install/aerogripper_simulator:/home/fyp/FYP/aerogripper_ws/install/aerogripper_control:/home/fyp/FYP/px4_ws/install/px4_ros_com:/home/fyp/FYP/px4_ws/install/px4_msgs:/opt/ros/humble /usr/bin/cmake --build /home/fyp/FYP/aerogripper_ws/build/aerogripper_control -- -j32 -l32
[17.831s] DEBUG:colcon.colcon_core.event_handler.log_command:Invoking command in '/home/fyp/FYP/aerogripper_ws/build/aerogripper_control': CMAKE_PREFIX_PATH=/home/fyp/FYP/aerogripper_ws/install/aerogripper_msgs:/home/fyp/FYP/aerogripper_ws/install/aerogripper_simulator:/home/fyp/FYP/aerogripper_ws/install/aerogripper_control:/home/fyp/FYP/px4_ws/install/px4_ros_com:/home/fyp/FYP/px4_ws/install/px4_msgs:/opt/ros/humble /usr/bin/cmake --install /home/fyp/FYP/aerogripper_ws/build/aerogripper_control
[17.852s] Level 1:colcon.colcon_core.environment:create_environment_scripts_only(aerogripper_control)
[17.853s] DEBUG:colcon.colcon_core.event_handler.log_command:Invoked command in '/home/fyp/FYP/aerogripper_ws/build/aerogripper_control' returned '0': CMAKE_PREFIX_PATH=/home/fyp/FYP/aerogripper_ws/install/aerogripper_msgs:/home/fyp/FYP/aerogripper_ws/install/aerogripper_simulator:/home/fyp/FYP/aerogripper_ws/install/aerogripper_control:/home/fyp/FYP/px4_ws/install/px4_ros_com:/home/fyp/FYP/px4_ws/install/px4_msgs:/opt/ros/humble /usr/bin/cmake --install /home/fyp/FYP/aerogripper_ws/build/aerogripper_control
[17.853s] Level 1:colcon.colcon_core.environment:checking '/home/fyp/FYP/aerogripper_ws/install/aerogripper_control' for CMake module files
[17.854s] Level 1:colcon.colcon_core.environment:checking '/home/fyp/FYP/aerogripper_ws/install/aerogripper_control' for CMake config files
[17.854s] Level 1:colcon.colcon_core.shell:create_environment_hook('aerogripper_control', 'cmake_prefix_path')
[17.854s] INFO:colcon.colcon_core.shell:Creating environment hook '/home/fyp/FYP/aerogripper_ws/install/aerogripper_control/share/aerogripper_control/hook/cmake_prefix_path.ps1'
[17.855s] INFO:colcon.colcon_core.shell:Creating environment descriptor '/home/fyp/FYP/aerogripper_ws/install/aerogripper_control/share/aerogripper_control/hook/cmake_prefix_path.dsv'
[17.855s] INFO:colcon.colcon_core.shell:Creating environment hook '/home/fyp/FYP/aerogripper_ws/install/aerogripper_control/share/aerogripper_control/hook/cmake_prefix_path.sh'
[17.855s] Level 1:colcon.colcon_core.environment:checking '/home/fyp/FYP/aerogripper_ws/install/aerogripper_control/lib'
[17.855s] Level 1:colcon.colcon_core.environment:checking '/home/fyp/FYP/aerogripper_ws/install/aerogripper_control/bin'
[17.855s] Level 1:colcon.colcon_core.environment:checking '/home/fyp/FYP/aerogripper_ws/install/aerogripper_control/lib/pkgconfig/aerogripper_control.pc'
[17.856s] Level 1:colcon.colcon_core.environment:checking '/home/fyp/FYP/aerogripper_ws/install/aerogripper_control/lib/python3.10/site-packages'
[17.856s] Level 1:colcon.colcon_core.environment:checking '/home/fyp/FYP/aerogripper_ws/install/aerogripper_control/bin'
[17.856s] INFO:colcon.colcon_core.shell:Creating package script '/home/fyp/FYP/aerogripper_ws/install/aerogripper_control/share/aerogripper_control/package.ps1'
[17.857s] INFO:colcon.colcon_core.shell:Creating package descriptor '/home/fyp/FYP/aerogripper_ws/install/aerogripper_control/share/aerogripper_control/package.dsv'
[17.857s] INFO:colcon.colcon_core.shell:Creating package script '/home/fyp/FYP/aerogripper_ws/install/aerogripper_control/share/aerogripper_control/package.sh'
[17.857s] INFO:colcon.colcon_core.shell:Creating package script '/home/fyp/FYP/aerogripper_ws/install/aerogripper_control/share/aerogripper_control/package.bash'
[17.857s] INFO:colcon.colcon_core.shell:Creating package script '/home/fyp/FYP/aerogripper_ws/install/aerogripper_control/share/aerogripper_control/package.zsh'
[17.858s] Level 1:colcon.colcon_core.environment:create_file_with_runtime_dependencies(/home/fyp/FYP/aerogripper_ws/install/aerogripper_control/share/colcon-core/packages/aerogripper_control)
[17.858s] Level 1:colcon.colcon_core.environment:create_environment_scripts_only(aerogripper_control)
[17.858s] Level 1:colcon.colcon_core.environment:checking '/home/fyp/FYP/aerogripper_ws/install/aerogripper_control' for CMake module files
[17.859s] Level 1:colcon.colcon_core.environment:checking '/home/fyp/FYP/aerogripper_ws/install/aerogripper_control' for CMake config files
[17.859s] Level 1:colcon.colcon_core.shell:create_environment_hook('aerogripper_control', 'cmake_prefix_path')
[17.859s] INFO:colcon.colcon_core.shell:Creating environment hook '/home/fyp/FYP/aerogripper_ws/install/aerogripper_control/share/aerogripper_control/hook/cmake_prefix_path.ps1'
[17.859s] INFO:colcon.colcon_core.shell:Creating environment descriptor '/home/fyp/FYP/aerogripper_ws/install/aerogripper_control/share/aerogripper_control/hook/cmake_prefix_path.dsv'
[17.860s] INFO:colcon.colcon_core.shell:Creating environment hook '/home/fyp/FYP/aerogripper_ws/install/aerogripper_control/share/aerogripper_control/hook/cmake_prefix_path.sh'
[17.860s] Level 1:colcon.colcon_core.environment:checking '/home/fyp/FYP/aerogripper_ws/install/aerogripper_control/lib'
[17.860s] Level 1:colcon.colcon_core.environment:checking '/home/fyp/FYP/aerogripper_ws/install/aerogripper_control/bin'
[17.860s] Level 1:colcon.colcon_core.environment:checking '/home/fyp/FYP/aerogripper_ws/install/aerogripper_control/lib/pkgconfig/aerogripper_control.pc'
[17.861s] Level 1:colcon.colcon_core.environment:checking '/home/fyp/FYP/aerogripper_ws/install/aerogripper_control/lib/python3.10/site-packages'
[17.861s] Level 1:colcon.colcon_core.environment:checking '/home/fyp/FYP/aerogripper_ws/install/aerogripper_control/bin'
[17.861s] INFO:colcon.colcon_core.shell:Creating package script '/home/fyp/FYP/aerogripper_ws/install/aerogripper_control/share/aerogripper_control/package.ps1'
[17.862s] INFO:colcon.colcon_core.shell:Creating package descriptor '/home/fyp/FYP/aerogripper_ws/install/aerogripper_control/share/aerogripper_control/package.dsv'
[17.862s] INFO:colcon.colcon_core.shell:Creating package script '/home/fyp/FYP/aerogripper_ws/install/aerogripper_control/share/aerogripper_control/package.sh'
[17.862s] INFO:colcon.colcon_core.shell:Creating package script '/home/fyp/FYP/aerogripper_ws/install/aerogripper_control/share/aerogripper_control/package.bash'
[17.863s] INFO:colcon.colcon_core.shell:Creating package script '/home/fyp/FYP/aerogripper_ws/install/aerogripper_control/share/aerogripper_control/package.zsh'
[17.863s] Level 1:colcon.colcon_core.environment:create_file_with_runtime_dependencies(/home/fyp/FYP/aerogripper_ws/install/aerogripper_control/share/colcon-core/packages/aerogripper_control)
[17.863s] DEBUG:colcon.colcon_parallel_executor.executor.parallel:closing loop
[17.863s] DEBUG:colcon.colcon_parallel_executor.executor.parallel:loop closed
[17.863s] DEBUG:colcon.colcon_parallel_executor.executor.parallel:run_until_complete finished with '0'
[17.864s] DEBUG:colcon.colcon_core.event_reactor:joining thread
[18.039s] INFO:colcon.colcon_core.plugin_system:Skipping extension 'colcon_notification.desktop_notification.notify_send': Could not find 'notify-send'
[18.039s] INFO:colcon.colcon_core.plugin_system:Skipping extension 'colcon_notification.desktop_notification.terminal_notifier': Not used on non-Darwin systems
[18.039s] INFO:colcon.colcon_core.plugin_system:Skipping extension 'colcon_notification.desktop_notification.win32': Not used on non-Windows systems
[18.039s] INFO:colcon.colcon_notification.desktop_notification:Sending desktop notification using 'notify2'
[18.039s] DEBUG:colcon.colcon_notification.desktop_notification.notify2:Failed to initialize notify2: org.freedesktop.DBus.Error.FileNotFound: Failed to connect to socket /run/user/1000/bus: No such file or directory
[18.040s] DEBUG:colcon.colcon_core.event_reactor:joined thread
[18.040s] INFO:colcon.colcon_core.shell:Creating prefix script '/home/fyp/FYP/aerogripper_ws/install/local_setup.ps1'
[18.042s] INFO:colcon.colcon_core.shell:Creating prefix util module '/home/fyp/FYP/aerogripper_ws/install/_local_setup_util_ps1.py'
[18.044s] INFO:colcon.colcon_core.shell:Creating prefix chain script '/home/fyp/FYP/aerogripper_ws/install/setup.ps1'
[18.046s] INFO:colcon.colcon_core.shell:Creating prefix script '/home/fyp/FYP/aerogripper_ws/install/local_setup.sh'
[18.047s] INFO:colcon.colcon_core.shell:Creating prefix util module '/home/fyp/FYP/aerogripper_ws/install/_local_setup_util_sh.py'
[18.048s] INFO:colcon.colcon_core.shell:Creating prefix chain script '/home/fyp/FYP/aerogripper_ws/install/setup.sh'
[18.049s] INFO:colcon.colcon_core.shell:Creating prefix script '/home/fyp/FYP/aerogripper_ws/install/local_setup.bash'
[18.050s] INFO:colcon.colcon_core.shell:Creating prefix chain script '/home/fyp/FYP/aerogripper_ws/install/setup.bash'
[18.051s] INFO:colcon.colcon_core.shell:Creating prefix script '/home/fyp/FYP/aerogripper_ws/install/local_setup.zsh'
[18.052s] INFO:colcon.colcon_core.shell:Creating prefix chain script '/home/fyp/FYP/aerogripper_ws/install/setup.zsh'
