[0.275s] Invoking command in '/home/fyp/FYP/aerogripper_ws/build/aerogripper_control': CMAKE_PREFIX_PATH=/home/fyp/FYP/aerogripper_ws/install/aerogripper_msgs:/home/fyp/FYP/aerogripper_ws/install/aerogripper_simulator:/home/fyp/FYP/aerogripper_ws/install/aerogripper_control:/home/fyp/FYP/px4_ws/install/px4_ros_com:/home/fyp/FYP/px4_ws/install/px4_msgs:/opt/ros/humble /usr/bin/cmake --build /home/fyp/FYP/aerogripper_ws/build/aerogripper_control -- -j32 -l32
[0.321s] [ 20%] Built target motor_test_node
[0.321s] [ 30%] [32mBuilding CXX object CMakeFiles/aerogripper_control_lib.dir/src/mixer.cpp.o[0m
[13.879s] [ 40%] [32m[1mLinking CXX static library libaerogripper_control_lib.a[0m
[14.051s] [ 50%] Built target aerogripper_control_lib
[14.074s] [ 60%] [32m[1mLinking CXX executable test_integration[0m
[14.075s] [ 70%] [32m[1mLinking CXX executable aerogripper_control_node[0m
[14.868s] [ 80%] Built target test_integration
[15.406s] [100%] Built target aerogripper_control_node
[15.417s] Invoked command in '/home/fyp/FYP/aerogripper_ws/build/aerogripper_control' returned '0': CMAKE_PREFIX_PATH=/home/fyp/FYP/aerogripper_ws/install/aerogripper_msgs:/home/fyp/FYP/aerogripper_ws/install/aerogripper_simulator:/home/fyp/FYP/aerogripper_ws/install/aerogripper_control:/home/fyp/FYP/px4_ws/install/px4_ros_com:/home/fyp/FYP/px4_ws/install/px4_msgs:/opt/ros/humble /usr/bin/cmake --build /home/fyp/FYP/aerogripper_ws/build/aerogripper_control -- -j32 -l32
[15.419s] Invoking command in '/home/fyp/FYP/aerogripper_ws/build/aerogripper_control': CMAKE_PREFIX_PATH=/home/fyp/FYP/aerogripper_ws/install/aerogripper_msgs:/home/fyp/FYP/aerogripper_ws/install/aerogripper_simulator:/home/fyp/FYP/aerogripper_ws/install/aerogripper_control:/home/fyp/FYP/px4_ws/install/px4_ros_com:/home/fyp/FYP/px4_ws/install/px4_msgs:/opt/ros/humble /usr/bin/cmake --install /home/fyp/FYP/aerogripper_ws/build/aerogripper_control
[15.425s] -- Install configuration: ""
[15.425s] -- Installing: /home/fyp/FYP/aerogripper_ws/install/aerogripper_control/lib/aerogripper_control/aerogripper_control_node
[15.435s] -- Set runtime path of "/home/fyp/FYP/aerogripper_ws/install/aerogripper_control/lib/aerogripper_control/aerogripper_control_node" to ""
[15.435s] -- Installing: /home/fyp/FYP/aerogripper_ws/install/aerogripper_control/lib/aerogripper_control/test_integration
[15.439s] -- Set runtime path of "/home/fyp/FYP/aerogripper_ws/install/aerogripper_control/lib/aerogripper_control/test_integration" to ""
[15.439s] -- Installing: /home/fyp/FYP/aerogripper_ws/install/aerogripper_control/lib/aerogripper_control/libaerogripper_control_lib.a
[15.449s] -- Up-to-date: /home/fyp/FYP/aerogripper_ws/install/aerogripper_control/lib/aerogripper_control/motor_test_node
[15.450s] -- Up-to-date: /home/fyp/FYP/aerogripper_ws/install/aerogripper_control/share/aerogripper_control/launch
[15.450s] -- Up-to-date: /home/fyp/FYP/aerogripper_ws/install/aerogripper_control/share/aerogripper_control/launch/test.launch.py
[15.450s] -- Up-to-date: /home/fyp/FYP/aerogripper_ws/install/aerogripper_control/share/aerogripper_control/config
[15.450s] -- Installing: /home/fyp/FYP/aerogripper_ws/install/aerogripper_control/share/aerogripper_control/config/config.yaml
[15.450s] -- Up-to-date: /home/fyp/FYP/aerogripper_ws/install/aerogripper_control/share/aerogripper_control/config/README_yaw_weight.md
[15.450s] -- Up-to-date: /home/fyp/FYP/aerogripper_ws/install/aerogripper_control/share/aerogripper_control/config/controller_params.yaml
[15.450s] -- Up-to-date: /home/fyp/FYP/aerogripper_ws/install/aerogripper_control/share/aerogripper_control/config/README_params.md
[15.451s] -- Up-to-date: /home/fyp/FYP/aerogripper_ws/install/aerogripper_control/share/ament_index/resource_index/package_run_dependencies/aerogripper_control
[15.451s] -- Up-to-date: /home/fyp/FYP/aerogripper_ws/install/aerogripper_control/share/ament_index/resource_index/parent_prefix_path/aerogripper_control
[15.451s] -- Up-to-date: /home/fyp/FYP/aerogripper_ws/install/aerogripper_control/share/aerogripper_control/environment/ament_prefix_path.sh
[15.451s] -- Up-to-date: /home/fyp/FYP/aerogripper_ws/install/aerogripper_control/share/aerogripper_control/environment/ament_prefix_path.dsv
[15.451s] -- Up-to-date: /home/fyp/FYP/aerogripper_ws/install/aerogripper_control/share/aerogripper_control/environment/path.sh
[15.451s] -- Up-to-date: /home/fyp/FYP/aerogripper_ws/install/aerogripper_control/share/aerogripper_control/environment/path.dsv
[15.451s] -- Up-to-date: /home/fyp/FYP/aerogripper_ws/install/aerogripper_control/share/aerogripper_control/local_setup.bash
[15.451s] -- Up-to-date: /home/fyp/FYP/aerogripper_ws/install/aerogripper_control/share/aerogripper_control/local_setup.sh
[15.451s] -- Up-to-date: /home/fyp/FYP/aerogripper_ws/install/aerogripper_control/share/aerogripper_control/local_setup.zsh
[15.451s] -- Up-to-date: /home/fyp/FYP/aerogripper_ws/install/aerogripper_control/share/aerogripper_control/local_setup.dsv
[15.451s] -- Installing: /home/fyp/FYP/aerogripper_ws/install/aerogripper_control/share/aerogripper_control/package.dsv
[15.451s] -- Up-to-date: /home/fyp/FYP/aerogripper_ws/install/aerogripper_control/share/ament_index/resource_index/packages/aerogripper_control
[15.451s] -- Up-to-date: /home/fyp/FYP/aerogripper_ws/install/aerogripper_control/share/aerogripper_control/cmake/aerogripper_controlConfig.cmake
[15.451s] -- Up-to-date: /home/fyp/FYP/aerogripper_ws/install/aerogripper_control/share/aerogripper_control/cmake/aerogripper_controlConfig-version.cmake
[15.451s] -- Up-to-date: /home/fyp/FYP/aerogripper_ws/install/aerogripper_control/share/aerogripper_control/package.xml
[15.453s] Invoked command in '/home/fyp/FYP/aerogripper_ws/build/aerogripper_control' returned '0': CMAKE_PREFIX_PATH=/home/fyp/FYP/aerogripper_ws/install/aerogripper_msgs:/home/fyp/FYP/aerogripper_ws/install/aerogripper_simulator:/home/fyp/FYP/aerogripper_ws/install/aerogripper_control:/home/fyp/FYP/px4_ws/install/px4_ros_com:/home/fyp/FYP/px4_ws/install/px4_msgs:/opt/ros/humble /usr/bin/cmake --install /home/fyp/FYP/aerogripper_ws/build/aerogripper_control
