[  2%] Built target aerogripper_msgs__cpp
[ 11%] Built target aerogripper_msgs__rosidl_generator_c
[ 11%] Built target ament_cmake_python_copy_aerogripper_msgs
[ 20%] Built target aerogripper_msgs__rosidl_typesupport_cpp
[ 30%] Built target aerogripper_msgs__rosidl_typesupport_fastrtps_cpp
[ 39%] Built target aerogripper_msgs__rosidl_typesupport_introspection_cpp
[ 48%] Built target aerogripper_msgs__rosidl_typesupport_c
[ 58%] Built target aerogripper_msgs__rosidl_typesupport_introspection_c
[ 67%] Built target aerogripper_msgs__rosidl_typesupport_fastrtps_c
[ 67%] Built target aerogripper_msgs
[ 69%] Built target aerogripper_msgs__py
[ 74%] Built target test_controller_state
[ 79%] Built target test_publisher
[ 86%] Built target aerogripper_msgs__rosidl_generator_py
[ 95%] Built target aerogripper_msgs__rosidl_typesupport_introspection_c__pyext
[ 95%] Built target aerogripper_msgs__rosidl_typesupport_fastrtps_c__pyext
[100%] Built target aerogripper_msgs__rosidl_typesupport_c__pyext
running egg_info
writing aerogripper_msgs.egg-info/PKG-INFO
writing dependency_links to aerogripper_msgs.egg-info/dependency_links.txt
writing top-level names to aerogripper_msgs.egg-info/top_level.txt
reading manifest file 'aerogripper_msgs.egg-info/SOURCES.txt'
writing manifest file 'aerogripper_msgs.egg-info/SOURCES.txt'
[100%] Built target ament_cmake_python_build_aerogripper_msgs_egg
-- Install configuration: ""
-- Up-to-date: /home/fyp/FYP/aerogripper_ws/install/aerogripper_msgs/share/ament_index/resource_index/rosidl_interfaces/aerogripper_msgs
-- Up-to-date: /home/fyp/FYP/aerogripper_ws/install/aerogripper_msgs/include/aerogripper_msgs/aerogripper_msgs
-- Up-to-date: /home/fyp/FYP/aerogripper_ws/install/aerogripper_msgs/include/aerogripper_msgs/aerogripper_msgs/msg
-- Up-to-date: /home/fyp/FYP/aerogripper_ws/install/aerogripper_msgs/include/aerogripper_msgs/aerogripper_msgs/msg/detail
-- Up-to-date: /home/fyp/FYP/aerogripper_ws/install/aerogripper_msgs/include/aerogripper_msgs/aerogripper_msgs/msg/detail/pose_reference__type_support.h
-- Up-to-date: /home/fyp/FYP/aerogripper_ws/install/aerogripper_msgs/include/aerogripper_msgs/aerogripper_msgs/msg/detail/controller_state__functions.h
-- Up-to-date: /home/fyp/FYP/aerogripper_ws/install/aerogripper_msgs/include/aerogripper_msgs/aerogripper_msgs/msg/detail/controller_state__type_support.h
-- Up-to-date: /home/fyp/FYP/aerogripper_ws/install/aerogripper_msgs/include/aerogripper_msgs/aerogripper_msgs/msg/detail/pose_reference__functions.c
-- Up-to-date: /home/fyp/FYP/aerogripper_ws/install/aerogripper_msgs/include/aerogripper_msgs/aerogripper_msgs/msg/detail/pose_reference__functions.h
-- Up-to-date: /home/fyp/FYP/aerogripper_ws/install/aerogripper_msgs/include/aerogripper_msgs/aerogripper_msgs/msg/detail/controller_state__functions.c
-- Up-to-date: /home/fyp/FYP/aerogripper_ws/install/aerogripper_msgs/include/aerogripper_msgs/aerogripper_msgs/msg/detail/controller_state__struct.h
-- Up-to-date: /home/fyp/FYP/aerogripper_ws/install/aerogripper_msgs/include/aerogripper_msgs/aerogripper_msgs/msg/detail/pose_reference__struct.h
-- Up-to-date: /home/fyp/FYP/aerogripper_ws/install/aerogripper_msgs/include/aerogripper_msgs/aerogripper_msgs/msg/controller_state.h
-- Up-to-date: /home/fyp/FYP/aerogripper_ws/install/aerogripper_msgs/include/aerogripper_msgs/aerogripper_msgs/msg/pose_reference.h
-- Up-to-date: /home/fyp/FYP/aerogripper_ws/install/aerogripper_msgs/include/aerogripper_msgs/aerogripper_msgs/msg/rosidl_generator_c__visibility_control.h
-- Up-to-date: /home/fyp/FYP/aerogripper_ws/install/aerogripper_msgs/share/aerogripper_msgs/environment/library_path.sh
-- Up-to-date: /home/fyp/FYP/aerogripper_ws/install/aerogripper_msgs/share/aerogripper_msgs/environment/library_path.dsv
-- Up-to-date: /home/fyp/FYP/aerogripper_ws/install/aerogripper_msgs/lib/libaerogripper_msgs__rosidl_generator_c.so
-- Up-to-date: /home/fyp/FYP/aerogripper_ws/install/aerogripper_msgs/include/aerogripper_msgs/aerogripper_msgs
-- Up-to-date: /home/fyp/FYP/aerogripper_ws/install/aerogripper_msgs/include/aerogripper_msgs/aerogripper_msgs/msg
-- Up-to-date: /home/fyp/FYP/aerogripper_ws/install/aerogripper_msgs/include/aerogripper_msgs/aerogripper_msgs/msg/detail
-- Up-to-date: /home/fyp/FYP/aerogripper_ws/install/aerogripper_msgs/include/aerogripper_msgs/aerogripper_msgs/msg/detail/pose_reference__rosidl_typesupport_fastrtps_c.h
-- Up-to-date: /home/fyp/FYP/aerogripper_ws/install/aerogripper_msgs/include/aerogripper_msgs/aerogripper_msgs/msg/detail/controller_state__rosidl_typesupport_fastrtps_c.h
-- Up-to-date: /home/fyp/FYP/aerogripper_ws/install/aerogripper_msgs/include/aerogripper_msgs/aerogripper_msgs/msg/rosidl_typesupport_fastrtps_c__visibility_control.h
-- Up-to-date: /home/fyp/FYP/aerogripper_ws/install/aerogripper_msgs/lib/libaerogripper_msgs__rosidl_typesupport_fastrtps_c.so
-- Up-to-date: /home/fyp/FYP/aerogripper_ws/install/aerogripper_msgs/include/aerogripper_msgs/aerogripper_msgs
-- Up-to-date: /home/fyp/FYP/aerogripper_ws/install/aerogripper_msgs/include/aerogripper_msgs/aerogripper_msgs/msg
-- Up-to-date: /home/fyp/FYP/aerogripper_ws/install/aerogripper_msgs/include/aerogripper_msgs/aerogripper_msgs/msg/detail
-- Up-to-date: /home/fyp/FYP/aerogripper_ws/install/aerogripper_msgs/include/aerogripper_msgs/aerogripper_msgs/msg/detail/pose_reference__rosidl_typesupport_introspection_c.h
-- Up-to-date: /home/fyp/FYP/aerogripper_ws/install/aerogripper_msgs/include/aerogripper_msgs/aerogripper_msgs/msg/detail/controller_state__type_support.c
-- Up-to-date: /home/fyp/FYP/aerogripper_ws/install/aerogripper_msgs/include/aerogripper_msgs/aerogripper_msgs/msg/detail/controller_state__rosidl_typesupport_introspection_c.h
-- Up-to-date: /home/fyp/FYP/aerogripper_ws/install/aerogripper_msgs/include/aerogripper_msgs/aerogripper_msgs/msg/detail/pose_reference__type_support.c
-- Up-to-date: /home/fyp/FYP/aerogripper_ws/install/aerogripper_msgs/include/aerogripper_msgs/aerogripper_msgs/msg/rosidl_typesupport_introspection_c__visibility_control.h
-- Up-to-date: /home/fyp/FYP/aerogripper_ws/install/aerogripper_msgs/lib/libaerogripper_msgs__rosidl_typesupport_introspection_c.so
-- Up-to-date: /home/fyp/FYP/aerogripper_ws/install/aerogripper_msgs/lib/libaerogripper_msgs__rosidl_typesupport_c.so
-- Up-to-date: /home/fyp/FYP/aerogripper_ws/install/aerogripper_msgs/include/aerogripper_msgs/aerogripper_msgs
-- Up-to-date: /home/fyp/FYP/aerogripper_ws/install/aerogripper_msgs/include/aerogripper_msgs/aerogripper_msgs/msg
-- Up-to-date: /home/fyp/FYP/aerogripper_ws/install/aerogripper_msgs/include/aerogripper_msgs/aerogripper_msgs/msg/detail
-- Up-to-date: /home/fyp/FYP/aerogripper_ws/install/aerogripper_msgs/include/aerogripper_msgs/aerogripper_msgs/msg/detail/pose_reference__builder.hpp
-- Up-to-date: /home/fyp/FYP/aerogripper_ws/install/aerogripper_msgs/include/aerogripper_msgs/aerogripper_msgs/msg/detail/pose_reference__type_support.hpp
-- Up-to-date: /home/fyp/FYP/aerogripper_ws/install/aerogripper_msgs/include/aerogripper_msgs/aerogripper_msgs/msg/detail/controller_state__traits.hpp
-- Up-to-date: /home/fyp/FYP/aerogripper_ws/install/aerogripper_msgs/include/aerogripper_msgs/aerogripper_msgs/msg/detail/controller_state__builder.hpp
-- Up-to-date: /home/fyp/FYP/aerogripper_ws/install/aerogripper_msgs/include/aerogripper_msgs/aerogripper_msgs/msg/detail/controller_state__type_support.hpp
-- Up-to-date: /home/fyp/FYP/aerogripper_ws/install/aerogripper_msgs/include/aerogripper_msgs/aerogripper_msgs/msg/detail/pose_reference__traits.hpp
-- Up-to-date: /home/fyp/FYP/aerogripper_ws/install/aerogripper_msgs/include/aerogripper_msgs/aerogripper_msgs/msg/detail/pose_reference__struct.hpp
-- Up-to-date: /home/fyp/FYP/aerogripper_ws/install/aerogripper_msgs/include/aerogripper_msgs/aerogripper_msgs/msg/detail/controller_state__struct.hpp
-- Up-to-date: /home/fyp/FYP/aerogripper_ws/install/aerogripper_msgs/include/aerogripper_msgs/aerogripper_msgs/msg/pose_reference.hpp
-- Up-to-date: /home/fyp/FYP/aerogripper_ws/install/aerogripper_msgs/include/aerogripper_msgs/aerogripper_msgs/msg/rosidl_generator_cpp__visibility_control.hpp
-- Up-to-date: /home/fyp/FYP/aerogripper_ws/install/aerogripper_msgs/include/aerogripper_msgs/aerogripper_msgs/msg/controller_state.hpp
-- Up-to-date: /home/fyp/FYP/aerogripper_ws/install/aerogripper_msgs/include/aerogripper_msgs/aerogripper_msgs
-- Up-to-date: /home/fyp/FYP/aerogripper_ws/install/aerogripper_msgs/include/aerogripper_msgs/aerogripper_msgs/msg
-- Up-to-date: /home/fyp/FYP/aerogripper_ws/install/aerogripper_msgs/include/aerogripper_msgs/aerogripper_msgs/msg/detail
-- Up-to-date: /home/fyp/FYP/aerogripper_ws/install/aerogripper_msgs/include/aerogripper_msgs/aerogripper_msgs/msg/detail/dds_fastrtps
-- Up-to-date: /home/fyp/FYP/aerogripper_ws/install/aerogripper_msgs/include/aerogripper_msgs/aerogripper_msgs/msg/detail/pose_reference__rosidl_typesupport_fastrtps_cpp.hpp
-- Up-to-date: /home/fyp/FYP/aerogripper_ws/install/aerogripper_msgs/include/aerogripper_msgs/aerogripper_msgs/msg/detail/controller_state__rosidl_typesupport_fastrtps_cpp.hpp
-- Up-to-date: /home/fyp/FYP/aerogripper_ws/install/aerogripper_msgs/include/aerogripper_msgs/aerogripper_msgs/msg/rosidl_typesupport_fastrtps_cpp__visibility_control.h
-- Up-to-date: /home/fyp/FYP/aerogripper_ws/install/aerogripper_msgs/lib/libaerogripper_msgs__rosidl_typesupport_fastrtps_cpp.so
-- Up-to-date: /home/fyp/FYP/aerogripper_ws/install/aerogripper_msgs/include/aerogripper_msgs/aerogripper_msgs
-- Up-to-date: /home/fyp/FYP/aerogripper_ws/install/aerogripper_msgs/include/aerogripper_msgs/aerogripper_msgs/msg
-- Up-to-date: /home/fyp/FYP/aerogripper_ws/install/aerogripper_msgs/include/aerogripper_msgs/aerogripper_msgs/msg/detail
-- Up-to-date: /home/fyp/FYP/aerogripper_ws/install/aerogripper_msgs/include/aerogripper_msgs/aerogripper_msgs/msg/detail/controller_state__type_support.cpp
-- Up-to-date: /home/fyp/FYP/aerogripper_ws/install/aerogripper_msgs/include/aerogripper_msgs/aerogripper_msgs/msg/detail/controller_state__rosidl_typesupport_introspection_cpp.hpp
-- Up-to-date: /home/fyp/FYP/aerogripper_ws/install/aerogripper_msgs/include/aerogripper_msgs/aerogripper_msgs/msg/detail/pose_reference__rosidl_typesupport_introspection_cpp.hpp
-- Up-to-date: /home/fyp/FYP/aerogripper_ws/install/aerogripper_msgs/include/aerogripper_msgs/aerogripper_msgs/msg/detail/pose_reference__type_support.cpp
-- Up-to-date: /home/fyp/FYP/aerogripper_ws/install/aerogripper_msgs/lib/libaerogripper_msgs__rosidl_typesupport_introspection_cpp.so
-- Up-to-date: /home/fyp/FYP/aerogripper_ws/install/aerogripper_msgs/lib/libaerogripper_msgs__rosidl_typesupport_cpp.so
-- Up-to-date: /home/fyp/FYP/aerogripper_ws/install/aerogripper_msgs/share/aerogripper_msgs/environment/pythonpath.sh
-- Up-to-date: /home/fyp/FYP/aerogripper_ws/install/aerogripper_msgs/share/aerogripper_msgs/environment/pythonpath.dsv
-- Up-to-date: /home/fyp/FYP/aerogripper_ws/install/aerogripper_msgs/local/lib/python3.10/dist-packages/aerogripper_msgs-0.0.0-py3.10.egg-info
-- Installing: /home/fyp/FYP/aerogripper_ws/install/aerogripper_msgs/local/lib/python3.10/dist-packages/aerogripper_msgs-0.0.0-py3.10.egg-info/PKG-INFO
-- Installing: /home/fyp/FYP/aerogripper_ws/install/aerogripper_msgs/local/lib/python3.10/dist-packages/aerogripper_msgs-0.0.0-py3.10.egg-info/SOURCES.txt
-- Installing: /home/fyp/FYP/aerogripper_ws/install/aerogripper_msgs/local/lib/python3.10/dist-packages/aerogripper_msgs-0.0.0-py3.10.egg-info/top_level.txt
-- Installing: /home/fyp/FYP/aerogripper_ws/install/aerogripper_msgs/local/lib/python3.10/dist-packages/aerogripper_msgs-0.0.0-py3.10.egg-info/dependency_links.txt
-- Up-to-date: /home/fyp/FYP/aerogripper_ws/install/aerogripper_msgs/local/lib/python3.10/dist-packages/aerogripper_msgs
-- Up-to-date: /home/fyp/FYP/aerogripper_ws/install/aerogripper_msgs/local/lib/python3.10/dist-packages/aerogripper_msgs/__init__.py
-- Up-to-date: /home/fyp/FYP/aerogripper_ws/install/aerogripper_msgs/local/lib/python3.10/dist-packages/aerogripper_msgs/aerogripper_msgs_s__rosidl_typesupport_introspection_c.cpython-310-x86_64-linux-gnu.so
-- Up-to-date: /home/fyp/FYP/aerogripper_ws/install/aerogripper_msgs/local/lib/python3.10/dist-packages/aerogripper_msgs/aerogripper_msgs_s__rosidl_typesupport_fastrtps_c.cpython-310-x86_64-linux-gnu.so
-- Up-to-date: /home/fyp/FYP/aerogripper_ws/install/aerogripper_msgs/local/lib/python3.10/dist-packages/aerogripper_msgs/libaerogripper_msgs__rosidl_generator_py.so
-- Up-to-date: /home/fyp/FYP/aerogripper_ws/install/aerogripper_msgs/local/lib/python3.10/dist-packages/aerogripper_msgs/_aerogripper_msgs_s.ep.rosidl_typesupport_c.c
-- Up-to-date: /home/fyp/FYP/aerogripper_ws/install/aerogripper_msgs/local/lib/python3.10/dist-packages/aerogripper_msgs/_aerogripper_msgs_s.ep.rosidl_typesupport_fastrtps_c.c
-- Up-to-date: /home/fyp/FYP/aerogripper_ws/install/aerogripper_msgs/local/lib/python3.10/dist-packages/aerogripper_msgs/aerogripper_msgs_s__rosidl_typesupport_c.cpython-310-x86_64-linux-gnu.so
-- Up-to-date: /home/fyp/FYP/aerogripper_ws/install/aerogripper_msgs/local/lib/python3.10/dist-packages/aerogripper_msgs/msg
-- Up-to-date: /home/fyp/FYP/aerogripper_ws/install/aerogripper_msgs/local/lib/python3.10/dist-packages/aerogripper_msgs/msg/__init__.py
-- Up-to-date: /home/fyp/FYP/aerogripper_ws/install/aerogripper_msgs/local/lib/python3.10/dist-packages/aerogripper_msgs/msg/_controller_state_s.c
-- Up-to-date: /home/fyp/FYP/aerogripper_ws/install/aerogripper_msgs/local/lib/python3.10/dist-packages/aerogripper_msgs/msg/_controller_state.py
-- Up-to-date: /home/fyp/FYP/aerogripper_ws/install/aerogripper_msgs/local/lib/python3.10/dist-packages/aerogripper_msgs/msg/_pose_reference.py
-- Up-to-date: /home/fyp/FYP/aerogripper_ws/install/aerogripper_msgs/local/lib/python3.10/dist-packages/aerogripper_msgs/msg/_pose_reference_s.c
-- Up-to-date: /home/fyp/FYP/aerogripper_ws/install/aerogripper_msgs/local/lib/python3.10/dist-packages/aerogripper_msgs/_aerogripper_msgs_s.ep.rosidl_typesupport_introspection_c.c
Listing '/home/fyp/FYP/aerogripper_ws/install/aerogripper_msgs/local/lib/python3.10/dist-packages/aerogripper_msgs'...
Listing '/home/fyp/FYP/aerogripper_ws/install/aerogripper_msgs/local/lib/python3.10/dist-packages/aerogripper_msgs/msg'...
-- Up-to-date: /home/fyp/FYP/aerogripper_ws/install/aerogripper_msgs/local/lib/python3.10/dist-packages/aerogripper_msgs/aerogripper_msgs_s__rosidl_typesupport_fastrtps_c.cpython-310-x86_64-linux-gnu.so
-- Up-to-date: /home/fyp/FYP/aerogripper_ws/install/aerogripper_msgs/local/lib/python3.10/dist-packages/aerogripper_msgs/aerogripper_msgs_s__rosidl_typesupport_introspection_c.cpython-310-x86_64-linux-gnu.so
-- Up-to-date: /home/fyp/FYP/aerogripper_ws/install/aerogripper_msgs/local/lib/python3.10/dist-packages/aerogripper_msgs/aerogripper_msgs_s__rosidl_typesupport_c.cpython-310-x86_64-linux-gnu.so
-- Up-to-date: /home/fyp/FYP/aerogripper_ws/install/aerogripper_msgs/lib/libaerogripper_msgs__rosidl_generator_py.so
-- Up-to-date: /home/fyp/FYP/aerogripper_ws/install/aerogripper_msgs/share/aerogripper_msgs/msg/PoseReference.idl
-- Up-to-date: /home/fyp/FYP/aerogripper_ws/install/aerogripper_msgs/share/aerogripper_msgs/msg/ControllerState.idl
-- Up-to-date: /home/fyp/FYP/aerogripper_ws/install/aerogripper_msgs/share/aerogripper_msgs/msg/PoseReference.msg
-- Up-to-date: /home/fyp/FYP/aerogripper_ws/install/aerogripper_msgs/share/aerogripper_msgs/msg/ControllerState.msg
-- Up-to-date: /home/fyp/FYP/aerogripper_ws/install/aerogripper_msgs/lib/aerogripper_msgs/test_publisher
-- Up-to-date: /home/fyp/FYP/aerogripper_ws/install/aerogripper_msgs/lib/aerogripper_msgs/test_controller_state
-- Up-to-date: /home/fyp/FYP/aerogripper_ws/install/aerogripper_msgs/lib/aerogripper_msgs/controller_state_subscriber.py
-- Up-to-date: /home/fyp/FYP/aerogripper_ws/install/aerogripper_msgs/share/ament_index/resource_index/package_run_dependencies/aerogripper_msgs
-- Up-to-date: /home/fyp/FYP/aerogripper_ws/install/aerogripper_msgs/share/ament_index/resource_index/parent_prefix_path/aerogripper_msgs
-- Up-to-date: /home/fyp/FYP/aerogripper_ws/install/aerogripper_msgs/share/aerogripper_msgs/environment/ament_prefix_path.sh
-- Up-to-date: /home/fyp/FYP/aerogripper_ws/install/aerogripper_msgs/share/aerogripper_msgs/environment/ament_prefix_path.dsv
-- Up-to-date: /home/fyp/FYP/aerogripper_ws/install/aerogripper_msgs/share/aerogripper_msgs/environment/path.sh
-- Up-to-date: /home/fyp/FYP/aerogripper_ws/install/aerogripper_msgs/share/aerogripper_msgs/environment/path.dsv
-- Up-to-date: /home/fyp/FYP/aerogripper_ws/install/aerogripper_msgs/share/aerogripper_msgs/local_setup.bash
-- Up-to-date: /home/fyp/FYP/aerogripper_ws/install/aerogripper_msgs/share/aerogripper_msgs/local_setup.sh
-- Up-to-date: /home/fyp/FYP/aerogripper_ws/install/aerogripper_msgs/share/aerogripper_msgs/local_setup.zsh
-- Up-to-date: /home/fyp/FYP/aerogripper_ws/install/aerogripper_msgs/share/aerogripper_msgs/local_setup.dsv
-- Installing: /home/fyp/FYP/aerogripper_ws/install/aerogripper_msgs/share/aerogripper_msgs/package.dsv
-- Up-to-date: /home/fyp/FYP/aerogripper_ws/install/aerogripper_msgs/share/ament_index/resource_index/packages/aerogripper_msgs
-- Up-to-date: /home/fyp/FYP/aerogripper_ws/install/aerogripper_msgs/share/aerogripper_msgs/cmake/export_aerogripper_msgs__rosidl_generator_cExport.cmake
-- Up-to-date: /home/fyp/FYP/aerogripper_ws/install/aerogripper_msgs/share/aerogripper_msgs/cmake/export_aerogripper_msgs__rosidl_generator_cExport-noconfig.cmake
-- Up-to-date: /home/fyp/FYP/aerogripper_ws/install/aerogripper_msgs/share/aerogripper_msgs/cmake/export_aerogripper_msgs__rosidl_typesupport_fastrtps_cExport.cmake
-- Up-to-date: /home/fyp/FYP/aerogripper_ws/install/aerogripper_msgs/share/aerogripper_msgs/cmake/export_aerogripper_msgs__rosidl_typesupport_fastrtps_cExport-noconfig.cmake
-- Up-to-date: /home/fyp/FYP/aerogripper_ws/install/aerogripper_msgs/share/aerogripper_msgs/cmake/aerogripper_msgs__rosidl_typesupport_introspection_cExport.cmake
-- Up-to-date: /home/fyp/FYP/aerogripper_ws/install/aerogripper_msgs/share/aerogripper_msgs/cmake/aerogripper_msgs__rosidl_typesupport_introspection_cExport-noconfig.cmake
-- Up-to-date: /home/fyp/FYP/aerogripper_ws/install/aerogripper_msgs/share/aerogripper_msgs/cmake/aerogripper_msgs__rosidl_typesupport_cExport.cmake
-- Up-to-date: /home/fyp/FYP/aerogripper_ws/install/aerogripper_msgs/share/aerogripper_msgs/cmake/aerogripper_msgs__rosidl_typesupport_cExport-noconfig.cmake
-- Up-to-date: /home/fyp/FYP/aerogripper_ws/install/aerogripper_msgs/share/aerogripper_msgs/cmake/export_aerogripper_msgs__rosidl_generator_cppExport.cmake
-- Up-to-date: /home/fyp/FYP/aerogripper_ws/install/aerogripper_msgs/share/aerogripper_msgs/cmake/export_aerogripper_msgs__rosidl_typesupport_fastrtps_cppExport.cmake
-- Up-to-date: /home/fyp/FYP/aerogripper_ws/install/aerogripper_msgs/share/aerogripper_msgs/cmake/export_aerogripper_msgs__rosidl_typesupport_fastrtps_cppExport-noconfig.cmake
-- Up-to-date: /home/fyp/FYP/aerogripper_ws/install/aerogripper_msgs/share/aerogripper_msgs/cmake/aerogripper_msgs__rosidl_typesupport_introspection_cppExport.cmake
-- Up-to-date: /home/fyp/FYP/aerogripper_ws/install/aerogripper_msgs/share/aerogripper_msgs/cmake/aerogripper_msgs__rosidl_typesupport_introspection_cppExport-noconfig.cmake
-- Up-to-date: /home/fyp/FYP/aerogripper_ws/install/aerogripper_msgs/share/aerogripper_msgs/cmake/aerogripper_msgs__rosidl_typesupport_cppExport.cmake
-- Up-to-date: /home/fyp/FYP/aerogripper_ws/install/aerogripper_msgs/share/aerogripper_msgs/cmake/aerogripper_msgs__rosidl_typesupport_cppExport-noconfig.cmake
-- Up-to-date: /home/fyp/FYP/aerogripper_ws/install/aerogripper_msgs/share/aerogripper_msgs/cmake/export_aerogripper_msgs__rosidl_generator_pyExport.cmake
-- Up-to-date: /home/fyp/FYP/aerogripper_ws/install/aerogripper_msgs/share/aerogripper_msgs/cmake/export_aerogripper_msgs__rosidl_generator_pyExport-noconfig.cmake
-- Up-to-date: /home/fyp/FYP/aerogripper_ws/install/aerogripper_msgs/share/aerogripper_msgs/cmake/rosidl_cmake-extras.cmake
-- Up-to-date: /home/fyp/FYP/aerogripper_ws/install/aerogripper_msgs/share/aerogripper_msgs/cmake/ament_cmake_export_dependencies-extras.cmake
-- Up-to-date: /home/fyp/FYP/aerogripper_ws/install/aerogripper_msgs/share/aerogripper_msgs/cmake/ament_cmake_export_include_directories-extras.cmake
-- Up-to-date: /home/fyp/FYP/aerogripper_ws/install/aerogripper_msgs/share/aerogripper_msgs/cmake/ament_cmake_export_libraries-extras.cmake
-- Up-to-date: /home/fyp/FYP/aerogripper_ws/install/aerogripper_msgs/share/aerogripper_msgs/cmake/ament_cmake_export_targets-extras.cmake
-- Up-to-date: /home/fyp/FYP/aerogripper_ws/install/aerogripper_msgs/share/aerogripper_msgs/cmake/rosidl_cmake_export_typesupport_targets-extras.cmake
-- Up-to-date: /home/fyp/FYP/aerogripper_ws/install/aerogripper_msgs/share/aerogripper_msgs/cmake/rosidl_cmake_export_typesupport_libraries-extras.cmake
-- Up-to-date: /home/fyp/FYP/aerogripper_ws/install/aerogripper_msgs/share/aerogripper_msgs/cmake/aerogripper_msgsConfig.cmake
-- Up-to-date: /home/fyp/FYP/aerogripper_ws/install/aerogripper_msgs/share/aerogripper_msgs/cmake/aerogripper_msgsConfig-version.cmake
-- Up-to-date: /home/fyp/FYP/aerogripper_ws/install/aerogripper_msgs/share/aerogripper_msgs/package.xml
