[0.264s] Invoking command in '/home/fyp/FYP/aerogripper_ws/build/aerogripper_control': CMAKE_PREFIX_PATH=/home/fyp/FYP/aerogripper_ws/install/aerogripper_msgs:/home/fyp/FYP/aerogripper_ws/install/aerogripper_simulator:/home/fyp/FYP/aerogripper_ws/install/aerogripper_control:/home/fyp/FYP/px4_ws/install/px4_ros_com:/home/fyp/FYP/px4_ws/install/px4_msgs:/opt/ros/humble /usr/bin/cmake --build /home/fyp/FYP/aerogripper_ws/build/aerogripper_control -- -j32 -l32
[0.312s] [ 20%] Built target motor_test_node
[0.313s] [ 50%] Built target aerogripper_control_lib
[0.340s] [ 70%] Built target test_integration
[0.341s] [100%] Built target aerogripper_control_node
[0.358s] Invoked command in '/home/fyp/FYP/aerogripper_ws/build/aerogripper_control' returned '0': CMAKE_PREFIX_PATH=/home/fyp/FYP/aerogripper_ws/install/aerogripper_msgs:/home/fyp/FYP/aerogripper_ws/install/aerogripper_simulator:/home/fyp/FYP/aerogripper_ws/install/aerogripper_control:/home/fyp/FYP/px4_ws/install/px4_ros_com:/home/fyp/FYP/px4_ws/install/px4_msgs:/opt/ros/humble /usr/bin/cmake --build /home/fyp/FYP/aerogripper_ws/build/aerogripper_control -- -j32 -l32
[0.358s] Invoking command in '/home/fyp/FYP/aerogripper_ws/build/aerogripper_control': CMAKE_PREFIX_PATH=/home/fyp/FYP/aerogripper_ws/install/aerogripper_msgs:/home/fyp/FYP/aerogripper_ws/install/aerogripper_simulator:/home/fyp/FYP/aerogripper_ws/install/aerogripper_control:/home/fyp/FYP/px4_ws/install/px4_ros_com:/home/fyp/FYP/px4_ws/install/px4_msgs:/opt/ros/humble /usr/bin/cmake --install /home/fyp/FYP/aerogripper_ws/build/aerogripper_control
[0.364s] -- Install configuration: ""
[0.364s] -- Up-to-date: /home/fyp/FYP/aerogripper_ws/install/aerogripper_control/lib/aerogripper_control/aerogripper_control_node
[0.364s] -- Up-to-date: /home/fyp/FYP/aerogripper_ws/install/aerogripper_control/lib/aerogripper_control/test_integration
[0.364s] -- Up-to-date: /home/fyp/FYP/aerogripper_ws/install/aerogripper_control/lib/aerogripper_control/libaerogripper_control_lib.a
[0.364s] -- Up-to-date: /home/fyp/FYP/aerogripper_ws/install/aerogripper_control/lib/aerogripper_control/motor_test_node
[0.365s] -- Up-to-date: /home/fyp/FYP/aerogripper_ws/install/aerogripper_control/share/aerogripper_control/launch
[0.365s] -- Up-to-date: /home/fyp/FYP/aerogripper_ws/install/aerogripper_control/share/aerogripper_control/launch/test.launch.py
[0.365s] -- Up-to-date: /home/fyp/FYP/aerogripper_ws/install/aerogripper_control/share/aerogripper_control/config
[0.365s] -- Installing: /home/fyp/FYP/aerogripper_ws/install/aerogripper_control/share/aerogripper_control/config/config.yaml
[0.365s] -- Up-to-date: /home/fyp/FYP/aerogripper_ws/install/aerogripper_control/share/aerogripper_control/config/README_yaw_weight.md
[0.365s] -- Up-to-date: /home/fyp/FYP/aerogripper_ws/install/aerogripper_control/share/aerogripper_control/config/controller_params.yaml
[0.365s] -- Up-to-date: /home/fyp/FYP/aerogripper_ws/install/aerogripper_control/share/aerogripper_control/config/README_params.md
[0.365s] -- Up-to-date: /home/fyp/FYP/aerogripper_ws/install/aerogripper_control/share/ament_index/resource_index/package_run_dependencies/aerogripper_control
[0.365s] -- Up-to-date: /home/fyp/FYP/aerogripper_ws/install/aerogripper_control/share/ament_index/resource_index/parent_prefix_path/aerogripper_control
[0.365s] -- Up-to-date: /home/fyp/FYP/aerogripper_ws/install/aerogripper_control/share/aerogripper_control/environment/ament_prefix_path.sh
[0.365s] -- Up-to-date: /home/fyp/FYP/aerogripper_ws/install/aerogripper_control/share/aerogripper_control/environment/ament_prefix_path.dsv
[0.365s] -- Up-to-date: /home/fyp/FYP/aerogripper_ws/install/aerogripper_control/share/aerogripper_control/environment/path.sh
[0.365s] -- Up-to-date: /home/fyp/FYP/aerogripper_ws/install/aerogripper_control/share/aerogripper_control/environment/path.dsv
[0.365s] -- Up-to-date: /home/fyp/FYP/aerogripper_ws/install/aerogripper_control/share/aerogripper_control/local_setup.bash
[0.366s] -- Up-to-date: /home/fyp/FYP/aerogripper_ws/install/aerogripper_control/share/aerogripper_control/local_setup.sh
[0.366s] -- Up-to-date: /home/fyp/FYP/aerogripper_ws/install/aerogripper_control/share/aerogripper_control/local_setup.zsh
[0.366s] -- Up-to-date: /home/fyp/FYP/aerogripper_ws/install/aerogripper_control/share/aerogripper_control/local_setup.dsv
[0.366s] -- Installing: /home/fyp/FYP/aerogripper_ws/install/aerogripper_control/share/aerogripper_control/package.dsv
[0.366s] -- Up-to-date: /home/fyp/FYP/aerogripper_ws/install/aerogripper_control/share/ament_index/resource_index/packages/aerogripper_control
[0.366s] -- Up-to-date: /home/fyp/FYP/aerogripper_ws/install/aerogripper_control/share/aerogripper_control/cmake/aerogripper_controlConfig.cmake
[0.366s] -- Up-to-date: /home/fyp/FYP/aerogripper_ws/install/aerogripper_control/share/aerogripper_control/cmake/aerogripper_controlConfig-version.cmake
[0.366s] -- Up-to-date: /home/fyp/FYP/aerogripper_ws/install/aerogripper_control/share/aerogripper_control/package.xml
[0.368s] Invoked command in '/home/fyp/FYP/aerogripper_ws/build/aerogripper_control' returned '0': CMAKE_PREFIX_PATH=/home/fyp/FYP/aerogripper_ws/install/aerogripper_msgs:/home/fyp/FYP/aerogripper_ws/install/aerogripper_simulator:/home/fyp/FYP/aerogripper_ws/install/aerogripper_control:/home/fyp/FYP/px4_ws/install/px4_ros_com:/home/fyp/FYP/px4_ws/install/px4_msgs:/opt/ros/humble /usr/bin/cmake --install /home/fyp/FYP/aerogripper_ws/build/aerogripper_control
