[0.987s] DEBUG:colcon:Command line arguments: ['/usr/bin/colcon', 'build']
[0.987s] DEBUG:colcon:Parsed command line arguments: Namespace(log_base=None, log_level=None, verb_name='build', build_base='build', install_base='install', merge_install=False, symlink_install=False, test_result_base=None, continue_on_error=False, executor='parallel', parallel_workers=32, event_handlers=None, ignore_user_meta=False, metas=['./colcon.meta'], base_paths=['.'], packages_ignore=None, packages_ignore_regex=None, paths=None, packages_up_to=None, packages_up_to_regex=None, packages_above=None, packages_above_and_dependencies=None, packages_above_depth=None, packages_select_by_dep=None, packages_skip_by_dep=None, packages_skip_up_to=None, packages_select_build_failed=False, packages_skip_build_finished=False, packages_select_test_failures=False, packages_skip_test_passed=False, packages_select=None, packages_skip=None, packages_select_regex=None, packages_skip_regex=None, packages_start=None, packages_end=None, allow_overriding=[], cmake_args=None, cmake_target=None, cmake_target_skip_unavailable=False, cmake_clean_cache=False, cmake_clean_first=False, cmake_force_configure=False, ament_cmake_args=None, catkin_cmake_args=None, catkin_skip_building_tests=False, verb_parser=<colcon_defaults.argument_parser.defaults.DefaultArgumentsDecorator object at 0x772c181cfdf0>, verb_extension=<colcon_core.verb.build.BuildVerb object at 0x772c181cf4f0>, main=<bound method BuildVerb.main of <colcon_core.verb.build.BuildVerb object at 0x772c181cf4f0>>)
[1.335s] Level 1:colcon.colcon_core.package_discovery:discover_packages(colcon_meta) check parameters
[1.335s] Level 1:colcon.colcon_core.package_discovery:discover_packages(recursive) check parameters
[1.335s] Level 1:colcon.colcon_core.package_discovery:discover_packages(ignore) check parameters
[1.335s] Level 1:colcon.colcon_core.package_discovery:discover_packages(path) check parameters
[1.335s] Level 1:colcon.colcon_core.package_discovery:discover_packages(colcon_meta) discover
[1.336s] Level 1:colcon.colcon_core.package_discovery:discover_packages(recursive) discover
[1.336s] INFO:colcon.colcon_core.package_discovery:Crawling recursively for packages in '/home/fyp/FYP/aerogripper_ws'
[1.336s] Level 1:colcon.colcon_core.package_identification:_identify(.) by extensions ['ignore', 'ignore_ament_install']
[1.336s] Level 1:colcon.colcon_core.package_identification:_identify(.) by extension 'ignore'
[1.336s] Level 1:colcon.colcon_core.package_identification:_identify(.) by extension 'ignore_ament_install'
[1.336s] Level 1:colcon.colcon_core.package_identification:_identify(.) by extensions ['colcon_pkg']
[1.336s] Level 1:colcon.colcon_core.package_identification:_identify(.) by extension 'colcon_pkg'
[1.336s] Level 1:colcon.colcon_core.package_identification:_identify(.) by extensions ['colcon_meta']
[1.336s] Level 1:colcon.colcon_core.package_identification:_identify(.) by extension 'colcon_meta'
[1.336s] Level 1:colcon.colcon_core.package_identification:_identify(.) by extensions ['ros']
[1.336s] Level 1:colcon.colcon_core.package_identification:_identify(.) by extension 'ros'
[1.357s] Level 1:colcon.colcon_core.package_identification:_identify(.) by extensions ['cmake', 'python']
[1.357s] Level 1:colcon.colcon_core.package_identification:_identify(.) by extension 'cmake'
[1.357s] Level 1:colcon.colcon_core.package_identification:_identify(.) by extension 'python'
[1.357s] Level 1:colcon.colcon_core.package_identification:_identify(.) by extensions ['python_setup_py']
[1.357s] Level 1:colcon.colcon_core.package_identification:_identify(.) by extension 'python_setup_py'
[1.358s] Level 1:colcon.colcon_core.package_identification:_identify(build) by extensions ['ignore', 'ignore_ament_install']
[1.358s] Level 1:colcon.colcon_core.package_identification:_identify(build) by extension 'ignore'
[1.358s] Level 1:colcon.colcon_core.package_identification:_identify(build) ignored
[1.358s] Level 1:colcon.colcon_core.package_identification:_identify(install) by extensions ['ignore', 'ignore_ament_install']
[1.358s] Level 1:colcon.colcon_core.package_identification:_identify(install) by extension 'ignore'
[1.358s] Level 1:colcon.colcon_core.package_identification:_identify(install) ignored
[1.358s] Level 1:colcon.colcon_core.package_identification:_identify(log) by extensions ['ignore', 'ignore_ament_install']
[1.358s] Level 1:colcon.colcon_core.package_identification:_identify(log) by extension 'ignore'
[1.358s] Level 1:colcon.colcon_core.package_identification:_identify(log) ignored
[1.359s] Level 1:colcon.colcon_core.package_identification:_identify(src) by extensions ['ignore', 'ignore_ament_install']
[1.359s] Level 1:colcon.colcon_core.package_identification:_identify(src) by extension 'ignore'
[1.359s] Level 1:colcon.colcon_core.package_identification:_identify(src) by extension 'ignore_ament_install'
[1.359s] Level 1:colcon.colcon_core.package_identification:_identify(src) by extensions ['colcon_pkg']
[1.359s] Level 1:colcon.colcon_core.package_identification:_identify(src) by extension 'colcon_pkg'
[1.359s] Level 1:colcon.colcon_core.package_identification:_identify(src) by extensions ['colcon_meta']
[1.359s] Level 1:colcon.colcon_core.package_identification:_identify(src) by extension 'colcon_meta'
[1.359s] Level 1:colcon.colcon_core.package_identification:_identify(src) by extensions ['ros']
[1.359s] Level 1:colcon.colcon_core.package_identification:_identify(src) by extension 'ros'
[1.359s] Level 1:colcon.colcon_core.package_identification:_identify(src) by extensions ['cmake', 'python']
[1.359s] Level 1:colcon.colcon_core.package_identification:_identify(src) by extension 'cmake'
[1.359s] Level 1:colcon.colcon_core.package_identification:_identify(src) by extension 'python'
[1.359s] Level 1:colcon.colcon_core.package_identification:_identify(src) by extensions ['python_setup_py']
[1.359s] Level 1:colcon.colcon_core.package_identification:_identify(src) by extension 'python_setup_py'
[1.360s] Level 1:colcon.colcon_core.package_identification:_identify(src/aerogripper_control) by extensions ['ignore', 'ignore_ament_install']
[1.360s] Level 1:colcon.colcon_core.package_identification:_identify(src/aerogripper_control) by extension 'ignore'
[1.360s] Level 1:colcon.colcon_core.package_identification:_identify(src/aerogripper_control) by extension 'ignore_ament_install'
[1.360s] Level 1:colcon.colcon_core.package_identification:_identify(src/aerogripper_control) by extensions ['colcon_pkg']
[1.360s] Level 1:colcon.colcon_core.package_identification:_identify(src/aerogripper_control) by extension 'colcon_pkg'
[1.360s] Level 1:colcon.colcon_core.package_identification:_identify(src/aerogripper_control) by extensions ['colcon_meta']
[1.360s] Level 1:colcon.colcon_core.package_identification:_identify(src/aerogripper_control) by extension 'colcon_meta'
[1.360s] Level 1:colcon.colcon_core.package_identification:_identify(src/aerogripper_control) by extensions ['ros']
[1.360s] Level 1:colcon.colcon_core.package_identification:_identify(src/aerogripper_control) by extension 'ros'
[1.364s] DEBUG:colcon.colcon_core.package_identification:Package 'src/aerogripper_control' with type 'ros.ament_cmake' and name 'aerogripper_control'
[1.364s] Level 1:colcon.colcon_core.package_identification:_identify(src/aerogripper_msgs) by extensions ['ignore', 'ignore_ament_install']
[1.365s] Level 1:colcon.colcon_core.package_identification:_identify(src/aerogripper_msgs) by extension 'ignore'
[1.365s] Level 1:colcon.colcon_core.package_identification:_identify(src/aerogripper_msgs) by extension 'ignore_ament_install'
[1.365s] Level 1:colcon.colcon_core.package_identification:_identify(src/aerogripper_msgs) by extensions ['colcon_pkg']
[1.365s] Level 1:colcon.colcon_core.package_identification:_identify(src/aerogripper_msgs) by extension 'colcon_pkg'
[1.365s] Level 1:colcon.colcon_core.package_identification:_identify(src/aerogripper_msgs) by extensions ['colcon_meta']
[1.365s] Level 1:colcon.colcon_core.package_identification:_identify(src/aerogripper_msgs) by extension 'colcon_meta'
[1.365s] Level 1:colcon.colcon_core.package_identification:_identify(src/aerogripper_msgs) by extensions ['ros']
[1.365s] Level 1:colcon.colcon_core.package_identification:_identify(src/aerogripper_msgs) by extension 'ros'
[1.366s] DEBUG:colcon.colcon_core.package_identification:Package 'src/aerogripper_msgs' with type 'ros.ament_cmake' and name 'aerogripper_msgs'
[1.366s] Level 1:colcon.colcon_core.package_identification:_identify(src/aerogripper_simulator) by extensions ['ignore', 'ignore_ament_install']
[1.366s] Level 1:colcon.colcon_core.package_identification:_identify(src/aerogripper_simulator) by extension 'ignore'
[1.366s] Level 1:colcon.colcon_core.package_identification:_identify(src/aerogripper_simulator) by extension 'ignore_ament_install'
[1.366s] Level 1:colcon.colcon_core.package_identification:_identify(src/aerogripper_simulator) by extensions ['colcon_pkg']
[1.366s] Level 1:colcon.colcon_core.package_identification:_identify(src/aerogripper_simulator) by extension 'colcon_pkg'
[1.366s] Level 1:colcon.colcon_core.package_identification:_identify(src/aerogripper_simulator) by extensions ['colcon_meta']
[1.366s] Level 1:colcon.colcon_core.package_identification:_identify(src/aerogripper_simulator) by extension 'colcon_meta'
[1.366s] Level 1:colcon.colcon_core.package_identification:_identify(src/aerogripper_simulator) by extensions ['ros']
[1.366s] Level 1:colcon.colcon_core.package_identification:_identify(src/aerogripper_simulator) by extension 'ros'
[1.368s] DEBUG:colcon.colcon_core.package_identification:Package 'src/aerogripper_simulator' with type 'ros.ament_cmake' and name 'aerogripper_simulator'
[1.368s] Level 1:colcon.colcon_core.package_identification:_identify(src/aerogripper_ws) by extensions ['ignore', 'ignore_ament_install']
[1.368s] Level 1:colcon.colcon_core.package_identification:_identify(src/aerogripper_ws) by extension 'ignore'
[1.368s] Level 1:colcon.colcon_core.package_identification:_identify(src/aerogripper_ws) by extension 'ignore_ament_install'
[1.368s] Level 1:colcon.colcon_core.package_identification:_identify(src/aerogripper_ws) by extensions ['colcon_pkg']
[1.368s] Level 1:colcon.colcon_core.package_identification:_identify(src/aerogripper_ws) by extension 'colcon_pkg'
[1.368s] Level 1:colcon.colcon_core.package_identification:_identify(src/aerogripper_ws) by extensions ['colcon_meta']
[1.368s] Level 1:colcon.colcon_core.package_identification:_identify(src/aerogripper_ws) by extension 'colcon_meta'
[1.368s] Level 1:colcon.colcon_core.package_identification:_identify(src/aerogripper_ws) by extensions ['ros']
[1.368s] Level 1:colcon.colcon_core.package_identification:_identify(src/aerogripper_ws) by extension 'ros'
[1.368s] Level 1:colcon.colcon_core.package_identification:_identify(src/aerogripper_ws) by extensions ['cmake', 'python']
[1.368s] Level 1:colcon.colcon_core.package_identification:_identify(src/aerogripper_ws) by extension 'cmake'
[1.369s] Level 1:colcon.colcon_core.package_identification:_identify(src/aerogripper_ws) by extension 'python'
[1.369s] Level 1:colcon.colcon_core.package_identification:_identify(src/aerogripper_ws) by extensions ['python_setup_py']
[1.369s] Level 1:colcon.colcon_core.package_identification:_identify(src/aerogripper_ws) by extension 'python_setup_py'
[1.369s] Level 1:colcon.colcon_core.package_identification:_identify(src/aerogripper_ws/src) by extensions ['ignore', 'ignore_ament_install']
[1.369s] Level 1:colcon.colcon_core.package_identification:_identify(src/aerogripper_ws/src) by extension 'ignore'
[1.369s] Level 1:colcon.colcon_core.package_identification:_identify(src/aerogripper_ws/src) by extension 'ignore_ament_install'
[1.369s] Level 1:colcon.colcon_core.package_identification:_identify(src/aerogripper_ws/src) by extensions ['colcon_pkg']
[1.369s] Level 1:colcon.colcon_core.package_identification:_identify(src/aerogripper_ws/src) by extension 'colcon_pkg'
[1.369s] Level 1:colcon.colcon_core.package_identification:_identify(src/aerogripper_ws/src) by extensions ['colcon_meta']
[1.369s] Level 1:colcon.colcon_core.package_identification:_identify(src/aerogripper_ws/src) by extension 'colcon_meta'
[1.369s] Level 1:colcon.colcon_core.package_identification:_identify(src/aerogripper_ws/src) by extensions ['ros']
[1.369s] Level 1:colcon.colcon_core.package_identification:_identify(src/aerogripper_ws/src) by extension 'ros'
[1.369s] Level 1:colcon.colcon_core.package_identification:_identify(src/aerogripper_ws/src) by extensions ['cmake', 'python']
[1.369s] Level 1:colcon.colcon_core.package_identification:_identify(src/aerogripper_ws/src) by extension 'cmake'
[1.369s] Level 1:colcon.colcon_core.package_identification:_identify(src/aerogripper_ws/src) by extension 'python'
[1.369s] Level 1:colcon.colcon_core.package_identification:_identify(src/aerogripper_ws/src) by extensions ['python_setup_py']
[1.369s] Level 1:colcon.colcon_core.package_identification:_identify(src/aerogripper_ws/src) by extension 'python_setup_py'
[1.370s] Level 1:colcon.colcon_core.package_identification:_identify(src/aerogripper_ws/src/aerogripper_control) by extensions ['ignore', 'ignore_ament_install']
[1.370s] Level 1:colcon.colcon_core.package_identification:_identify(src/aerogripper_ws/src/aerogripper_control) by extension 'ignore'
[1.370s] Level 1:colcon.colcon_core.package_identification:_identify(src/aerogripper_ws/src/aerogripper_control) by extension 'ignore_ament_install'
[1.370s] Level 1:colcon.colcon_core.package_identification:_identify(src/aerogripper_ws/src/aerogripper_control) by extensions ['colcon_pkg']
[1.370s] Level 1:colcon.colcon_core.package_identification:_identify(src/aerogripper_ws/src/aerogripper_control) by extension 'colcon_pkg'
[1.370s] Level 1:colcon.colcon_core.package_identification:_identify(src/aerogripper_ws/src/aerogripper_control) by extensions ['colcon_meta']
[1.370s] Level 1:colcon.colcon_core.package_identification:_identify(src/aerogripper_ws/src/aerogripper_control) by extension 'colcon_meta'
[1.370s] Level 1:colcon.colcon_core.package_identification:_identify(src/aerogripper_ws/src/aerogripper_control) by extensions ['ros']
[1.370s] Level 1:colcon.colcon_core.package_identification:_identify(src/aerogripper_ws/src/aerogripper_control) by extension 'ros'
[1.370s] Level 1:colcon.colcon_core.package_identification:_identify(src/aerogripper_ws/src/aerogripper_control) by extensions ['cmake', 'python']
[1.370s] Level 1:colcon.colcon_core.package_identification:_identify(src/aerogripper_ws/src/aerogripper_control) by extension 'cmake'
[1.370s] Level 1:colcon.colcon_core.package_identification:_identify(src/aerogripper_ws/src/aerogripper_control) by extension 'python'
[1.370s] Level 1:colcon.colcon_core.package_identification:_identify(src/aerogripper_ws/src/aerogripper_control) by extensions ['python_setup_py']
[1.370s] Level 1:colcon.colcon_core.package_identification:_identify(src/aerogripper_ws/src/aerogripper_control) by extension 'python_setup_py'
[1.370s] Level 1:colcon.colcon_core.package_identification:_identify(src/aerogripper_ws/src/aerogripper_control/config) by extensions ['ignore', 'ignore_ament_install']
[1.370s] Level 1:colcon.colcon_core.package_identification:_identify(src/aerogripper_ws/src/aerogripper_control/config) by extension 'ignore'
[1.370s] Level 1:colcon.colcon_core.package_identification:_identify(src/aerogripper_ws/src/aerogripper_control/config) by extension 'ignore_ament_install'
[1.370s] Level 1:colcon.colcon_core.package_identification:_identify(src/aerogripper_ws/src/aerogripper_control/config) by extensions ['colcon_pkg']
[1.371s] Level 1:colcon.colcon_core.package_identification:_identify(src/aerogripper_ws/src/aerogripper_control/config) by extension 'colcon_pkg'
[1.371s] Level 1:colcon.colcon_core.package_identification:_identify(src/aerogripper_ws/src/aerogripper_control/config) by extensions ['colcon_meta']
[1.371s] Level 1:colcon.colcon_core.package_identification:_identify(src/aerogripper_ws/src/aerogripper_control/config) by extension 'colcon_meta'
[1.371s] Level 1:colcon.colcon_core.package_identification:_identify(src/aerogripper_ws/src/aerogripper_control/config) by extensions ['ros']
[1.371s] Level 1:colcon.colcon_core.package_identification:_identify(src/aerogripper_ws/src/aerogripper_control/config) by extension 'ros'
[1.371s] Level 1:colcon.colcon_core.package_identification:_identify(src/aerogripper_ws/src/aerogripper_control/config) by extensions ['cmake', 'python']
[1.371s] Level 1:colcon.colcon_core.package_identification:_identify(src/aerogripper_ws/src/aerogripper_control/config) by extension 'cmake'
[1.371s] Level 1:colcon.colcon_core.package_identification:_identify(src/aerogripper_ws/src/aerogripper_control/config) by extension 'python'
[1.371s] Level 1:colcon.colcon_core.package_identification:_identify(src/aerogripper_ws/src/aerogripper_control/config) by extensions ['python_setup_py']
[1.371s] Level 1:colcon.colcon_core.package_identification:_identify(src/aerogripper_ws/src/aerogripper_control/config) by extension 'python_setup_py'
[1.371s] Level 1:colcon.colcon_core.package_identification:_identify(src/aerogripper_ws/src/aerogripper_control/include) by extensions ['ignore', 'ignore_ament_install']
[1.371s] Level 1:colcon.colcon_core.package_identification:_identify(src/aerogripper_ws/src/aerogripper_control/include) by extension 'ignore'
[1.371s] Level 1:colcon.colcon_core.package_identification:_identify(src/aerogripper_ws/src/aerogripper_control/include) by extension 'ignore_ament_install'
[1.371s] Level 1:colcon.colcon_core.package_identification:_identify(src/aerogripper_ws/src/aerogripper_control/include) by extensions ['colcon_pkg']
[1.371s] Level 1:colcon.colcon_core.package_identification:_identify(src/aerogripper_ws/src/aerogripper_control/include) by extension 'colcon_pkg'
[1.371s] Level 1:colcon.colcon_core.package_identification:_identify(src/aerogripper_ws/src/aerogripper_control/include) by extensions ['colcon_meta']
[1.372s] Level 1:colcon.colcon_core.package_identification:_identify(src/aerogripper_ws/src/aerogripper_control/include) by extension 'colcon_meta'
[1.372s] Level 1:colcon.colcon_core.package_identification:_identify(src/aerogripper_ws/src/aerogripper_control/include) by extensions ['ros']
[1.372s] Level 1:colcon.colcon_core.package_identification:_identify(src/aerogripper_ws/src/aerogripper_control/include) by extension 'ros'
[1.372s] Level 1:colcon.colcon_core.package_identification:_identify(src/aerogripper_ws/src/aerogripper_control/include) by extensions ['cmake', 'python']
[1.372s] Level 1:colcon.colcon_core.package_identification:_identify(src/aerogripper_ws/src/aerogripper_control/include) by extension 'cmake'
[1.372s] Level 1:colcon.colcon_core.package_identification:_identify(src/aerogripper_ws/src/aerogripper_control/include) by extension 'python'
[1.372s] Level 1:colcon.colcon_core.package_identification:_identify(src/aerogripper_ws/src/aerogripper_control/include) by extensions ['python_setup_py']
[1.372s] Level 1:colcon.colcon_core.package_identification:_identify(src/aerogripper_ws/src/aerogripper_control/include) by extension 'python_setup_py'
[1.372s] Level 1:colcon.colcon_core.package_identification:_identify(src/aerogripper_ws/src/aerogripper_control/src) by extensions ['ignore', 'ignore_ament_install']
[1.372s] Level 1:colcon.colcon_core.package_identification:_identify(src/aerogripper_ws/src/aerogripper_control/src) by extension 'ignore'
[1.372s] Level 1:colcon.colcon_core.package_identification:_identify(src/aerogripper_ws/src/aerogripper_control/src) by extension 'ignore_ament_install'
[1.372s] Level 1:colcon.colcon_core.package_identification:_identify(src/aerogripper_ws/src/aerogripper_control/src) by extensions ['colcon_pkg']
[1.372s] Level 1:colcon.colcon_core.package_identification:_identify(src/aerogripper_ws/src/aerogripper_control/src) by extension 'colcon_pkg'
[1.372s] Level 1:colcon.colcon_core.package_identification:_identify(src/aerogripper_ws/src/aerogripper_control/src) by extensions ['colcon_meta']
[1.372s] Level 1:colcon.colcon_core.package_identification:_identify(src/aerogripper_ws/src/aerogripper_control/src) by extension 'colcon_meta'
[1.372s] Level 1:colcon.colcon_core.package_identification:_identify(src/aerogripper_ws/src/aerogripper_control/src) by extensions ['ros']
[1.372s] Level 1:colcon.colcon_core.package_identification:_identify(src/aerogripper_ws/src/aerogripper_control/src) by extension 'ros'
[1.373s] Level 1:colcon.colcon_core.package_identification:_identify(src/aerogripper_ws/src/aerogripper_control/src) by extensions ['cmake', 'python']
[1.373s] Level 1:colcon.colcon_core.package_identification:_identify(src/aerogripper_ws/src/aerogripper_control/src) by extension 'cmake'
[1.373s] Level 1:colcon.colcon_core.package_identification:_identify(src/aerogripper_ws/src/aerogripper_control/src) by extension 'python'
[1.373s] Level 1:colcon.colcon_core.package_identification:_identify(src/aerogripper_ws/src/aerogripper_control/src) by extensions ['python_setup_py']
[1.373s] Level 1:colcon.colcon_core.package_identification:_identify(src/aerogripper_ws/src/aerogripper_control/src) by extension 'python_setup_py'
[1.373s] Level 1:colcon.colcon_core.package_identification:_identify(src/thrust_calibration) by extensions ['ignore', 'ignore_ament_install']
[1.373s] Level 1:colcon.colcon_core.package_identification:_identify(src/thrust_calibration) by extension 'ignore'
[1.373s] Level 1:colcon.colcon_core.package_identification:_identify(src/thrust_calibration) by extension 'ignore_ament_install'
[1.373s] Level 1:colcon.colcon_core.package_identification:_identify(src/thrust_calibration) by extensions ['colcon_pkg']
[1.373s] Level 1:colcon.colcon_core.package_identification:_identify(src/thrust_calibration) by extension 'colcon_pkg'
[1.373s] Level 1:colcon.colcon_core.package_identification:_identify(src/thrust_calibration) by extensions ['colcon_meta']
[1.373s] Level 1:colcon.colcon_core.package_identification:_identify(src/thrust_calibration) by extension 'colcon_meta'
[1.373s] Level 1:colcon.colcon_core.package_identification:_identify(src/thrust_calibration) by extensions ['ros']
[1.373s] Level 1:colcon.colcon_core.package_identification:_identify(src/thrust_calibration) by extension 'ros'
[1.373s] Level 1:colcon.colcon_core.package_identification:_identify(src/thrust_calibration) by extensions ['cmake', 'python']
[1.373s] Level 1:colcon.colcon_core.package_identification:_identify(src/thrust_calibration) by extension 'cmake'
[1.373s] Level 1:colcon.colcon_core.package_identification:_identify(src/thrust_calibration) by extension 'python'
[1.373s] Level 1:colcon.colcon_core.package_identification:_identify(src/thrust_calibration) by extensions ['python_setup_py']
[1.374s] Level 1:colcon.colcon_core.package_identification:_identify(src/thrust_calibration) by extension 'python_setup_py'
[1.374s] Level 1:colcon.colcon_core.package_discovery:discover_packages(recursive) using defaults
[1.374s] Level 1:colcon.colcon_core.package_discovery:discover_packages(ignore) discover
[1.374s] Level 1:colcon.colcon_core.package_discovery:discover_packages(ignore) using defaults
[1.374s] Level 1:colcon.colcon_core.package_discovery:discover_packages(path) discover
[1.374s] Level 1:colcon.colcon_core.package_discovery:discover_packages(path) using defaults
[1.413s] Level 1:colcon.colcon_core.package_discovery:discover_packages(prefix_path) check parameters
[1.413s] Level 1:colcon.colcon_core.package_discovery:discover_packages(prefix_path) discover
[1.418s] DEBUG:colcon.colcon_installed_package_information.package_discovery:Found 3 installed packages in /home/fyp/FYP/aerogripper_ws/install
[1.419s] DEBUG:colcon.colcon_installed_package_information.package_discovery:Found 2 installed packages in /home/fyp/FYP/px4_ws/install
[1.420s] DEBUG:colcon.colcon_installed_package_information.package_discovery:Found 272 installed packages in /opt/ros/humble
[1.421s] Level 1:colcon.colcon_core.package_discovery:discover_packages(prefix_path) using defaults
[1.463s] Level 5:colcon.colcon_core.verb:set package 'aerogripper_msgs' build argument 'cmake_args' from command line to 'None'
[1.463s] Level 5:colcon.colcon_core.verb:set package 'aerogripper_msgs' build argument 'cmake_target' from command line to 'None'
[1.463s] Level 5:colcon.colcon_core.verb:set package 'aerogripper_msgs' build argument 'cmake_target_skip_unavailable' from command line to 'False'
[1.463s] Level 5:colcon.colcon_core.verb:set package 'aerogripper_msgs' build argument 'cmake_clean_cache' from command line to 'False'
[1.464s] Level 5:colcon.colcon_core.verb:set package 'aerogripper_msgs' build argument 'cmake_clean_first' from command line to 'False'
[1.464s] Level 5:colcon.colcon_core.verb:set package 'aerogripper_msgs' build argument 'cmake_force_configure' from command line to 'False'
[1.464s] Level 5:colcon.colcon_core.verb:set package 'aerogripper_msgs' build argument 'ament_cmake_args' from command line to 'None'
[1.464s] Level 5:colcon.colcon_core.verb:set package 'aerogripper_msgs' build argument 'catkin_cmake_args' from command line to 'None'
[1.464s] Level 5:colcon.colcon_core.verb:set package 'aerogripper_msgs' build argument 'catkin_skip_building_tests' from command line to 'False'
[1.464s] DEBUG:colcon.colcon_core.verb:Building package 'aerogripper_msgs' with the following arguments: {'ament_cmake_args': None, 'build_base': '/home/fyp/FYP/aerogripper_ws/build/aerogripper_msgs', 'catkin_cmake_args': None, 'catkin_skip_building_tests': False, 'cmake_args': None, 'cmake_clean_cache': False, 'cmake_clean_first': False, 'cmake_force_configure': False, 'cmake_target': None, 'cmake_target_skip_unavailable': False, 'install_base': '/home/fyp/FYP/aerogripper_ws/install/aerogripper_msgs', 'merge_install': False, 'path': '/home/fyp/FYP/aerogripper_ws/src/aerogripper_msgs', 'symlink_install': False, 'test_result_base': None}
[1.464s] Level 5:colcon.colcon_core.verb:set package 'aerogripper_simulator' build argument 'cmake_args' from command line to 'None'
[1.464s] Level 5:colcon.colcon_core.verb:set package 'aerogripper_simulator' build argument 'cmake_target' from command line to 'None'
[1.464s] Level 5:colcon.colcon_core.verb:set package 'aerogripper_simulator' build argument 'cmake_target_skip_unavailable' from command line to 'False'
[1.464s] Level 5:colcon.colcon_core.verb:set package 'aerogripper_simulator' build argument 'cmake_clean_cache' from command line to 'False'
[1.464s] Level 5:colcon.colcon_core.verb:set package 'aerogripper_simulator' build argument 'cmake_clean_first' from command line to 'False'
[1.464s] Level 5:colcon.colcon_core.verb:set package 'aerogripper_simulator' build argument 'cmake_force_configure' from command line to 'False'
[1.464s] Level 5:colcon.colcon_core.verb:set package 'aerogripper_simulator' build argument 'ament_cmake_args' from command line to 'None'
[1.464s] Level 5:colcon.colcon_core.verb:set package 'aerogripper_simulator' build argument 'catkin_cmake_args' from command line to 'None'
[1.464s] Level 5:colcon.colcon_core.verb:set package 'aerogripper_simulator' build argument 'catkin_skip_building_tests' from command line to 'False'
[1.464s] DEBUG:colcon.colcon_core.verb:Building package 'aerogripper_simulator' with the following arguments: {'ament_cmake_args': None, 'build_base': '/home/fyp/FYP/aerogripper_ws/build/aerogripper_simulator', 'catkin_cmake_args': None, 'catkin_skip_building_tests': False, 'cmake_args': None, 'cmake_clean_cache': False, 'cmake_clean_first': False, 'cmake_force_configure': False, 'cmake_target': None, 'cmake_target_skip_unavailable': False, 'install_base': '/home/fyp/FYP/aerogripper_ws/install/aerogripper_simulator', 'merge_install': False, 'path': '/home/fyp/FYP/aerogripper_ws/src/aerogripper_simulator', 'symlink_install': False, 'test_result_base': None}
[1.464s] Level 5:colcon.colcon_core.verb:set package 'aerogripper_control' build argument 'cmake_args' from command line to 'None'
[1.464s] Level 5:colcon.colcon_core.verb:set package 'aerogripper_control' build argument 'cmake_target' from command line to 'None'
[1.464s] Level 5:colcon.colcon_core.verb:set package 'aerogripper_control' build argument 'cmake_target_skip_unavailable' from command line to 'False'
[1.464s] Level 5:colcon.colcon_core.verb:set package 'aerogripper_control' build argument 'cmake_clean_cache' from command line to 'False'
[1.464s] Level 5:colcon.colcon_core.verb:set package 'aerogripper_control' build argument 'cmake_clean_first' from command line to 'False'
[1.464s] Level 5:colcon.colcon_core.verb:set package 'aerogripper_control' build argument 'cmake_force_configure' from command line to 'False'
[1.464s] Level 5:colcon.colcon_core.verb:set package 'aerogripper_control' build argument 'ament_cmake_args' from command line to 'None'
[1.464s] Level 5:colcon.colcon_core.verb:set package 'aerogripper_control' build argument 'catkin_cmake_args' from command line to 'None'
[1.464s] Level 5:colcon.colcon_core.verb:set package 'aerogripper_control' build argument 'catkin_skip_building_tests' from command line to 'False'
[1.465s] DEBUG:colcon.colcon_core.verb:Building package 'aerogripper_control' with the following arguments: {'ament_cmake_args': None, 'build_base': '/home/fyp/FYP/aerogripper_ws/build/aerogripper_control', 'catkin_cmake_args': None, 'catkin_skip_building_tests': False, 'cmake_args': None, 'cmake_clean_cache': False, 'cmake_clean_first': False, 'cmake_force_configure': False, 'cmake_target': None, 'cmake_target_skip_unavailable': False, 'install_base': '/home/fyp/FYP/aerogripper_ws/install/aerogripper_control', 'merge_install': False, 'path': '/home/fyp/FYP/aerogripper_ws/src/aerogripper_control', 'symlink_install': False, 'test_result_base': None}
[1.465s] INFO:colcon.colcon_core.executor:Executing jobs using 'parallel' executor
[1.466s] DEBUG:colcon.colcon_parallel_executor.executor.parallel:run_until_complete
[1.466s] INFO:colcon.colcon_ros.task.ament_cmake.build:Building ROS package in '/home/fyp/FYP/aerogripper_ws/src/aerogripper_msgs' with build type 'ament_cmake'
[1.466s] INFO:colcon.colcon_cmake.task.cmake.build:Building CMake package in '/home/fyp/FYP/aerogripper_ws/src/aerogripper_msgs'
[1.473s] INFO:colcon.colcon_core.plugin_system:Skipping extension 'colcon_core.shell.bat': Not used on non-Windows systems
[1.473s] INFO:colcon.colcon_core.shell:Skip shell extension 'powershell' for command environment: Not usable outside of PowerShell
[1.473s] DEBUG:colcon.colcon_core.shell:Skip shell extension 'dsv' for command environment
[1.477s] INFO:colcon.colcon_ros.task.ament_cmake.build:Building ROS package in '/home/fyp/FYP/aerogripper_ws/src/aerogripper_simulator' with build type 'ament_cmake'
[1.477s] INFO:colcon.colcon_cmake.task.cmake.build:Building CMake package in '/home/fyp/FYP/aerogripper_ws/src/aerogripper_simulator'
[1.477s] INFO:colcon.colcon_core.shell:Skip shell extension 'powershell' for command environment: Not usable outside of PowerShell
[1.477s] DEBUG:colcon.colcon_core.shell:Skip shell extension 'dsv' for command environment
[1.485s] DEBUG:colcon.colcon_core.event_handler.log_command:Invoking command in '/home/fyp/FYP/aerogripper_ws/build/aerogripper_msgs': CMAKE_PREFIX_PATH=${CMAKE_PREFIX_PATH}:/opt/ros/humble /usr/bin/cmake --build /home/fyp/FYP/aerogripper_ws/build/aerogripper_msgs -- -j32 -l32
[1.492s] DEBUG:colcon.colcon_core.event_handler.log_command:Invoking command in '/home/fyp/FYP/aerogripper_ws/build/aerogripper_simulator': CMAKE_PREFIX_PATH=${CMAKE_PREFIX_PATH}:/opt/ros/humble /usr/bin/cmake --build /home/fyp/FYP/aerogripper_ws/build/aerogripper_simulator -- -j32 -l32
[1.819s] DEBUG:colcon.colcon_core.event_handler.log_command:Invoked command in '/home/fyp/FYP/aerogripper_ws/build/aerogripper_simulator' returned '0': CMAKE_PREFIX_PATH=${CMAKE_PREFIX_PATH}:/opt/ros/humble /usr/bin/cmake --build /home/fyp/FYP/aerogripper_ws/build/aerogripper_simulator -- -j32 -l32
[1.829s] DEBUG:colcon.colcon_core.event_handler.log_command:Invoking command in '/home/fyp/FYP/aerogripper_ws/build/aerogripper_simulator': CMAKE_PREFIX_PATH=${CMAKE_PREFIX_PATH}:/opt/ros/humble /usr/bin/cmake --install /home/fyp/FYP/aerogripper_ws/build/aerogripper_simulator
[1.830s] DEBUG:colcon.colcon_core.event_handler.log_command:Invoked command in '/home/fyp/FYP/aerogripper_ws/build/aerogripper_msgs' returned '0': CMAKE_PREFIX_PATH=${CMAKE_PREFIX_PATH}:/opt/ros/humble /usr/bin/cmake --build /home/fyp/FYP/aerogripper_ws/build/aerogripper_msgs -- -j32 -l32
[1.833s] DEBUG:colcon.colcon_core.event_handler.log_command:Invoking command in '/home/fyp/FYP/aerogripper_ws/build/aerogripper_msgs': CMAKE_PREFIX_PATH=${CMAKE_PREFIX_PATH}:/opt/ros/humble /usr/bin/cmake --install /home/fyp/FYP/aerogripper_ws/build/aerogripper_msgs
[1.874s] Level 1:colcon.colcon_core.environment:create_environment_scripts_only(aerogripper_simulator)
[1.875s] DEBUG:colcon.colcon_core.event_handler.log_command:Invoked command in '/home/fyp/FYP/aerogripper_ws/build/aerogripper_simulator' returned '0': CMAKE_PREFIX_PATH=${CMAKE_PREFIX_PATH}:/opt/ros/humble /usr/bin/cmake --install /home/fyp/FYP/aerogripper_ws/build/aerogripper_simulator
[1.882s] Level 1:colcon.colcon_core.environment:checking '/home/fyp/FYP/aerogripper_ws/install/aerogripper_simulator' for CMake module files
[1.883s] Level 1:colcon.colcon_core.environment:checking '/home/fyp/FYP/aerogripper_ws/install/aerogripper_simulator' for CMake config files
[1.886s] Level 1:colcon.colcon_core.shell:create_environment_hook('aerogripper_simulator', 'cmake_prefix_path')
[1.886s] INFO:colcon.colcon_core.shell:Creating environment hook '/home/fyp/FYP/aerogripper_ws/install/aerogripper_simulator/share/aerogripper_simulator/hook/cmake_prefix_path.ps1'
[1.887s] INFO:colcon.colcon_core.shell:Creating environment descriptor '/home/fyp/FYP/aerogripper_ws/install/aerogripper_simulator/share/aerogripper_simulator/hook/cmake_prefix_path.dsv'
[1.888s] INFO:colcon.colcon_core.shell:Creating environment hook '/home/fyp/FYP/aerogripper_ws/install/aerogripper_simulator/share/aerogripper_simulator/hook/cmake_prefix_path.sh'
[1.889s] Level 1:colcon.colcon_core.environment:checking '/home/fyp/FYP/aerogripper_ws/install/aerogripper_simulator/lib'
[1.889s] Level 1:colcon.colcon_core.environment:checking '/home/fyp/FYP/aerogripper_ws/install/aerogripper_simulator/bin'
[1.889s] Level 1:colcon.colcon_core.environment:checking '/home/fyp/FYP/aerogripper_ws/install/aerogripper_simulator/lib/pkgconfig/aerogripper_simulator.pc'
[1.890s] Level 1:colcon.colcon_core.environment:checking '/home/fyp/FYP/aerogripper_ws/install/aerogripper_simulator/lib/python3.10/site-packages'
[1.890s] Level 1:colcon.colcon_core.environment:checking '/home/fyp/FYP/aerogripper_ws/install/aerogripper_simulator/bin'
[1.890s] INFO:colcon.colcon_core.shell:Creating package script '/home/fyp/FYP/aerogripper_ws/install/aerogripper_simulator/share/aerogripper_simulator/package.ps1'
[1.891s] INFO:colcon.colcon_core.shell:Creating package descriptor '/home/fyp/FYP/aerogripper_ws/install/aerogripper_simulator/share/aerogripper_simulator/package.dsv'
[1.892s] INFO:colcon.colcon_core.shell:Creating package script '/home/fyp/FYP/aerogripper_ws/install/aerogripper_simulator/share/aerogripper_simulator/package.sh'
[1.893s] INFO:colcon.colcon_core.shell:Creating package script '/home/fyp/FYP/aerogripper_ws/install/aerogripper_simulator/share/aerogripper_simulator/package.bash'
[1.894s] INFO:colcon.colcon_core.shell:Creating package script '/home/fyp/FYP/aerogripper_ws/install/aerogripper_simulator/share/aerogripper_simulator/package.zsh'
[1.896s] Level 1:colcon.colcon_core.environment:create_file_with_runtime_dependencies(/home/fyp/FYP/aerogripper_ws/install/aerogripper_simulator/share/colcon-core/packages/aerogripper_simulator)
[1.897s] Level 1:colcon.colcon_core.environment:create_environment_scripts_only(aerogripper_simulator)
[1.897s] Level 1:colcon.colcon_core.environment:checking '/home/fyp/FYP/aerogripper_ws/install/aerogripper_simulator' for CMake module files
[1.899s] Level 1:colcon.colcon_core.environment:checking '/home/fyp/FYP/aerogripper_ws/install/aerogripper_simulator' for CMake config files
[1.903s] Level 1:colcon.colcon_core.shell:create_environment_hook('aerogripper_simulator', 'cmake_prefix_path')
[1.903s] INFO:colcon.colcon_core.shell:Creating environment hook '/home/fyp/FYP/aerogripper_ws/install/aerogripper_simulator/share/aerogripper_simulator/hook/cmake_prefix_path.ps1'
[1.906s] INFO:colcon.colcon_core.shell:Creating environment descriptor '/home/fyp/FYP/aerogripper_ws/install/aerogripper_simulator/share/aerogripper_simulator/hook/cmake_prefix_path.dsv'
[1.906s] INFO:colcon.colcon_core.shell:Creating environment hook '/home/fyp/FYP/aerogripper_ws/install/aerogripper_simulator/share/aerogripper_simulator/hook/cmake_prefix_path.sh'
[1.907s] Level 1:colcon.colcon_core.environment:checking '/home/fyp/FYP/aerogripper_ws/install/aerogripper_simulator/lib'
[1.907s] Level 1:colcon.colcon_core.environment:checking '/home/fyp/FYP/aerogripper_ws/install/aerogripper_simulator/bin'
[1.907s] Level 1:colcon.colcon_core.environment:checking '/home/fyp/FYP/aerogripper_ws/install/aerogripper_simulator/lib/pkgconfig/aerogripper_simulator.pc'
[1.907s] Level 1:colcon.colcon_core.environment:checking '/home/fyp/FYP/aerogripper_ws/install/aerogripper_simulator/lib/python3.10/site-packages'
[1.907s] Level 1:colcon.colcon_core.environment:checking '/home/fyp/FYP/aerogripper_ws/install/aerogripper_simulator/bin'
[1.908s] INFO:colcon.colcon_core.shell:Creating package script '/home/fyp/FYP/aerogripper_ws/install/aerogripper_simulator/share/aerogripper_simulator/package.ps1'
[1.908s] INFO:colcon.colcon_core.shell:Creating package descriptor '/home/fyp/FYP/aerogripper_ws/install/aerogripper_simulator/share/aerogripper_simulator/package.dsv'
[1.908s] INFO:colcon.colcon_core.shell:Creating package script '/home/fyp/FYP/aerogripper_ws/install/aerogripper_simulator/share/aerogripper_simulator/package.sh'
[1.908s] INFO:colcon.colcon_core.shell:Creating package script '/home/fyp/FYP/aerogripper_ws/install/aerogripper_simulator/share/aerogripper_simulator/package.bash'
[1.909s] INFO:colcon.colcon_core.shell:Creating package script '/home/fyp/FYP/aerogripper_ws/install/aerogripper_simulator/share/aerogripper_simulator/package.zsh'
[1.909s] Level 1:colcon.colcon_core.environment:create_file_with_runtime_dependencies(/home/fyp/FYP/aerogripper_ws/install/aerogripper_simulator/share/colcon-core/packages/aerogripper_simulator)
[1.910s] Level 1:colcon.colcon_core.environment:create_environment_scripts_only(aerogripper_msgs)
[1.910s] Level 1:colcon.colcon_core.environment:checking '/home/fyp/FYP/aerogripper_ws/install/aerogripper_msgs' for CMake module files
[1.911s] DEBUG:colcon.colcon_core.event_handler.log_command:Invoked command in '/home/fyp/FYP/aerogripper_ws/build/aerogripper_msgs' returned '0': CMAKE_PREFIX_PATH=${CMAKE_PREFIX_PATH}:/opt/ros/humble /usr/bin/cmake --install /home/fyp/FYP/aerogripper_ws/build/aerogripper_msgs
[1.912s] Level 1:colcon.colcon_core.environment:checking '/home/fyp/FYP/aerogripper_ws/install/aerogripper_msgs' for CMake config files
[1.919s] Level 1:colcon.colcon_core.shell:create_environment_hook('aerogripper_msgs', 'cmake_prefix_path')
[1.919s] INFO:colcon.colcon_core.shell:Creating environment hook '/home/fyp/FYP/aerogripper_ws/install/aerogripper_msgs/share/aerogripper_msgs/hook/cmake_prefix_path.ps1'
[1.920s] INFO:colcon.colcon_core.shell:Creating environment descriptor '/home/fyp/FYP/aerogripper_ws/install/aerogripper_msgs/share/aerogripper_msgs/hook/cmake_prefix_path.dsv'
[1.920s] INFO:colcon.colcon_core.shell:Creating environment hook '/home/fyp/FYP/aerogripper_ws/install/aerogripper_msgs/share/aerogripper_msgs/hook/cmake_prefix_path.sh'
[1.920s] Level 1:colcon.colcon_core.environment:checking '/home/fyp/FYP/aerogripper_ws/install/aerogripper_msgs/lib'
[1.920s] Level 1:colcon.colcon_core.shell:create_environment_hook('aerogripper_msgs', 'ld_library_path_lib')
[1.920s] INFO:colcon.colcon_core.shell:Creating environment hook '/home/fyp/FYP/aerogripper_ws/install/aerogripper_msgs/share/aerogripper_msgs/hook/ld_library_path_lib.ps1'
[1.921s] INFO:colcon.colcon_core.shell:Creating environment descriptor '/home/fyp/FYP/aerogripper_ws/install/aerogripper_msgs/share/aerogripper_msgs/hook/ld_library_path_lib.dsv'
[1.921s] INFO:colcon.colcon_core.shell:Creating environment hook '/home/fyp/FYP/aerogripper_ws/install/aerogripper_msgs/share/aerogripper_msgs/hook/ld_library_path_lib.sh'
[1.921s] Level 1:colcon.colcon_core.environment:checking '/home/fyp/FYP/aerogripper_ws/install/aerogripper_msgs/bin'
[1.921s] Level 1:colcon.colcon_core.environment:checking '/home/fyp/FYP/aerogripper_ws/install/aerogripper_msgs/lib/pkgconfig/aerogripper_msgs.pc'
[1.921s] Level 1:colcon.colcon_core.environment:checking '/home/fyp/FYP/aerogripper_ws/install/aerogripper_msgs/lib/python3.10/site-packages'
[1.922s] Level 1:colcon.colcon_core.environment:checking '/home/fyp/FYP/aerogripper_ws/install/aerogripper_msgs/bin'
[1.922s] INFO:colcon.colcon_core.shell:Creating package script '/home/fyp/FYP/aerogripper_ws/install/aerogripper_msgs/share/aerogripper_msgs/package.ps1'
[1.922s] INFO:colcon.colcon_core.shell:Creating package descriptor '/home/fyp/FYP/aerogripper_ws/install/aerogripper_msgs/share/aerogripper_msgs/package.dsv'
[1.922s] INFO:colcon.colcon_core.shell:Creating package script '/home/fyp/FYP/aerogripper_ws/install/aerogripper_msgs/share/aerogripper_msgs/package.sh'
[1.923s] INFO:colcon.colcon_core.shell:Creating package script '/home/fyp/FYP/aerogripper_ws/install/aerogripper_msgs/share/aerogripper_msgs/package.bash'
[1.923s] INFO:colcon.colcon_core.shell:Creating package script '/home/fyp/FYP/aerogripper_ws/install/aerogripper_msgs/share/aerogripper_msgs/package.zsh'
[1.923s] Level 1:colcon.colcon_core.environment:create_file_with_runtime_dependencies(/home/fyp/FYP/aerogripper_ws/install/aerogripper_msgs/share/colcon-core/packages/aerogripper_msgs)
[1.924s] Level 1:colcon.colcon_core.environment:create_environment_scripts_only(aerogripper_msgs)
[1.924s] Level 1:colcon.colcon_core.environment:checking '/home/fyp/FYP/aerogripper_ws/install/aerogripper_msgs' for CMake module files
[1.924s] Level 1:colcon.colcon_core.environment:checking '/home/fyp/FYP/aerogripper_ws/install/aerogripper_msgs' for CMake config files
[1.925s] Level 1:colcon.colcon_core.shell:create_environment_hook('aerogripper_msgs', 'cmake_prefix_path')
[1.925s] INFO:colcon.colcon_core.shell:Creating environment hook '/home/fyp/FYP/aerogripper_ws/install/aerogripper_msgs/share/aerogripper_msgs/hook/cmake_prefix_path.ps1'
[1.925s] INFO:colcon.colcon_core.shell:Creating environment descriptor '/home/fyp/FYP/aerogripper_ws/install/aerogripper_msgs/share/aerogripper_msgs/hook/cmake_prefix_path.dsv'
[1.925s] INFO:colcon.colcon_core.shell:Creating environment hook '/home/fyp/FYP/aerogripper_ws/install/aerogripper_msgs/share/aerogripper_msgs/hook/cmake_prefix_path.sh'
[1.926s] Level 1:colcon.colcon_core.environment:checking '/home/fyp/FYP/aerogripper_ws/install/aerogripper_msgs/lib'
[1.926s] Level 1:colcon.colcon_core.shell:create_environment_hook('aerogripper_msgs', 'ld_library_path_lib')
[1.926s] INFO:colcon.colcon_core.shell:Creating environment hook '/home/fyp/FYP/aerogripper_ws/install/aerogripper_msgs/share/aerogripper_msgs/hook/ld_library_path_lib.ps1'
[1.926s] INFO:colcon.colcon_core.shell:Creating environment descriptor '/home/fyp/FYP/aerogripper_ws/install/aerogripper_msgs/share/aerogripper_msgs/hook/ld_library_path_lib.dsv'
[1.926s] INFO:colcon.colcon_core.shell:Creating environment hook '/home/fyp/FYP/aerogripper_ws/install/aerogripper_msgs/share/aerogripper_msgs/hook/ld_library_path_lib.sh'
[1.926s] Level 1:colcon.colcon_core.environment:checking '/home/fyp/FYP/aerogripper_ws/install/aerogripper_msgs/bin'
[1.927s] Level 1:colcon.colcon_core.environment:checking '/home/fyp/FYP/aerogripper_ws/install/aerogripper_msgs/lib/pkgconfig/aerogripper_msgs.pc'
[1.927s] Level 1:colcon.colcon_core.environment:checking '/home/fyp/FYP/aerogripper_ws/install/aerogripper_msgs/lib/python3.10/site-packages'
[1.927s] Level 1:colcon.colcon_core.environment:checking '/home/fyp/FYP/aerogripper_ws/install/aerogripper_msgs/bin'
[1.927s] INFO:colcon.colcon_core.shell:Creating package script '/home/fyp/FYP/aerogripper_ws/install/aerogripper_msgs/share/aerogripper_msgs/package.ps1'
[1.928s] INFO:colcon.colcon_core.shell:Creating package descriptor '/home/fyp/FYP/aerogripper_ws/install/aerogripper_msgs/share/aerogripper_msgs/package.dsv'
[1.928s] INFO:colcon.colcon_core.shell:Creating package script '/home/fyp/FYP/aerogripper_ws/install/aerogripper_msgs/share/aerogripper_msgs/package.sh'
[1.928s] INFO:colcon.colcon_core.shell:Creating package script '/home/fyp/FYP/aerogripper_ws/install/aerogripper_msgs/share/aerogripper_msgs/package.bash'
[1.929s] INFO:colcon.colcon_core.shell:Creating package script '/home/fyp/FYP/aerogripper_ws/install/aerogripper_msgs/share/aerogripper_msgs/package.zsh'
[1.929s] Level 1:colcon.colcon_core.environment:create_file_with_runtime_dependencies(/home/fyp/FYP/aerogripper_ws/install/aerogripper_msgs/share/colcon-core/packages/aerogripper_msgs)
[1.929s] INFO:colcon.colcon_ros.task.ament_cmake.build:Building ROS package in '/home/fyp/FYP/aerogripper_ws/src/aerogripper_control' with build type 'ament_cmake'
[1.929s] INFO:colcon.colcon_cmake.task.cmake.build:Building CMake package in '/home/fyp/FYP/aerogripper_ws/src/aerogripper_control'
[1.929s] INFO:colcon.colcon_core.shell:Skip shell extension 'powershell' for command environment: Not usable outside of PowerShell
[1.929s] DEBUG:colcon.colcon_core.shell:Skip shell extension 'dsv' for command environment
[2.671s] DEBUG:colcon.colcon_core.event_handler.log_command:Invoking command in '/home/fyp/FYP/aerogripper_ws/build/aerogripper_control': CMAKE_PREFIX_PATH=/home/fyp/FYP/aerogripper_ws/install/aerogripper_msgs:/home/fyp/FYP/aerogripper_ws/install/aerogripper_simulator:/home/fyp/FYP/aerogripper_ws/install/aerogripper_control:/home/fyp/FYP/px4_ws/install/px4_ros_com:/home/fyp/FYP/px4_ws/install/px4_msgs:/opt/ros/humble /usr/bin/cmake --build /home/fyp/FYP/aerogripper_ws/build/aerogripper_control -- -j32 -l32
[7.650s] DEBUG:colcon.colcon_core.event_handler.log_command:Invoked command in '/home/fyp/FYP/aerogripper_ws/build/aerogripper_control' returned '2': CMAKE_PREFIX_PATH=/home/fyp/FYP/aerogripper_ws/install/aerogripper_msgs:/home/fyp/FYP/aerogripper_ws/install/aerogripper_simulator:/home/fyp/FYP/aerogripper_ws/install/aerogripper_control:/home/fyp/FYP/px4_ws/install/px4_ros_com:/home/fyp/FYP/px4_ws/install/px4_msgs:/opt/ros/humble /usr/bin/cmake --build /home/fyp/FYP/aerogripper_ws/build/aerogripper_control -- -j32 -l32
[7.652s] Level 1:colcon.colcon_core.environment:create_environment_scripts_only(aerogripper_control)
[7.652s] Level 1:colcon.colcon_core.environment:checking '/home/fyp/FYP/aerogripper_ws/install/aerogripper_control' for CMake module files
[7.654s] Level 1:colcon.colcon_core.environment:checking '/home/fyp/FYP/aerogripper_ws/install/aerogripper_control' for CMake config files
[7.656s] Level 1:colcon.colcon_core.shell:create_environment_hook('aerogripper_control', 'cmake_prefix_path')
[7.657s] INFO:colcon.colcon_core.shell:Creating environment hook '/home/fyp/FYP/aerogripper_ws/install/aerogripper_control/share/aerogripper_control/hook/cmake_prefix_path.ps1'
[7.657s] INFO:colcon.colcon_core.shell:Creating environment descriptor '/home/fyp/FYP/aerogripper_ws/install/aerogripper_control/share/aerogripper_control/hook/cmake_prefix_path.dsv'
[7.657s] INFO:colcon.colcon_core.shell:Creating environment hook '/home/fyp/FYP/aerogripper_ws/install/aerogripper_control/share/aerogripper_control/hook/cmake_prefix_path.sh'
[7.658s] Level 1:colcon.colcon_core.environment:checking '/home/fyp/FYP/aerogripper_ws/install/aerogripper_control/lib'
[7.658s] Level 1:colcon.colcon_core.environment:checking '/home/fyp/FYP/aerogripper_ws/install/aerogripper_control/bin'
[7.658s] Level 1:colcon.colcon_core.environment:checking '/home/fyp/FYP/aerogripper_ws/install/aerogripper_control/lib/pkgconfig/aerogripper_control.pc'
[7.659s] Level 1:colcon.colcon_core.environment:checking '/home/fyp/FYP/aerogripper_ws/install/aerogripper_control/lib/python3.10/site-packages'
[7.659s] Level 1:colcon.colcon_core.environment:checking '/home/fyp/FYP/aerogripper_ws/install/aerogripper_control/bin'
[7.659s] INFO:colcon.colcon_core.shell:Creating package script '/home/fyp/FYP/aerogripper_ws/install/aerogripper_control/share/aerogripper_control/package.ps1'
[7.660s] INFO:colcon.colcon_core.shell:Creating package descriptor '/home/fyp/FYP/aerogripper_ws/install/aerogripper_control/share/aerogripper_control/package.dsv'
[7.660s] INFO:colcon.colcon_core.shell:Creating package script '/home/fyp/FYP/aerogripper_ws/install/aerogripper_control/share/aerogripper_control/package.sh'
[7.660s] INFO:colcon.colcon_core.shell:Creating package script '/home/fyp/FYP/aerogripper_ws/install/aerogripper_control/share/aerogripper_control/package.bash'
[7.661s] INFO:colcon.colcon_core.shell:Creating package script '/home/fyp/FYP/aerogripper_ws/install/aerogripper_control/share/aerogripper_control/package.zsh'
[7.661s] Level 1:colcon.colcon_core.environment:create_file_with_runtime_dependencies(/home/fyp/FYP/aerogripper_ws/install/aerogripper_control/share/colcon-core/packages/aerogripper_control)
[7.671s] DEBUG:colcon.colcon_parallel_executor.executor.parallel:closing loop
[7.672s] DEBUG:colcon.colcon_parallel_executor.executor.parallel:loop closed
[7.672s] DEBUG:colcon.colcon_parallel_executor.executor.parallel:run_until_complete finished with '2'
[7.672s] DEBUG:colcon.colcon_core.event_reactor:joining thread
[7.948s] INFO:colcon.colcon_core.plugin_system:Skipping extension 'colcon_notification.desktop_notification.notify_send': Could not find 'notify-send'
[7.948s] INFO:colcon.colcon_core.plugin_system:Skipping extension 'colcon_notification.desktop_notification.terminal_notifier': Not used on non-Darwin systems
[7.948s] INFO:colcon.colcon_core.plugin_system:Skipping extension 'colcon_notification.desktop_notification.win32': Not used on non-Windows systems
[7.948s] INFO:colcon.colcon_notification.desktop_notification:Sending desktop notification using 'notify2'
[7.949s] DEBUG:colcon.colcon_notification.desktop_notification.notify2:Failed to initialize notify2: org.freedesktop.DBus.Error.FileNotFound: Failed to connect to socket /run/user/1000/bus: No such file or directory
[7.949s] DEBUG:colcon.colcon_core.event_reactor:joined thread
[7.950s] INFO:colcon.colcon_core.shell:Creating prefix script '/home/fyp/FYP/aerogripper_ws/install/local_setup.ps1'
[7.962s] INFO:colcon.colcon_core.shell:Creating prefix util module '/home/fyp/FYP/aerogripper_ws/install/_local_setup_util_ps1.py'
[7.965s] INFO:colcon.colcon_core.shell:Creating prefix chain script '/home/fyp/FYP/aerogripper_ws/install/setup.ps1'
[7.967s] INFO:colcon.colcon_core.shell:Creating prefix script '/home/fyp/FYP/aerogripper_ws/install/local_setup.sh'
[7.969s] INFO:colcon.colcon_core.shell:Creating prefix util module '/home/fyp/FYP/aerogripper_ws/install/_local_setup_util_sh.py'
[7.969s] INFO:colcon.colcon_core.shell:Creating prefix chain script '/home/fyp/FYP/aerogripper_ws/install/setup.sh'
[7.972s] INFO:colcon.colcon_core.shell:Creating prefix script '/home/fyp/FYP/aerogripper_ws/install/local_setup.bash'
[7.974s] INFO:colcon.colcon_core.shell:Creating prefix chain script '/home/fyp/FYP/aerogripper_ws/install/setup.bash'
[7.977s] INFO:colcon.colcon_core.shell:Creating prefix script '/home/fyp/FYP/aerogripper_ws/install/local_setup.zsh'
[7.978s] INFO:colcon.colcon_core.shell:Creating prefix chain script '/home/fyp/FYP/aerogripper_ws/install/setup.zsh'
